../../Drivers/STM32WBxx_HAL_Driver/Inc/stm32wbxx_ll_system.h:2223:26:LL_FLASH_GetUDN	4	static
../../Drivers/STM32WBxx_HAL_Driver/Inc/stm32wbxx_ll_system.h:2235:26:LL_FLASH_GetDeviceID	4	static
../../Drivers/STM32WBxx_HAL_Driver/Inc/stm32wbxx_ll_system.h:2247:26:LL_FLASH_GetSTCompanyID	4	static
C:/repo/BLE_FIRMWARE_150/BLE_p2pServer/STM32_WPAN/App/app_ble.c:375:6:APP_BLE_Init	224	static
C:/repo/BLE_FIRMWARE_150/BLE_p2pServer/STM32_WPAN/App/app_ble.c:573:28:SVCCTL_App_Notification	120	static
C:/repo/BLE_FIRMWARE_150/BLE_p2pServer/STM32_WPAN/App/app_ble.c:918:22:APP_BLE_Get_Server_Connection_Status	4	static
C:/repo/BLE_FIRMWARE_150/BLE_p2pServer/STM32_WPAN/App/app_ble.c:924:6:APP_BLE_Key_Button1_Action	8	static
C:/repo/BLE_FIRMWARE_150/BLE_p2pServer/STM32_WPAN/App/app_ble.c:929:6:APP_BLE_Key_Button2_Action	8	static
C:/repo/BLE_FIRMWARE_150/BLE_p2pServer/STM32_WPAN/App/app_ble.c:947:13:Ble_Tl_Init	16	static
C:/repo/BLE_FIRMWARE_150/BLE_p2pServer/STM32_WPAN/App/app_ble.c:958:13:Ble_Hci_Gap_Gatt_Init	64	static
C:/repo/BLE_FIRMWARE_150/BLE_p2pServer/STM32_WPAN/App/app_ble.c:1230:13:Adv_Request	56	static
C:/repo/BLE_FIRMWARE_150/BLE_p2pServer/STM32_WPAN/App/app_ble.c:1320:16:BleGetBdAddress	32	static
C:/repo/BLE_FIRMWARE_150/BLE_p2pServer/STM32_WPAN/App/app_ble.c:1377:13:Adv_Cancel	16	static
C:/repo/BLE_FIRMWARE_150/BLE_p2pServer/STM32_WPAN/App/app_ble.c:1408:13:Adv_Cancel_Req	8	static
C:/repo/BLE_FIRMWARE_150/BLE_p2pServer/STM32_WPAN/App/app_ble.c:1423:13:Switch_OFF_GPIO	4	static
C:/repo/BLE_FIRMWARE_150/BLE_p2pServer/STM32_WPAN/App/app_ble.c:1431:6:BLE_SVC_L2CAP_Conn_Update	48	static
C:/repo/BLE_FIRMWARE_150/BLE_p2pServer/STM32_WPAN/App/app_ble.c:1475:13:Connection_Interval_Update_Req	8	static
C:/repo/BLE_FIRMWARE_150/BLE_p2pServer/STM32_WPAN/App/app_ble.c:1494:6:hci_notify_asynch_evt	16	static
C:/repo/BLE_FIRMWARE_150/BLE_p2pServer/STM32_WPAN/App/app_ble.c:1501:6:hci_cmd_resp_release	16	static
C:/repo/BLE_FIRMWARE_150/BLE_p2pServer/STM32_WPAN/App/app_ble.c:1508:6:hci_cmd_resp_wait	16	static
C:/repo/BLE_FIRMWARE_150/BLE_p2pServer/STM32_WPAN/App/app_ble.c:1515:13:BLE_UserEvtRx	24	static
C:/repo/BLE_FIRMWARE_150/BLE_p2pServer/STM32_WPAN/App/app_ble.c:1535:13:BLE_StatusNot	24	static
C:/repo/BLE_FIRMWARE_150/BLE_p2pServer/STM32_WPAN/App/app_ble.c:1574:6:SVCCTL_ResumeUserEventFlow	8	static
