2025-12-22 12:38:29,177 [INFO] Activator:176 - 


2025-12-22 12:38:29,238 [INFO] Activator:177 - !SESSION log4j initialized
2025-12-22 12:38:33,408 [INFO] LogOutputStream:77 - [STDOUT_REDIRECT] 
2025-12-22 12:38:36,547 [INFO] ApplicationProperties:184 - Using Application install path: C:\ST\STM32CubeIDE_1.19.0\STM32CubeIDE\plugins\com.st.stm32cube.common.mx_6.15.0.202507011659
2025-12-22 12:38:36,577 [INFO] DbMcusXml:78 - Set database path to: C:\ST\STM32CubeIDE_1.19.0\STM32CubeIDE\plugins\com.st.stm32cube.common.mx_6.15.0.202507011659\\db\/mcu/
2025-12-22 12:38:36,577 [INFO] ApiDb:274 - Set plugin database path to: C:\ST\STM32CubeIDE_1.19.0\STM32CubeIDE\plugins\com.st.stm32cube.common.mx_6.15.0.202507011659\\db\/plugins/boardmanager/
2025-12-22 12:38:36,577 [WARN] ApiDb:259 - Overriding images path with different value:  => C:\ST\STM32CubeIDE_1.19.0\STM32CubeIDE\plugins\com.st.stm32cube.common.mx_6.15.0.202507011659\\db\/plugins/mcufinder/images/
2025-12-22 12:38:36,590 [INFO] ApiDb:250 - Set database path to: C:\Users\kleyton\.stmcufinder\plugins\mcufinder//mcu/
2025-12-22 12:38:36,590 [INFO] DbMcusAds:125 - Set database path to: C:\Users\kleyton\.stmcufinder\plugins\mcufinder//mcu/
2025-12-22 12:38:36,590 [INFO] CrossReferenceDbSqlite:203 - Set database path to: C:\Users\kleyton\.stmcufinder\plugins\mcufinder//mcu/cs/
2025-12-22 12:38:36,744 [INFO] RulesReader:64 - Compatibility file has been processed (317 Rules)
2025-12-22 12:38:36,871 [INFO] DbMcusXml:78 - Set database path to: C:\ST\STM32CubeIDE_1.19.0\STM32CubeIDE\plugins\com.st.stm32cube.common.mx_6.15.0.202507011659\\db\/mcu/
2025-12-22 12:38:36,871 [INFO] ApiDb:274 - Set plugin database path to: C:\ST\STM32CubeIDE_1.19.0\STM32CubeIDE\plugins\com.st.stm32cube.common.mx_6.15.0.202507011659\\db\/plugins/boardmanager/
2025-12-22 12:38:36,871 [INFO] ApiDb:261 - Set plugin images path to: C:\ST\STM32CubeIDE_1.19.0\STM32CubeIDE\plugins\com.st.stm32cube.common.mx_6.15.0.202507011659\\db\/plugins/mcufinder/images/
2025-12-22 12:38:36,871 [WARN] DbFile:41 - Overriding database path with different value: C:\Users\kleyton\.stmcufinder\plugins\mcufinder/ => C:\Users\kleyton\.stmcufinder\plugins\mcufinder
2025-12-22 12:38:36,871 [INFO] ApiDb:250 - Set database path to: C:\Users\kleyton\.stmcufinder\plugins\mcufinder//mcu/
2025-12-22 12:38:36,871 [WARN] DbFile:41 - Overriding database path with different value: C:\Users\kleyton\.stmcufinder\plugins\mcufinder/ => C:\Users\kleyton\.stmcufinder\plugins\mcufinder
2025-12-22 12:38:36,871 [INFO] DbMcusAds:125 - Set database path to: C:\Users\kleyton\.stmcufinder\plugins\mcufinder//mcu/
2025-12-22 12:38:36,871 [WARN] DbFile:41 - Overriding database path with different value: C:\Users\kleyton\.stmcufinder\plugins\mcufinder/ => C:\Users\kleyton\.stmcufinder\plugins\mcufinder
2025-12-22 12:38:36,871 [WARN] DbFile:41 - Overriding database path with different value: C:\Users\kleyton\.stmcufinder\plugins\mcufinder/ => C:\Users\kleyton\.stmcufinder\plugins\mcufinder
2025-12-22 12:38:36,871 [INFO] CrossReferenceDbSqlite:203 - Set database path to: C:\Users\kleyton\.stmcufinder\plugins\mcufinder//mcu/cs/
2025-12-22 12:38:36,985 [INFO] MainPanel:274 - HeapMemory: 268435456
2025-12-22 12:38:37,111 [INFO] DbMcusXml:78 - Set database path to: C:\ST\STM32CubeIDE_1.19.0\STM32CubeIDE\plugins\com.st.stm32cube.common.mx_6.15.0.202507011659\\db\/mcu/
2025-12-22 12:38:37,117 [INFO] ApiDb:274 - Set plugin database path to: C:\ST\STM32CubeIDE_1.19.0\STM32CubeIDE\plugins\com.st.stm32cube.common.mx_6.15.0.202507011659\\db\/plugins/boardmanager/
2025-12-22 12:38:37,117 [INFO] ApiDb:261 - Set plugin images path to: C:\ST\STM32CubeIDE_1.19.0\STM32CubeIDE\plugins\com.st.stm32cube.common.mx_6.15.0.202507011659\\db\/plugins/mcufinder/images/
2025-12-22 12:38:37,117 [WARN] DbFile:41 - Overriding database path with different value: C:\Users\kleyton\.stmcufinder\plugins\mcufinder/ => C:\Users\kleyton\.stmcufinder\plugins\mcufinder
2025-12-22 12:38:37,117 [INFO] ApiDb:250 - Set database path to: C:\Users\kleyton\.stmcufinder\plugins\mcufinder//mcu/
2025-12-22 12:38:37,117 [WARN] DbFile:41 - Overriding database path with different value: C:\Users\kleyton\.stmcufinder\plugins\mcufinder/ => C:\Users\kleyton\.stmcufinder\plugins\mcufinder
2025-12-22 12:38:37,117 [INFO] DbMcusAds:125 - Set database path to: C:\Users\kleyton\.stmcufinder\plugins\mcufinder//mcu/
2025-12-22 12:38:37,117 [WARN] DbFile:41 - Overriding database path with different value: C:\Users\kleyton\.stmcufinder\plugins\mcufinder/ => C:\Users\kleyton\.stmcufinder\plugins\mcufinder
2025-12-22 12:38:37,117 [WARN] DbFile:41 - Overriding database path with different value: C:\Users\kleyton\.stmcufinder\plugins\mcufinder/ => C:\Users\kleyton\.stmcufinder\plugins\mcufinder
2025-12-22 12:38:37,117 [INFO] CrossReferenceDbSqlite:203 - Set database path to: C:\Users\kleyton\.stmcufinder\plugins\mcufinder//mcu/cs/
2025-12-22 12:38:37,140 [INFO] ApplicationProperties:184 - Using Application install path: C:\ST\STM32CubeIDE_1.19.0\STM32CubeIDE\plugins\com.st.stm32cube.common.mx_6.15.0.202507011659
2025-12-22 12:38:37,140 [INFO] PluginManage:196 - Search for loadable plugins [exclusion list=, ]
2025-12-22 12:38:37,140 [INFO] PluginManage:310 - Check plugin analytics
2025-12-22 12:38:37,409 [INFO] AnalyticsPlugin:253 - Accepted Software Licenses: STM32CubeMX.6.15.0,STM32CubeMX.6.16.0
2025-12-22 12:38:37,409 [INFO] AnalyticsPlugin:255 - Accepted CMSIS Pack Licenses: 
2025-12-22 12:38:37,409 [INFO] AnalyticsPlugin:257 - Accepted Firmware Licenses: FW.G0.1.6.0,FW.WB.1.24.0,FW.WB.1.23.0
2025-12-22 12:38:37,424 [INFO] PluginManage:359 - Loaded plugin analytics (category:tool,tabindex:-1)
2025-12-22 12:38:37,424 [INFO] PluginManage:310 - Check plugin cadmodel
2025-12-22 12:38:37,440 [INFO] CADModel:105 - Init CAD model plugin
2025-12-22 12:38:37,440 [INFO] PluginManage:359 - Loaded plugin cadmodel (category:power,tabindex:5)
2025-12-22 12:38:37,440 [INFO] PluginManage:310 - Check plugin clock
2025-12-22 12:38:37,450 [INFO] PluginManage:359 - Loaded plugin clock (category:base,tabindex:2)
2025-12-22 12:38:37,450 [INFO] PluginManage:310 - Check plugin ddr
2025-12-22 12:38:37,456 [INFO] PluginManage:359 - Loaded plugin ddr (category:tool,tabindex:6)
2025-12-22 12:38:37,456 [INFO] PluginManage:310 - Check plugin filemanager
2025-12-22 12:38:37,981 [INFO] PluginManage:359 - Loaded plugin filemanager (category:base,tabindex:10)
2025-12-22 12:38:37,981 [INFO] PluginManage:310 - Check plugin ipmanager
2025-12-22 12:38:37,987 [INFO] PluginManage:359 - Loaded plugin ipmanager (category:base,tabindex:5)
2025-12-22 12:38:37,987 [INFO] PluginManage:310 - Check plugin lpbam
2025-12-22 12:38:37,997 [INFO] PluginManage:359 - Loaded plugin lpbam (category:base,tabindex:0)
2025-12-22 12:38:37,997 [INFO] PluginManage:310 - Check plugin memorymap
2025-12-22 12:38:38,013 [INFO] PluginManage:359 - Loaded plugin memorymap (category:base,tabindex:4)
2025-12-22 12:38:38,013 [INFO] PluginManage:310 - Check plugin pinoutandconfiguration
2025-12-22 12:38:38,013 [INFO] PluginManage:359 - Loaded plugin pinoutandconfiguration (category:base,tabindex:1)
2025-12-22 12:38:38,013 [INFO] PluginManage:310 - Check plugin pinoutconfig
2025-12-22 12:38:38,140 [WARN] SupportedApi:132 - Cannot load RTOS API schema: s4s-elt-must-match.1: The content of 'definitions' must match (annotation?, (simpleType | complexType)?, (unique | key | keyref)*)). A problem was found starting at: attribute.
2025-12-22 12:38:38,307 [INFO] PluginManage:359 - Loaded plugin pinoutconfig (category:base,tabindex:0)
2025-12-22 12:38:38,307 [INFO] PluginManage:310 - Check plugin power
2025-12-22 12:38:38,313 [INFO] PluginManage:359 - Loaded plugin power (category:power,tabindex:4)
2025-12-22 12:38:38,313 [INFO] PluginManage:310 - Check plugin projectmanager
2025-12-22 12:38:38,341 [INFO] PluginManage:359 - Loaded plugin projectmanager (category:projectmanager,tabindex:4)
2025-12-22 12:38:38,341 [INFO] PluginManage:310 - Check plugin rif
2025-12-22 12:38:38,344 [INFO] PluginManage:359 - Loaded plugin rif (category:base,tabindex:3)
2025-12-22 12:38:38,344 [INFO] PluginManage:310 - Check plugin thirdparty
2025-12-22 12:38:38,534 [WARN] IntegrityCheckThread:84 - waiting for thirdparty lock release [integrity check]
2025-12-22 12:38:38,534 [INFO] IntegrityCheckThread:86 - entering critical section [integrity check]
2025-12-22 12:38:38,534 [INFO] ThirdPartyUpdaterWithRetryManager:70 - Updater plugin not ready yet. [1/15]
2025-12-22 12:38:38,534 [INFO] PluginManage:359 - Loaded plugin thirdparty (category:base,tabindex:-1)
2025-12-22 12:38:38,550 [INFO] PluginManage:310 - Check plugin tools
2025-12-22 12:38:38,550 [INFO] PluginManage:359 - Loaded plugin tools (category:base,tabindex:7)
2025-12-22 12:38:38,550 [INFO] PluginManage:310 - Check plugin tutovideos
2025-12-22 12:38:38,834 [INFO] PluginManage:359 - Loaded plugin tutovideos (category:base,tabindex:-1)
2025-12-22 12:38:38,834 [INFO] PluginManage:310 - Check plugin updater
2025-12-22 12:38:38,882 [INFO] PluginManage:359 - Loaded plugin updater (category:base,tabindex:12)
2025-12-22 12:38:38,882 [INFO] PluginManage:310 - Check plugin userauth
2025-12-22 12:38:38,890 [INFO] UserAuth:118 - Init User Auth plugin
2025-12-22 12:38:38,890 [INFO] PluginManage:359 - Loaded plugin userauth (category:base,tabindex:14)
2025-12-22 12:38:38,890 [INFO] PluginManage:283 - PluginManage : Loaded plugins [18]
2025-12-22 12:38:39,129 [INFO] PinOutPanel:1589 - setPackage(No Configuration,No Configuration)
2025-12-22 12:38:39,224 [INFO] CADModel:165 - CPN selected for project level
2025-12-22 12:38:39,224 [INFO] CADModel:114 - Register for checkConnection events
2025-12-22 12:38:39,259 [INFO] IPUIPlugin:80 - create IPUIPlugin
2025-12-22 12:38:39,259 [INFO] PluginManager:220 - loadIPPluginJar : add adc
2025-12-22 12:38:39,263 [INFO] IPUIPlugin:80 - create IPUIPlugin
2025-12-22 12:38:39,263 [INFO] PluginManager:220 - loadIPPluginJar : add aes
2025-12-22 12:38:39,267 [INFO] IPUIPlugin:80 - create IPUIPlugin
2025-12-22 12:38:39,267 [INFO] PluginManager:220 - loadIPPluginJar : add can
2025-12-22 12:38:39,267 [INFO] IPUIPlugin:80 - create IPUIPlugin
2025-12-22 12:38:39,267 [INFO] PluginManager:220 - loadIPPluginJar : add comp
2025-12-22 12:38:39,272 [INFO] IPUIPlugin:80 - create IPUIPlugin
2025-12-22 12:38:39,272 [INFO] PluginManager:220 - loadIPPluginJar : add cryp
2025-12-22 12:38:39,275 [INFO] IPUIPlugin:80 - create IPUIPlugin
2025-12-22 12:38:39,275 [INFO] PluginManager:220 - loadIPPluginJar : add ddr_ctrl_phy
2025-12-22 12:38:39,275 [INFO] IPUIPlugin:80 - create IPUIPlugin
2025-12-22 12:38:39,275 [INFO] PluginManager:220 - loadIPPluginJar : add dfsdm
2025-12-22 12:38:39,288 [INFO] IPUIPlugin:80 - create IPUIPlugin
2025-12-22 12:38:39,288 [INFO] PluginManager:220 - loadIPPluginJar : add dma
2025-12-22 12:38:39,294 [INFO] IPUIPlugin:80 - create IPUIPlugin
2025-12-22 12:38:39,294 [INFO] PluginManager:220 - loadIPPluginJar : add dma3
2025-12-22 12:38:39,295 [INFO] IPUIPlugin:80 - create IPUIPlugin
2025-12-22 12:38:39,295 [INFO] PluginManager:220 - loadIPPluginJar : add extmemmanager
2025-12-22 12:38:39,295 [INFO] IPUIPlugin:80 - create IPUIPlugin
2025-12-22 12:38:39,295 [INFO] PluginManager:220 - loadIPPluginJar : add fatfs
2025-12-22 12:38:39,303 [INFO] IPUIPlugin:80 - create IPUIPlugin
2025-12-22 12:38:39,303 [INFO] PluginManager:220 - loadIPPluginJar : add fmc
2025-12-22 12:38:39,312 [INFO] IPUIPlugin:80 - create IPUIPlugin
2025-12-22 12:38:39,312 [INFO] PluginManager:220 - loadIPPluginJar : add freertos
2025-12-22 12:38:39,314 [INFO] IPUIPlugin:80 - create IPUIPlugin
2025-12-22 12:38:39,314 [INFO] PluginManager:220 - loadIPPluginJar : add genericplugin
2025-12-22 12:38:39,316 [INFO] IPUIPlugin:80 - create IPUIPlugin
2025-12-22 12:38:39,316 [INFO] PluginManager:220 - loadIPPluginJar : add gfxmmu
2025-12-22 12:38:39,320 [INFO] IPUIPlugin:80 - create IPUIPlugin
2025-12-22 12:38:39,320 [INFO] PluginManager:220 - loadIPPluginJar : add gic
2025-12-22 12:38:39,328 [INFO] IPUIPlugin:80 - create IPUIPlugin
2025-12-22 12:38:39,328 [INFO] PluginManager:220 - loadIPPluginJar : add gpio
2025-12-22 12:38:39,328 [INFO] IPUIPlugin:80 - create IPUIPlugin
2025-12-22 12:38:39,328 [INFO] PluginManager:220 - loadIPPluginJar : add gtzc
2025-12-22 12:38:39,328 [INFO] IPUIPlugin:80 - create IPUIPlugin
2025-12-22 12:38:39,328 [INFO] PluginManager:220 - loadIPPluginJar : add hash
2025-12-22 12:38:39,339 [INFO] IPUIPlugin:80 - create IPUIPlugin
2025-12-22 12:38:39,339 [INFO] PluginManager:220 - loadIPPluginJar : add i2c
2025-12-22 12:38:39,341 [INFO] IPUIPlugin:80 - create IPUIPlugin
2025-12-22 12:38:39,341 [INFO] PluginManager:220 - loadIPPluginJar : add i2s
2025-12-22 12:38:39,344 [INFO] IPUIPlugin:80 - create IPUIPlugin
2025-12-22 12:38:39,346 [INFO] PluginManager:220 - loadIPPluginJar : add i3c
2025-12-22 12:38:39,348 [INFO] IPUIPlugin:80 - create IPUIPlugin
2025-12-22 12:38:39,348 [INFO] PluginManager:220 - loadIPPluginJar : add ipddr
2025-12-22 12:38:39,355 [INFO] IPUIPlugin:80 - create IPUIPlugin
2025-12-22 12:38:39,355 [INFO] PluginManager:220 - loadIPPluginJar : add linkedlist
2025-12-22 12:38:39,359 [INFO] IPUIPlugin:80 - create IPUIPlugin
2025-12-22 12:38:39,359 [INFO] PluginManager:220 - loadIPPluginJar : add lorawan
2025-12-22 12:38:39,359 [INFO] IPUIPlugin:80 - create IPUIPlugin
2025-12-22 12:38:39,359 [INFO] PluginManager:220 - loadIPPluginJar : add ltdc
2025-12-22 12:38:39,359 [INFO] IPUIPlugin:80 - create IPUIPlugin
2025-12-22 12:38:39,359 [INFO] PluginManager:220 - loadIPPluginJar : add mdma
2025-12-22 12:38:39,372 [INFO] IPUIPlugin:80 - create IPUIPlugin
2025-12-22 12:38:39,372 [INFO] PluginManager:220 - loadIPPluginJar : add nvic
2025-12-22 12:38:39,375 [INFO] IPUIPlugin:80 - create IPUIPlugin
2025-12-22 12:38:39,375 [INFO] PluginManager:220 - loadIPPluginJar : add opamp
2025-12-22 12:38:39,375 [INFO] IPUIPlugin:80 - create IPUIPlugin
2025-12-22 12:38:39,375 [INFO] PluginManager:220 - loadIPPluginJar : add openamp
2025-12-22 12:38:39,375 [INFO] IPUIPlugin:80 - create IPUIPlugin
2025-12-22 12:38:39,375 [INFO] PluginManager:220 - loadIPPluginJar : add pdm2pcm
2025-12-22 12:38:39,388 [INFO] IPUIPlugin:80 - create IPUIPlugin
2025-12-22 12:38:39,392 [INFO] PluginManager:220 - loadIPPluginJar : add plateformsettings
2025-12-22 12:38:39,392 [INFO] IPUIPlugin:80 - create IPUIPlugin
2025-12-22 12:38:39,392 [INFO] PluginManager:220 - loadIPPluginJar : add quadspi
2025-12-22 12:38:39,392 [INFO] IPUIPlugin:80 - create IPUIPlugin
2025-12-22 12:38:39,392 [INFO] PluginManager:220 - loadIPPluginJar : add radio
2025-12-22 12:38:39,392 [INFO] IPUIPlugin:80 - create IPUIPlugin
2025-12-22 12:38:39,392 [INFO] PluginManager:220 - loadIPPluginJar : add resmgrutility
2025-12-22 12:38:39,392 [INFO] IPUIPlugin:80 - create IPUIPlugin
2025-12-22 12:38:39,392 [INFO] PluginManager:220 - loadIPPluginJar : add sai
2025-12-22 12:38:39,407 [INFO] IPUIPlugin:80 - create IPUIPlugin
2025-12-22 12:38:39,407 [INFO] PluginManager:220 - loadIPPluginJar : add spi
2025-12-22 12:38:39,414 [INFO] IPUIPlugin:80 - create IPUIPlugin
2025-12-22 12:38:39,414 [INFO] PluginManager:220 - loadIPPluginJar : add stm32_wpan
2025-12-22 12:38:39,414 [INFO] IPUIPlugin:80 - create IPUIPlugin
2025-12-22 12:38:39,414 [INFO] PluginManager:220 - loadIPPluginJar : add tim
2025-12-22 12:38:39,423 [INFO] IPUIPlugin:80 - create IPUIPlugin
2025-12-22 12:38:39,423 [INFO] PluginManager:220 - loadIPPluginJar : add touchsensing
2025-12-22 12:38:39,423 [INFO] IPUIPlugin:80 - create IPUIPlugin
2025-12-22 12:38:39,430 [INFO] PluginManager:220 - loadIPPluginJar : add tracer_emb
2025-12-22 12:38:39,430 [INFO] IPUIPlugin:80 - create IPUIPlugin
2025-12-22 12:38:39,430 [INFO] PluginManager:220 - loadIPPluginJar : add ts
2025-12-22 12:38:39,430 [INFO] IPUIPlugin:80 - create IPUIPlugin
2025-12-22 12:38:39,430 [INFO] PluginManager:220 - loadIPPluginJar : add tsc
2025-12-22 12:38:39,430 [INFO] IPUIPlugin:80 - create IPUIPlugin
2025-12-22 12:38:39,430 [INFO] PluginManager:220 - loadIPPluginJar : add ucpd
2025-12-22 12:38:39,439 [INFO] IPUIPlugin:80 - create IPUIPlugin
2025-12-22 12:38:39,439 [INFO] PluginManager:220 - loadIPPluginJar : add usart
2025-12-22 12:38:39,445 [INFO] IPUIPlugin:80 - create IPUIPlugin
2025-12-22 12:38:39,445 [INFO] PluginManager:220 - loadIPPluginJar : add usbx
2025-12-22 12:38:39,599 [FATAL] Updater:351 - Updater called before beeing initialized
2025-12-22 12:38:39,631 [INFO] RulesReader:64 - Compatibility file has been processed (317 Rules)
2025-12-22 12:38:39,647 [INFO] RulesReader:64 - Compatibility file has been processed (317 Rules)
2025-12-22 12:38:39,663 [INFO] CADModel:165 - CPN selected for project level
2025-12-22 12:38:39,663 [INFO] CADModel:114 - Register for checkConnection events
2025-12-22 12:38:39,663 [FATAL] Updater:351 - Updater called before beeing initialized
2025-12-22 12:38:39,663 [ERROR] CADModel:125 - Updater not yet initialized, retry later 
2025-12-22 12:38:39,896 [FATAL] Updater:351 - Updater called before beeing initialized
2025-12-22 12:38:39,896 [INFO] CADModel:165 - CPN selected for project level
2025-12-22 12:38:39,896 [INFO] CADModel:114 - Register for checkConnection events
2025-12-22 12:38:39,896 [FATAL] Updater:351 - Updater called before beeing initialized
2025-12-22 12:38:39,896 [ERROR] CADModel:125 - Updater not yet initialized, retry later 
2025-12-22 12:38:39,896 [FATAL] Updater:351 - Updater called before beeing initialized
2025-12-22 12:38:40,068 [FATAL] Updater:351 - Updater called before beeing initialized
2025-12-22 12:38:40,068 [INFO] DbMcusAds:53 - JSON generation date=Mon Dec 08 11:28:09 BRT 2025 (1765204089911)
2025-12-22 12:38:40,068 [FATAL] Updater:351 - Updater called before beeing initialized
2025-12-22 12:38:40,131 [WARN] DetailPanel:346 - Failed to get advertising image, set to default
2025-12-22 12:38:40,243 [FATAL] Updater:351 - Updater called before beeing initialized
2025-12-22 12:38:40,243 [FATAL] Updater:351 - Updater called before beeing initialized
2025-12-22 12:38:40,243 [FATAL] Updater:351 - Updater called before beeing initialized
2025-12-22 12:38:40,243 [WARN] DetailPanel:346 - Failed to get advertising image, set to default
2025-12-22 12:38:40,243 [FATAL] Updater:351 - Updater called before beeing initialized
2025-12-22 12:38:40,299 [ERROR] Updater:1198 - MainUpdater not yet initialized. External WinMGr cannot be set.
2025-12-22 12:38:40,299 [INFO] Updater:1134 - Updater Version found : 6.15.0
2025-12-22 12:38:40,324 [INFO] ApplicationProperties:184 - Using Application install path: C:\ST\STM32CubeIDE_1.19.0\STM32CubeIDE\plugins\com.st.stm32cube.common.mx_6.15.0.202507011659
2025-12-22 12:38:40,853 [INFO] MainUpdater:2872 - connection check result : 10
2025-12-22 12:38:40,853 [INFO] MainUpdater:3604 - Updater definition file requires update
2025-12-22 12:38:40,855 [INFO] MainUpdater:289 - Updater Check For Update Now.
2025-12-22 12:38:40,855 [INFO] MicroXplorer:498 - Change Database Version : DB.6.0.150
2025-12-22 12:38:40,860 [INFO] McuFinderGlobals:63 - Set McuFinder mode to 2 (CubeIDE integrated)
2025-12-22 12:38:40,860 [INFO] UserAuth:171 - activating auth plugin
2025-12-22 12:38:40,860 [INFO] UserAuth:487 - Internet connection configuration mode: 1
2025-12-22 12:38:40,883 [INFO] JxBrowserEngine:152 - Initiate JxBrowser Engine with user profile folder
2025-12-22 12:38:40,960 [INFO] ServerAccessManage:452 - Complete download http(s) 200
2025-12-22 12:38:40,960 [INFO] ServerAccessManage:509 - Download File updaters.zip
2025-12-22 12:38:41,093 [INFO] FileExtend:248 - Unzip File : updaters.zip
2025-12-22 12:38:41,093 [INFO] FileExtend:263 - Standard Zip Deflate
2025-12-22 12:38:41,556 [WARN] MainUpdater:1193 - Updater busy. Cannot search thirdparties
2025-12-22 12:38:41,556 [INFO] ThirdPartyUpdaterWithRetryManager:96 - Updater plugin is busy. [1/15]
2025-12-22 12:38:41,736 [INFO] ServerAccessManage:452 - Complete download http(s) 200
2025-12-22 12:38:41,736 [INFO] ServerAccessManage:509 - Download File PacksControlFlags.xml
2025-12-22 12:38:41,852 [INFO] ServerAccessManage:452 - Complete download http(s) 200
2025-12-22 12:38:41,852 [INFO] ServerAccessManage:509 - Download File cubemx.pidx
2025-12-22 12:38:42,009 [INFO] LoadServerUpdatesThread:375 - End of LoadServerUpdate Thread
2025-12-22 12:38:42,242 [INFO] CheckServerUpdateThread:120 - End of CheckServer Thread
2025-12-22 12:38:42,777 [INFO] WebApp:169 - Instantiating new browser for Auth
2025-12-22 12:38:43,654 [INFO] WebApp:463 - Apply proxy settings
2025-12-22 12:38:43,654 [INFO] WebApp:548 - Chromium requires no authentication
2025-12-22 12:38:43,683 [INFO] WebApp:491 - Direct internet connection detected
2025-12-22 12:38:43,723 [INFO] WebApp:900 - Register for checkConnection events
2025-12-22 12:38:43,723 [INFO] WebApp:463 - Apply proxy settings
2025-12-22 12:38:43,723 [INFO] WebApp:548 - Chromium requires no authentication
2025-12-22 12:38:43,723 [INFO] WebApp:491 - Direct internet connection detected
2025-12-22 12:38:43,947 [INFO] WebApp:225 - Starting web application
2025-12-22 12:38:43,947 [INFO] WebApp:593 - Web application path used C:\ST\STM32CubeIDE_1.19.0\STM32CubeIDE\plugins\com.st.stm32cube.common.mx_6.15.0.202507011659\db\plugins\mcufinder\reactClient1\index.html
2025-12-22 12:38:44,064 [INFO] WebApp:191 - Connection restablished
2025-12-22 12:38:44,940 [WARN] PackLoader:240 - Cannot read IP mode file for STMicroelectronics.FP-SNS-MOTENVWB1.1.4.0
2025-12-22 12:38:44,957 [WARN] PackLoader:240 - Cannot read IP mode file for STMicroelectronics.FP-ATR-ASTRA1.2.0.2
2025-12-22 12:38:44,959 [WARN] PackLoader:240 - Cannot read IP mode file for STMicroelectronics.X-CUBE-SMBUS.2.1.0
2025-12-22 12:38:45,007 [WARN] PackLoader:240 - Cannot read IP mode file for STMicroelectronics.X-CUBE-AZRTOS-F7.1.1.0
2025-12-22 12:38:45,017 [WARN] PackLoader:240 - Cannot read IP mode file for STMicroelectronics.FP-SNS-MOTENV1.5.1.0
2025-12-22 12:38:45,040 [WARN] PackLoader:240 - Cannot read IP mode file for WES.I-CUBE-Cesium.1.4.0
2025-12-22 12:38:45,073 [WARN] PackLoader:240 - Cannot read IP mode file for STMicroelectronics.X-CUBE-AZRTOS-H7.3.4.0
2025-12-22 12:38:45,093 [WARN] PackLoader:240 - Cannot read IP mode file for STMicroelectronics.X-CUBE-DISPLAY.3.0.0
2025-12-22 12:38:45,123 [WARN] PackLoader:240 - Cannot read IP mode file for STMicroelectronics.X-CUBE-NFC10.1.0.0
2025-12-22 12:38:45,140 [WARN] PackLoader:240 - Cannot read IP mode file for STMicroelectronics.X-CUBE-ST60.1.1.0
2025-12-22 12:38:45,152 [WARN] PackLoader:240 - Cannot read IP mode file for emotas.I-CUBE-CANOPEN.1.3.0
2025-12-22 12:38:45,161 [WARN] PackLoader:240 - Cannot read IP mode file for STMicroelectronics.X-CUBE-GNSS1.7.1.0
2025-12-22 12:38:45,173 [WARN] PackLoader:240 - Cannot read IP mode file for STMicroelectronics.FP-SNS-STBOX1.2.1.0
2025-12-22 12:38:45,183 [WARN] PackLoader:240 - Cannot read IP mode file for STMicroelectronics.FP-SNS-SMARTAG2.1.2.0
2025-12-22 12:38:45,190 [WARN] PackLoader:240 - Cannot read IP mode file for STMicroelectronics.FP-SNS-FLIGHT1.5.1.0
2025-12-22 12:38:45,200 [INFO] LogOutputStream:77 - [STDOUT_REDIRECT] 1 : Invalid condition id : UX_CORESTACK_Condition cause : null
2025-12-22 12:38:45,207 [INFO] LogOutputStream:77 - [STDOUT_REDIRECT] 1 : Invalid condition id : UX_CORESTACK_Condition cause : null
2025-12-22 12:38:45,207 [INFO] LogOutputStream:77 - [STDOUT_REDIRECT] 1 : Invalid condition id : UX_CORESTACK_Condition cause : null
2025-12-22 12:38:45,207 [INFO] LogOutputStream:77 - [STDOUT_REDIRECT] 1 : Invalid condition id : UX_CORESTACK_Condition cause : null
2025-12-22 12:38:45,207 [INFO] LogOutputStream:77 - [STDOUT_REDIRECT] 1 : Invalid condition id : UX_CORESTACK_Condition cause : null
2025-12-22 12:38:45,215 [WARN] PackLoader:240 - Cannot read IP mode file for STMicroelectronics.X-CUBE-AZRTOS-WL.2.0.0
2025-12-22 12:38:45,258 [WARN] PackLoader:240 - Cannot read IP mode file for STMicroelectronics.X-CUBE-AZRTOS-H7RS.1.2.0
2025-12-22 12:38:45,274 [WARN] PackLoader:240 - Cannot read IP mode file for STMicroelectronics.X-CUBE-BLE2.3.3.0
2025-12-22 12:38:45,339 [WARN] PackLoader:240 - Cannot read IP mode file for Infineon.AIROC-Wi-Fi-Bluetooth-STM32.1.8.0
2025-12-22 12:38:45,349 [WARN] PackLoader:240 - Cannot read IP mode file for STMicroelectronics.X-CUBE-NFC9.1.0.0
2025-12-22 12:38:45,357 [WARN] PackLoader:240 - Cannot read IP mode file for wolfSSL.I-CUBE-wolfSSL.5.8.2
2025-12-22 12:38:45,357 [WARN] PackLoader:240 - Cannot read IP mode file for STMicroelectronics.X-CUBE-BLE1.7.1.0
2025-12-22 12:38:45,373 [WARN] PackLoader:240 - Cannot read IP mode file for wolfSSL.I-CUBE-wolfMQTT.1.19.2
2025-12-22 12:38:45,373 [WARN] PackLoader:240 - Cannot read IP mode file for STMicroelectronics.X-CUBE-FREERTOS.1.4.0
2025-12-22 12:38:45,394 [WARN] PackLoader:240 - Cannot read IP mode file for STMicroelectronics.X-CUBE-EEPRMA1.5.2.0
2025-12-22 12:38:45,404 [WARN] PackLoader:240 - Cannot read IP mode file for Cesanta.I-CUBE-Mongoose.7.20.0
2025-12-22 12:38:45,408 [WARN] PackLoader:240 - Cannot read IP mode file for STMicroelectronics.X-CUBE-ST67W61.1.1.0
2025-12-22 12:38:45,467 [WARN] PackLoader:240 - Cannot read IP mode file for STMicroelectronics.X-CUBE-MEMS1.12.0.0
2025-12-22 12:38:45,606 [WARN] PackLoader:240 - Cannot read IP mode file for STMicroelectronics.X-CUBE-AZRTOS-G0.1.1.0
2025-12-22 12:38:45,617 [WARN] PackLoader:240 - Cannot read IP mode file for STMicroelectronics.X-CUBE-NFC4.3.0.0
2025-12-22 12:38:45,632 [WARN] PackLoader:240 - Cannot read IP mode file for EmbeddedOffice.I-CUBE-FS-RTOS.1.0.1
2025-12-22 12:38:45,639 [WARN] PackLoader:240 - Cannot read IP mode file for STMicroelectronics.X-CUBE-WB05N.2.0.0
2025-12-22 12:38:45,639 [WARN] PackLoader:240 - Cannot read IP mode file for wolfSSL.I-CUBE-wolfTPM.3.8.0
2025-12-22 12:38:45,648 [WARN] PackLoader:240 - Cannot read IP mode file for STMicroelectronics.X-CUBE-TCPP.4.2.0
2025-12-22 12:38:45,656 [WARN] PackLoader:240 - Cannot read IP mode file for RealThread.X-CUBE-RT-Thread_Nano.4.1.1
2025-12-22 12:38:45,656 [WARN] PackLoader:240 - Cannot read IP mode file for STMicroelectronics.FP-ATR-SIGFOX1.3.2.0
2025-12-22 12:38:45,673 [WARN] PackLoader:240 - Cannot read IP mode file for ITTIA_DB.I-CUBE-ITTIADB.8.9.0
2025-12-22 12:38:45,673 [WARN] PackLoader:240 - Cannot read IP mode file for STMicroelectronics.X-CUBE-AI.10.2.0
2025-12-22 12:38:45,708 [WARN] PackLoader:240 - Cannot read IP mode file for SEGGER.I-CUBE-embOS.1.3.1
2025-12-22 12:38:45,756 [WARN] PackLoader:240 - Cannot read IP mode file for STMicroelectronics.X-CUBE-ALGOBUILD.1.4.0
2025-12-22 12:38:45,772 [WARN] PackLoader:240 - Cannot read IP mode file for STMicroelectronics.X-CUBE-PM33A1.1.0.0
2025-12-22 12:38:45,790 [WARN] PackLoader:240 - Cannot read IP mode file for STMicroelectronics.X-CUBE-AZRTOS-F4.1.1.0
2025-12-22 12:38:45,794 [WARN] PackLoader:240 - Cannot read IP mode file for STMicroelectronics.X-CUBE-ISPU.2.1.0
2025-12-22 12:38:45,806 [WARN] PackLoader:240 - Cannot read IP mode file for STMicroelectronics.X-CUBE-IPS.3.2.0
2025-12-22 12:38:45,823 [WARN] PackLoader:240 - Cannot read IP mode file for STMicroelectronics.X-CUBE-NFC12.1.0.0
2025-12-22 12:38:45,855 [WARN] PackLoader:240 - Cannot read IP mode file for STMicroelectronics.X-CUBE-AZRTOS-L5.2.0.0
2025-12-22 12:38:45,860 [WARN] PackLoader:240 - Cannot read IP mode file for STMicroelectronics.X-CUBE-NFC6.3.1.0
2025-12-22 12:38:45,877 [WARN] PackLoader:240 - Cannot read IP mode file for STMicroelectronics.X-CUBE-TOUCHGFX.4.26.0
2025-12-22 12:38:45,885 [WARN] PackLoader:240 - Cannot read IP mode file for STMicroelectronics.FP-SNS-STAIOTCFT.1.0.0
2025-12-22 12:38:45,895 [WARN] PackLoader:240 - Cannot read IP mode file for STMicroelectronics.X-CUBE-DPower.1.3.0
2025-12-22 12:38:45,906 [WARN] ConditionMgr:438 - getConditionDescription Invalid condition id : LAN8742 Phy interface Condition cause : null
2025-12-22 12:38:45,906 [WARN] PackLoader:240 - Cannot read IP mode file for STMicroelectronics.X-CUBE-AZRTOS-L4.2.0.0
2025-12-22 12:38:45,921 [WARN] ConditionMgr:1044 - genDependencies : Invalid condition id : LAN8742 Phy interface Condition cause : null
2025-12-22 12:38:45,921 [WARN] ConditionMgr:1044 - genDependencies : Invalid condition id : LAN8742 Phy interface Condition cause : null
2025-12-22 12:38:45,922 [WARN] ConditionMgr:1044 - genDependencies : Invalid condition id : LAN8742 Phy interface Condition cause : null
2025-12-22 12:38:45,926 [WARN] PackLoader:240 - Cannot read IP mode file for STMicroelectronics.X-CUBE-SFXS2LP1.4.0.0
2025-12-22 12:38:45,945 [WARN] PackLoader:240 - Cannot read IP mode file for STMicroelectronics.X-CUBE-BLEMGR.4.1.0
2025-12-22 12:38:45,957 [WARN] ConditionMgr:438 - getConditionDescription Invalid condition id : UX DEVICE CLASS RTOS Condition cause : null
2025-12-22 12:38:45,957 [WARN] ConditionMgr:438 - getConditionDescription Invalid condition id : UX DEVICE CLASS RTOS Condition cause : null
2025-12-22 12:38:45,957 [WARN] PackLoader:240 - Cannot read IP mode file for STMicroelectronics.X-CUBE-AZRTOS-WB.2.0.0
2025-12-22 12:38:45,957 [WARN] ConditionMgr:1044 - genDependencies : Invalid condition id : UX DEVICE CLASS RTOS Condition cause : null
2025-12-22 12:38:45,957 [WARN] ConditionMgr:1044 - genDependencies : Invalid condition id : UX DEVICE CLASS RTOS Condition cause : null
2025-12-22 12:38:45,968 [WARN] ConditionMgr:1044 - genDependencies : Invalid condition id : UX DEVICE CLASS RTOS Condition cause : null
2025-12-22 12:38:45,968 [WARN] ConditionMgr:1044 - genDependencies : Invalid condition id : UX DEVICE CLASS RTOS Condition cause : null
2025-12-22 12:38:45,968 [WARN] ConditionMgr:1044 - genDependencies : Invalid condition id : UX DEVICE CLASS RTOS Condition cause : null
2025-12-22 12:38:45,973 [WARN] ConditionMgr:438 - getConditionDescription Invalid condition id : Cortex-A Device cause : null
2025-12-22 12:38:45,984 [WARN] ConditionMgr:1044 - genDependencies : Invalid condition id : Cortex-A Device cause : null
2025-12-22 12:38:45,984 [WARN] ConditionMgr:1044 - genDependencies : Invalid condition id : Cortex-A Device cause : null
2025-12-22 12:38:45,984 [WARN] ConditionMgr:1044 - genDependencies : Invalid condition id : Cortex-A Device cause : null
2025-12-22 12:38:45,995 [WARN] PackLoader:240 - Cannot read IP mode file for STMicroelectronics.X-CUBE-SUBG2.5.0.0
2025-12-22 12:38:46,016 [WARN] PackLoader:240 - Cannot read IP mode file for STMicroelectronics.X-CUBE-AZRTOS-G4.2.0.0
2025-12-22 12:38:46,023 [WARN] PackLoader:240 - Cannot read IP mode file for wolfSSL.I-CUBE-wolfSSH.1.4.20
2025-12-22 12:38:46,038 [WARN] PackLoader:240 - Cannot read IP mode file for STMicroelectronics.X-CUBE-NFC7.2.0.0
2025-12-22 12:38:46,039 [WARN] PackLoader:240 - Cannot read IP mode file for STMicroelectronics.X-CUBE-ALS.1.0.2
2025-12-22 12:38:46,055 [WARN] PackLoader:240 - Cannot read IP mode file for STMicroelectronics.X-CUBE-STSE01.1.0.0
2025-12-22 12:38:46,056 [WARN] PackLoader:240 - Cannot read IP mode file for STMicroelectronics.X-CUBE-TOF1.3.4.3
2025-12-22 12:38:46,073 [INFO] ThirdParty:978 - Integrity check success = true
2025-12-22 12:38:46,073 [INFO] IntegrityCheckThread:100 - exiting critical section [integrity check]
2025-12-22 12:38:46,073 [INFO] IntegrityCheckThread:103 - End integrity checks thread
2025-12-22 13:03:38,855 [INFO] WebApp:403 - JxBrowser engine has been closed 
2025-12-22 13:03:42,738 [ERROR] LogOutputStream:75 - [STDERR_REDIRECT] 
