../../Drivers/STM32WBxx_HAL_Driver/Inc/stm32wbxx_ll_system.h:2223:26:LL_FLASH_GetUDN	4	static
../../Drivers/STM32WBxx_HAL_Driver/Inc/stm32wbxx_ll_system.h:2235:26:LL_FLASH_GetDeviceID	4	static
../../Drivers/STM32WBxx_HAL_Driver/Inc/stm32wbxx_ll_system.h:2247:26:LL_FLASH_GetSTCompanyID	4	static
C:/repo/BLE_p2pServer/STM32_WPAN/App/app_ble.c:396:6:APP_BLE_Init	224	static
C:/repo/BLE_p2pServer/STM32_WPAN/App/app_ble.c:596:28:SVCCTL_App_Notification	120	static
C:/repo/BLE_p2pServer/STM32_WPAN/App/app_ble.c:942:22:APP_BLE_Get_Server_Connection_Status	4	static
C:/repo/BLE_p2pServer/STM32_WPAN/App/app_ble.c:948:6:APP_BLE_Key_Button1_Action	8	static
C:/repo/BLE_p2pServer/STM32_WPAN/App/app_ble.c:953:6:APP_BLE_Key_Button2_Action	8	static
C:/repo/BLE_p2pServer/STM32_WPAN/App/app_ble.c:971:13:Ble_Tl_Init	16	static
C:/repo/BLE_p2pServer/STM32_WPAN/App/app_ble.c:982:13:Ble_Hci_Gap_Gatt_Init	64	static
C:/repo/BLE_p2pServer/STM32_WPAN/App/app_ble.c:1254:13:Adv_Request	56	static
C:/repo/BLE_p2pServer/STM32_WPAN/App/app_ble.c:1344:16:BleGetBdAddress	32	static
C:/repo/BLE_p2pServer/STM32_WPAN/App/app_ble.c:1401:13:Adv_Cancel	16	static
C:/repo/BLE_p2pServer/STM32_WPAN/App/app_ble.c:1432:13:Adv_Cancel_Req	8	static
C:/repo/BLE_p2pServer/STM32_WPAN/App/app_ble.c:1447:13:Switch_OFF_GPIO	4	static
C:/repo/BLE_p2pServer/STM32_WPAN/App/app_ble.c:1455:6:BLE_SVC_L2CAP_Conn_Update	48	static
C:/repo/BLE_p2pServer/STM32_WPAN/App/app_ble.c:1499:13:Connection_Interval_Update_Req	8	static
C:/repo/BLE_p2pServer/STM32_WPAN/App/app_ble.c:1513:6:ECU_SendData_BLE	40	static
C:/repo/BLE_p2pServer/STM32_WPAN/App/app_ble.c:1539:6:hci_notify_asynch_evt	16	static
C:/repo/BLE_p2pServer/STM32_WPAN/App/app_ble.c:1546:6:hci_cmd_resp_release	16	static
C:/repo/BLE_p2pServer/STM32_WPAN/App/app_ble.c:1553:6:hci_cmd_resp_wait	16	static
C:/repo/BLE_p2pServer/STM32_WPAN/App/app_ble.c:1560:13:BLE_UserEvtRx	24	static
C:/repo/BLE_p2pServer/STM32_WPAN/App/app_ble.c:1580:13:BLE_StatusNot	24	static
C:/repo/BLE_p2pServer/STM32_WPAN/App/app_ble.c:1619:6:SVCCTL_ResumeUserEventFlow	8	static
