../../Drivers/STM32WBxx_HAL_Driver/Inc/stm32wbxx_ll_system.h:2223:26:LL_FLASH_GetUDN	4	static
../../Drivers/STM32WBxx_HAL_Driver/Inc/stm32wbxx_ll_system.h:2235:26:LL_FLASH_GetDeviceID	4	static
../../Drivers/STM32WBxx_HAL_Driver/Inc/stm32wbxx_ll_system.h:2247:26:LL_FLASH_GetSTCompanyID	4	static
C:/repo/BLE_FIRMWARE_150/STM32_WPAN/App/app_ble.c:392:6:APP_BLE_Init	224	static
C:/repo/BLE_FIRMWARE_150/STM32_WPAN/App/app_ble.c:599:28:SVCCTL_App_Notification	120	static
C:/repo/BLE_FIRMWARE_150/STM32_WPAN/App/app_ble.c:946:22:APP_BLE_Get_Server_Connection_Status	4	static
C:/repo/BLE_FIRMWARE_150/STM32_WPAN/App/app_ble.c:952:6:APP_BLE_Key_Button1_Action	8	static
C:/repo/BLE_FIRMWARE_150/STM32_WPAN/App/app_ble.c:957:6:APP_BLE_Key_Button2_Action	8	static
C:/repo/BLE_FIRMWARE_150/STM32_WPAN/App/app_ble.c:975:13:Ble_Tl_Init	16	static
C:/repo/BLE_FIRMWARE_150/STM32_WPAN/App/app_ble.c:986:13:Ble_Hci_Gap_Gatt_Init	64	static
C:/repo/BLE_FIRMWARE_150/STM32_WPAN/App/app_ble.c:1258:13:Adv_Request	56	static
C:/repo/BLE_FIRMWARE_150/STM32_WPAN/App/app_ble.c:1348:16:BleGetBdAddress	32	static
C:/repo/BLE_FIRMWARE_150/STM32_WPAN/App/app_ble.c:1405:13:Adv_Cancel	16	static
C:/repo/BLE_FIRMWARE_150/STM32_WPAN/App/app_ble.c:1436:13:Adv_Cancel_Req	8	static
C:/repo/BLE_FIRMWARE_150/STM32_WPAN/App/app_ble.c:1451:13:Switch_OFF_GPIO	4	static
C:/repo/BLE_FIRMWARE_150/STM32_WPAN/App/app_ble.c:1459:6:BLE_SVC_L2CAP_Conn_Update	48	static
C:/repo/BLE_FIRMWARE_150/STM32_WPAN/App/app_ble.c:1503:13:Connection_Interval_Update_Req	8	static
C:/repo/BLE_FIRMWARE_150/STM32_WPAN/App/app_ble.c:1518:6:ECU_Trigger_Telemetry_Task	8	static
C:/repo/BLE_FIRMWARE_150/STM32_WPAN/App/app_ble.c:1524:6:ECU_Simulate_Running	24	static
C:/repo/BLE_FIRMWARE_150/STM32_WPAN/App/app_ble.c:1536:6:ECU_SendData_BLE	40	static
C:/repo/BLE_FIRMWARE_150/STM32_WPAN/App/app_ble.c:1556:6:hci_notify_asynch_evt	16	static
C:/repo/BLE_FIRMWARE_150/STM32_WPAN/App/app_ble.c:1563:6:hci_cmd_resp_release	16	static
C:/repo/BLE_FIRMWARE_150/STM32_WPAN/App/app_ble.c:1570:6:hci_cmd_resp_wait	16	static
C:/repo/BLE_FIRMWARE_150/STM32_WPAN/App/app_ble.c:1577:13:BLE_UserEvtRx	24	static
C:/repo/BLE_FIRMWARE_150/STM32_WPAN/App/app_ble.c:1597:13:BLE_StatusNot	24	static
C:/repo/BLE_FIRMWARE_150/STM32_WPAN/App/app_ble.c:1636:6:SVCCTL_ResumeUserEventFlow	8	static
