../../Drivers/STM32WBxx_HAL_Driver/Inc/stm32wbxx_ll_system.h:2223:26:LL_FLASH_GetUDN	4	static
../../Drivers/STM32WBxx_HAL_Driver/Inc/stm32wbxx_ll_system.h:2235:26:LL_FLASH_GetDeviceID	4	static
../../Drivers/STM32WBxx_HAL_Driver/Inc/stm32wbxx_ll_system.h:2247:26:LL_FLASH_GetSTCompanyID	4	static
C:/repo/BLE_FIRMWARE_150/STM32_WPAN/App/app_ble.c:375:6:APP_BLE_Init	224	static
C:/repo/BLE_FIRMWARE_150/STM32_WPAN/App/app_ble.c:574:28:SVCCTL_App_Notification	120	static
C:/repo/BLE_FIRMWARE_150/STM32_WPAN/App/app_ble.c:919:22:APP_BLE_Get_Server_Connection_Status	4	static
C:/repo/BLE_FIRMWARE_150/STM32_WPAN/App/app_ble.c:925:6:APP_BLE_Key_Button1_Action	8	static
C:/repo/BLE_FIRMWARE_150/STM32_WPAN/App/app_ble.c:930:6:APP_BLE_Key_Button2_Action	8	static
C:/repo/BLE_FIRMWARE_150/STM32_WPAN/App/app_ble.c:948:13:Ble_Tl_Init	16	static
C:/repo/BLE_FIRMWARE_150/STM32_WPAN/App/app_ble.c:959:13:Ble_Hci_Gap_Gatt_Init	64	static
C:/repo/BLE_FIRMWARE_150/STM32_WPAN/App/app_ble.c:1231:13:Adv_Request	56	static
C:/repo/BLE_FIRMWARE_150/STM32_WPAN/App/app_ble.c:1321:16:BleGetBdAddress	32	static
C:/repo/BLE_FIRMWARE_150/STM32_WPAN/App/app_ble.c:1378:13:Adv_Cancel	16	static
C:/repo/BLE_FIRMWARE_150/STM32_WPAN/App/app_ble.c:1409:13:Adv_Cancel_Req	8	static
C:/repo/BLE_FIRMWARE_150/STM32_WPAN/App/app_ble.c:1424:13:Switch_OFF_GPIO	4	static
C:/repo/BLE_FIRMWARE_150/STM32_WPAN/App/app_ble.c:1432:6:BLE_SVC_L2CAP_Conn_Update	48	static
C:/repo/BLE_FIRMWARE_150/STM32_WPAN/App/app_ble.c:1476:13:Connection_Interval_Update_Req	8	static
C:/repo/BLE_FIRMWARE_150/STM32_WPAN/App/app_ble.c:1495:6:hci_notify_asynch_evt	16	static
C:/repo/BLE_FIRMWARE_150/STM32_WPAN/App/app_ble.c:1502:6:hci_cmd_resp_release	16	static
C:/repo/BLE_FIRMWARE_150/STM32_WPAN/App/app_ble.c:1509:6:hci_cmd_resp_wait	16	static
C:/repo/BLE_FIRMWARE_150/STM32_WPAN/App/app_ble.c:1516:13:BLE_UserEvtRx	24	static
C:/repo/BLE_FIRMWARE_150/STM32_WPAN/App/app_ble.c:1536:13:BLE_StatusNot	24	static
C:/repo/BLE_FIRMWARE_150/STM32_WPAN/App/app_ble.c:1575:6:SVCCTL_ResumeUserEventFlow	8	static
