../../Drivers/STM32WBxx_HAL_Driver/Inc/stm32wbxx_ll_exti.h:391:22:LL_EXTI_EnableIT_32_63	16	static
../../Drivers/STM32WBxx_HAL_Driver/Inc/stm32wbxx_ll_bus.h:539:22:LL_AHB2_GRP1_EnableClock	24	static
../../Drivers/STM32WBxx_HAL_Driver/Inc/stm32wbxx_ll_bus.h:1636:22:LL_C2_AHB2_GRP1_EnableClock	24	static
C:/repo/BLE_FIRMWARE_150/Core/Src/app_debug.c:181:6:APPD_Init	8	static
C:/repo/BLE_FIRMWARE_150/Core/Src/app_debug.c:227:6:APPD_EnableCPU2	48	static
C:/repo/BLE_FIRMWARE_150/Core/Src/app_debug.c:256:13:APPD_SetCPU2GpioConfig	40	static
C:/repo/BLE_FIRMWARE_150/Core/Src/app_debug.c:328:13:APPD_BleDtbCfg	4	static
C:/repo/BLE_FIRMWARE_150/Core/Src/app_debug.c:392:6:DbgOutputInit	8	static
C:/repo/BLE_FIRMWARE_150/Core/Src/app_debug.c:414:6:DbgOutputTraces	24	static
