22:39:21 **** Build of configuration Debug for project BLE_p2pServer ****
make -j16 all 
arm-none-eabi-gcc "C:/STM32/.metadata/project2/BLE_p2pServer/Utilities/LCD/stm32_lcd.c" -mcpu=cortex-m4 -std=gnu11 -g3 -DDEBUG -DUSE_STM32WB5M_DK -DSTM32WB5Mxx -DUSE_HAL_DRIVER -c -I../../Core/Inc -I../../Drivers/STM32WBxx_HAL_Driver/Inc -I../../Drivers/STM32WBxx_HAL_Driver/Inc/Legacy -I../../Drivers/CMSIS/Device/ST/STM32WBxx/Include -I../../Drivers/CMSIS/Include -I../../STM32_WPAN/App -I../../Utilities/lpm/tiny_lpm -I../../Middlewares/ST/STM32_WPAN -I../../Middlewares/ST/STM32_WPAN/interface/patterns/ble_thread -I../../Middlewares/ST/STM32_WPAN/interface/patterns/ble_thread/tl -I../../Middlewares/ST/STM32_WPAN/interface/patterns/ble_thread/shci -I../../Middlewares/ST/STM32_WPAN/utilities -I../../Middlewares/ST/STM32_WPAN/ble/core -I../../Middlewares/ST/STM32_WPAN/ble/core/auto -I../../Middlewares/ST/STM32_WPAN/ble/core/template -I../../Middlewares/ST/STM32_WPAN/ble/svc/Inc -I../../Middlewares/ST/STM32_WPAN/ble/svc/Src -I../../Utilities/sequencer -I../../Middlewares/ST/STM32_WPAN/ble -I../../Drivers/BSP/STM32WB5MM-DK -I../../Drivers/BSP/Components/ssd1315 -I../../Drivers/BSP/Components/Common -I../../Utilities/Fonts -I../../Utilities/LCD -O0 -ffunction-sections -fdata-sections -Wall -fstack-usage -fcyclomatic-complexity -MMD -MP -MF"Utilities/stm32_lcd.d" -MT"Utilities/stm32_lcd.o" --specs=nano.specs -mfpu=fpv4-sp-d16 -mfloat-abi=hard -mthumb -o "Utilities/stm32_lcd.o"
arm-none-eabi-gcc "C:/STM32/.metadata/project2/BLE_p2pServer/Utilities/lpm/tiny_lpm/stm32_lpm.c" -mcpu=cortex-m4 -std=gnu11 -g3 -DDEBUG -DUSE_STM32WB5M_DK -DSTM32WB5Mxx -DUSE_HAL_DRIVER -c -I../../Core/Inc -I../../Drivers/STM32WBxx_HAL_Driver/Inc -I../../Drivers/STM32WBxx_HAL_Driver/Inc/Legacy -I../../Drivers/CMSIS/Device/ST/STM32WBxx/Include -I../../Drivers/CMSIS/Include -I../../STM32_WPAN/App -I../../Utilities/lpm/tiny_lpm -I../../Middlewares/ST/STM32_WPAN -I../../Middlewares/ST/STM32_WPAN/interface/patterns/ble_thread -I../../Middlewares/ST/STM32_WPAN/interface/patterns/ble_thread/tl -I../../Middlewares/ST/STM32_WPAN/interface/patterns/ble_thread/shci -I../../Middlewares/ST/STM32_WPAN/utilities -I../../Middlewares/ST/STM32_WPAN/ble/core -I../../Middlewares/ST/STM32_WPAN/ble/core/auto -I../../Middlewares/ST/STM32_WPAN/ble/core/template -I../../Middlewares/ST/STM32_WPAN/ble/svc/Inc -I../../Middlewares/ST/STM32_WPAN/ble/svc/Src -I../../Utilities/sequencer -I../../Middlewares/ST/STM32_WPAN/ble -I../../Drivers/BSP/STM32WB5MM-DK -I../../Drivers/BSP/Components/ssd1315 -I../../Drivers/BSP/Components/Common -I../../Utilities/Fonts -I../../Utilities/LCD -O0 -ffunction-sections -fdata-sections -Wall -fstack-usage -fcyclomatic-complexity -MMD -MP -MF"Utilities/stm32_lpm.d" -MT"Utilities/stm32_lpm.o" --specs=nano.specs -mfpu=fpv4-sp-d16 -mfloat-abi=hard -mthumb -o "Utilities/stm32_lpm.o"
arm-none-eabi-gcc "C:/STM32/.metadata/project2/BLE_p2pServer/Utilities/sequencer/stm32_seq.c" -mcpu=cortex-m4 -std=gnu11 -g3 -DDEBUG -DUSE_STM32WB5M_DK -DSTM32WB5Mxx -DUSE_HAL_DRIVER -c -I../../Core/Inc -I../../Drivers/STM32WBxx_HAL_Driver/Inc -I../../Drivers/STM32WBxx_HAL_Driver/Inc/Legacy -I../../Drivers/CMSIS/Device/ST/STM32WBxx/Include -I../../Drivers/CMSIS/Include -I../../STM32_WPAN/App -I../../Utilities/lpm/tiny_lpm -I../../Middlewares/ST/STM32_WPAN -I../../Middlewares/ST/STM32_WPAN/interface/patterns/ble_thread -I../../Middlewares/ST/STM32_WPAN/interface/patterns/ble_thread/tl -I../../Middlewares/ST/STM32_WPAN/interface/patterns/ble_thread/shci -I../../Middlewares/ST/STM32_WPAN/utilities -I../../Middlewares/ST/STM32_WPAN/ble/core -I../../Middlewares/ST/STM32_WPAN/ble/core/auto -I../../Middlewares/ST/STM32_WPAN/ble/core/template -I../../Middlewares/ST/STM32_WPAN/ble/svc/Inc -I../../Middlewares/ST/STM32_WPAN/ble/svc/Src -I../../Utilities/sequencer -I../../Middlewares/ST/STM32_WPAN/ble -I../../Drivers/BSP/STM32WB5MM-DK -I../../Drivers/BSP/Components/ssd1315 -I../../Drivers/BSP/Components/Common -I../../Utilities/Fonts -I../../Utilities/LCD -O0 -ffunction-sections -fdata-sections -Wall -fstack-usage -fcyclomatic-complexity -MMD -MP -MF"Utilities/stm32_seq.d" -MT"Utilities/stm32_seq.o" --specs=nano.specs -mfpu=fpv4-sp-d16 -mfloat-abi=hard -mthumb -o "Utilities/stm32_seq.o"
arm-none-eabi-gcc "C:/STM32/.metadata/project2/BLE_p2pServer/Middlewares/ST/STM32_WPAN/ble/core/auto/ble_gap_aci.c" -mcpu=cortex-m4 -std=gnu11 -g3 -DDEBUG -DUSE_STM32WB5M_DK -DSTM32WB5Mxx -DUSE_HAL_DRIVER -c -I../../Core/Inc -I../../Drivers/STM32WBxx_HAL_Driver/Inc -I../../Drivers/STM32WBxx_HAL_Driver/Inc/Legacy -I../../Drivers/CMSIS/Device/ST/STM32WBxx/Include -I../../Drivers/CMSIS/Include -I../../STM32_WPAN/App -I../../Utilities/lpm/tiny_lpm -I../../Middlewares/ST/STM32_WPAN -I../../Middlewares/ST/STM32_WPAN/interface/patterns/ble_thread -I../../Middlewares/ST/STM32_WPAN/interface/patterns/ble_thread/tl -I../../Middlewares/ST/STM32_WPAN/interface/patterns/ble_thread/shci -I../../Middlewares/ST/STM32_WPAN/utilities -I../../Middlewares/ST/STM32_WPAN/ble/core -I../../Middlewares/ST/STM32_WPAN/ble/core/auto -I../../Middlewares/ST/STM32_WPAN/ble/core/template -I../../Middlewares/ST/STM32_WPAN/ble/svc/Inc -I../../Middlewares/ST/STM32_WPAN/ble/svc/Src -I../../Utilities/sequencer -I../../Middlewares/ST/STM32_WPAN/ble -I../../Drivers/BSP/STM32WB5MM-DK -I../../Drivers/BSP/Components/ssd1315 -I../../Drivers/BSP/Components/Common -I../../Utilities/Fonts -I../../Utilities/LCD -O0 -ffunction-sections -fdata-sections -Wall -fstack-usage -fcyclomatic-complexity -MMD -MP -MF"Middlewares/STM32_WPAN/ble_gap_aci.d" -MT"Middlewares/STM32_WPAN/ble_gap_aci.o" --specs=nano.specs -mfpu=fpv4-sp-d16 -mfloat-abi=hard -mthumb -o "Middlewares/STM32_WPAN/ble_gap_aci.o"
arm-none-eabi-gcc "C:/STM32/.metadata/project2/BLE_p2pServer/Middlewares/ST/STM32_WPAN/ble/core/auto/ble_gatt_aci.c" -mcpu=cortex-m4 -std=gnu11 -g3 -DDEBUG -DUSE_STM32WB5M_DK -DSTM32WB5Mxx -DUSE_HAL_DRIVER -c -I../../Core/Inc -I../../Drivers/STM32WBxx_HAL_Driver/Inc -I../../Drivers/STM32WBxx_HAL_Driver/Inc/Legacy -I../../Drivers/CMSIS/Device/ST/STM32WBxx/Include -I../../Drivers/CMSIS/Include -I../../STM32_WPAN/App -I../../Utilities/lpm/tiny_lpm -I../../Middlewares/ST/STM32_WPAN -I../../Middlewares/ST/STM32_WPAN/interface/patterns/ble_thread -I../../Middlewares/ST/STM32_WPAN/interface/patterns/ble_thread/tl -I../../Middlewares/ST/STM32_WPAN/interface/patterns/ble_thread/shci -I../../Middlewares/ST/STM32_WPAN/utilities -I../../Middlewares/ST/STM32_WPAN/ble/core -I../../Middlewares/ST/STM32_WPAN/ble/core/auto -I../../Middlewares/ST/STM32_WPAN/ble/core/template -I../../Middlewares/ST/STM32_WPAN/ble/svc/Inc -I../../Middlewares/ST/STM32_WPAN/ble/svc/Src -I../../Utilities/sequencer -I../../Middlewares/ST/STM32_WPAN/ble -I../../Drivers/BSP/STM32WB5MM-DK -I../../Drivers/BSP/Components/ssd1315 -I../../Drivers/BSP/Components/Common -I../../Utilities/Fonts -I../../Utilities/LCD -O0 -ffunction-sections -fdata-sections -Wall -fstack-usage -fcyclomatic-complexity -MMD -MP -MF"Middlewares/STM32_WPAN/ble_gatt_aci.d" -MT"Middlewares/STM32_WPAN/ble_gatt_aci.o" --specs=nano.specs -mfpu=fpv4-sp-d16 -mfloat-abi=hard -mthumb -o "Middlewares/STM32_WPAN/ble_gatt_aci.o"
arm-none-eabi-gcc "C:/STM32/.metadata/project2/BLE_p2pServer/Middlewares/ST/STM32_WPAN/ble/core/auto/ble_hal_aci.c" -mcpu=cortex-m4 -std=gnu11 -g3 -DDEBUG -DUSE_STM32WB5M_DK -DSTM32WB5Mxx -DUSE_HAL_DRIVER -c -I../../Core/Inc -I../../Drivers/STM32WBxx_HAL_Driver/Inc -I../../Drivers/STM32WBxx_HAL_Driver/Inc/Legacy -I../../Drivers/CMSIS/Device/ST/STM32WBxx/Include -I../../Drivers/CMSIS/Include -I../../STM32_WPAN/App -I../../Utilities/lpm/tiny_lpm -I../../Middlewares/ST/STM32_WPAN -I../../Middlewares/ST/STM32_WPAN/interface/patterns/ble_thread -I../../Middlewares/ST/STM32_WPAN/interface/patterns/ble_thread/tl -I../../Middlewares/ST/STM32_WPAN/interface/patterns/ble_thread/shci -I../../Middlewares/ST/STM32_WPAN/utilities -I../../Middlewares/ST/STM32_WPAN/ble/core -I../../Middlewares/ST/STM32_WPAN/ble/core/auto -I../../Middlewares/ST/STM32_WPAN/ble/core/template -I../../Middlewares/ST/STM32_WPAN/ble/svc/Inc -I../../Middlewares/ST/STM32_WPAN/ble/svc/Src -I../../Utilities/sequencer -I../../Middlewares/ST/STM32_WPAN/ble -I../../Drivers/BSP/STM32WB5MM-DK -I../../Drivers/BSP/Components/ssd1315 -I../../Drivers/BSP/Components/Common -I../../Utilities/Fonts -I../../Utilities/LCD -O0 -ffunction-sections -fdata-sections -Wall -fstack-usage -fcyclomatic-complexity -MMD -MP -MF"Middlewares/STM32_WPAN/ble_hal_aci.d" -MT"Middlewares/STM32_WPAN/ble_hal_aci.o" --specs=nano.specs -mfpu=fpv4-sp-d16 -mfloat-abi=hard -mthumb -o "Middlewares/STM32_WPAN/ble_hal_aci.o"
arm-none-eabi-gcc "C:/STM32/.metadata/project2/BLE_p2pServer/Middlewares/ST/STM32_WPAN/ble/core/auto/ble_hci_le.c" -mcpu=cortex-m4 -std=gnu11 -g3 -DDEBUG -DUSE_STM32WB5M_DK -DSTM32WB5Mxx -DUSE_HAL_DRIVER -c -I../../Core/Inc -I../../Drivers/STM32WBxx_HAL_Driver/Inc -I../../Drivers/STM32WBxx_HAL_Driver/Inc/Legacy -I../../Drivers/CMSIS/Device/ST/STM32WBxx/Include -I../../Drivers/CMSIS/Include -I../../STM32_WPAN/App -I../../Utilities/lpm/tiny_lpm -I../../Middlewares/ST/STM32_WPAN -I../../Middlewares/ST/STM32_WPAN/interface/patterns/ble_thread -I../../Middlewares/ST/STM32_WPAN/interface/patterns/ble_thread/tl -I../../Middlewares/ST/STM32_WPAN/interface/patterns/ble_thread/shci -I../../Middlewares/ST/STM32_WPAN/utilities -I../../Middlewares/ST/STM32_WPAN/ble/core -I../../Middlewares/ST/STM32_WPAN/ble/core/auto -I../../Middlewares/ST/STM32_WPAN/ble/core/template -I../../Middlewares/ST/STM32_WPAN/ble/svc/Inc -I../../Middlewares/ST/STM32_WPAN/ble/svc/Src -I../../Utilities/sequencer -I../../Middlewares/ST/STM32_WPAN/ble -I../../Drivers/BSP/STM32WB5MM-DK -I../../Drivers/BSP/Components/ssd1315 -I../../Drivers/BSP/Components/Common -I../../Utilities/Fonts -I../../Utilities/LCD -O0 -ffunction-sections -fdata-sections -Wall -fstack-usage -fcyclomatic-complexity -MMD -MP -MF"Middlewares/STM32_WPAN/ble_hci_le.d" -MT"Middlewares/STM32_WPAN/ble_hci_le.o" --specs=nano.specs -mfpu=fpv4-sp-d16 -mfloat-abi=hard -mthumb -o "Middlewares/STM32_WPAN/ble_hci_le.o"
arm-none-eabi-gcc "C:/STM32/.metadata/project2/BLE_p2pServer/Middlewares/ST/STM32_WPAN/ble/core/auto/ble_l2cap_aci.c" -mcpu=cortex-m4 -std=gnu11 -g3 -DDEBUG -DUSE_STM32WB5M_DK -DSTM32WB5Mxx -DUSE_HAL_DRIVER -c -I../../Core/Inc -I../../Drivers/STM32WBxx_HAL_Driver/Inc -I../../Drivers/STM32WBxx_HAL_Driver/Inc/Legacy -I../../Drivers/CMSIS/Device/ST/STM32WBxx/Include -I../../Drivers/CMSIS/Include -I../../STM32_WPAN/App -I../../Utilities/lpm/tiny_lpm -I../../Middlewares/ST/STM32_WPAN -I../../Middlewares/ST/STM32_WPAN/interface/patterns/ble_thread -I../../Middlewares/ST/STM32_WPAN/interface/patterns/ble_thread/tl -I../../Middlewares/ST/STM32_WPAN/interface/patterns/ble_thread/shci -I../../Middlewares/ST/STM32_WPAN/utilities -I../../Middlewares/ST/STM32_WPAN/ble/core -I../../Middlewares/ST/STM32_WPAN/ble/core/auto -I../../Middlewares/ST/STM32_WPAN/ble/core/template -I../../Middlewares/ST/STM32_WPAN/ble/svc/Inc -I../../Middlewares/ST/STM32_WPAN/ble/svc/Src -I../../Utilities/sequencer -I../../Middlewares/ST/STM32_WPAN/ble -I../../Drivers/BSP/STM32WB5MM-DK -I../../Drivers/BSP/Components/ssd1315 -I../../Drivers/BSP/Components/Common -I../../Utilities/Fonts -I../../Utilities/LCD -O0 -ffunction-sections -fdata-sections -Wall -fstack-usage -fcyclomatic-complexity -MMD -MP -MF"Middlewares/STM32_WPAN/ble_l2cap_aci.d" -MT"Middlewares/STM32_WPAN/ble_l2cap_aci.o" --specs=nano.specs -mfpu=fpv4-sp-d16 -mfloat-abi=hard -mthumb -o "Middlewares/STM32_WPAN/ble_l2cap_aci.o"
arm-none-eabi-gcc "C:/STM32/.metadata/project2/BLE_p2pServer/Middlewares/ST/STM32_WPAN/utilities/dbg_trace.c" -mcpu=cortex-m4 -std=gnu11 -g3 -DDEBUG -DUSE_STM32WB5M_DK -DSTM32WB5Mxx -DUSE_HAL_DRIVER -c -I../../Core/Inc -I../../Drivers/STM32WBxx_HAL_Driver/Inc -I../../Drivers/STM32WBxx_HAL_Driver/Inc/Legacy -I../../Drivers/CMSIS/Device/ST/STM32WBxx/Include -I../../Drivers/CMSIS/Include -I../../STM32_WPAN/App -I../../Utilities/lpm/tiny_lpm -I../../Middlewares/ST/STM32_WPAN -I../../Middlewares/ST/STM32_WPAN/interface/patterns/ble_thread -I../../Middlewares/ST/STM32_WPAN/interface/patterns/ble_thread/tl -I../../Middlewares/ST/STM32_WPAN/interface/patterns/ble_thread/shci -I../../Middlewares/ST/STM32_WPAN/utilities -I../../Middlewares/ST/STM32_WPAN/ble/core -I../../Middlewares/ST/STM32_WPAN/ble/core/auto -I../../Middlewares/ST/STM32_WPAN/ble/core/template -I../../Middlewares/ST/STM32_WPAN/ble/svc/Inc -I../../Middlewares/ST/STM32_WPAN/ble/svc/Src -I../../Utilities/sequencer -I../../Middlewares/ST/STM32_WPAN/ble -I../../Drivers/BSP/STM32WB5MM-DK -I../../Drivers/BSP/Components/ssd1315 -I../../Drivers/BSP/Components/Common -I../../Utilities/Fonts -I../../Utilities/LCD -O0 -ffunction-sections -fdata-sections -Wall -fstack-usage -fcyclomatic-complexity -MMD -MP -MF"Middlewares/STM32_WPAN/dbg_trace.d" -MT"Middlewares/STM32_WPAN/dbg_trace.o" --specs=nano.specs -mfpu=fpv4-sp-d16 -mfloat-abi=hard -mthumb -o "Middlewares/STM32_WPAN/dbg_trace.o"
arm-none-eabi-gcc "C:/STM32/.metadata/project2/BLE_p2pServer/Middlewares/ST/STM32_WPAN/interface/patterns/ble_thread/tl/hci_tl.c" -mcpu=cortex-m4 -std=gnu11 -g3 -DDEBUG -DUSE_STM32WB5M_DK -DSTM32WB5Mxx -DUSE_HAL_DRIVER -c -I../../Core/Inc -I../../Drivers/STM32WBxx_HAL_Driver/Inc -I../../Drivers/STM32WBxx_HAL_Driver/Inc/Legacy -I../../Drivers/CMSIS/Device/ST/STM32WBxx/Include -I../../Drivers/CMSIS/Include -I../../STM32_WPAN/App -I../../Utilities/lpm/tiny_lpm -I../../Middlewares/ST/STM32_WPAN -I../../Middlewares/ST/STM32_WPAN/interface/patterns/ble_thread -I../../Middlewares/ST/STM32_WPAN/interface/patterns/ble_thread/tl -I../../Middlewares/ST/STM32_WPAN/interface/patterns/ble_thread/shci -I../../Middlewares/ST/STM32_WPAN/utilities -I../../Middlewares/ST/STM32_WPAN/ble/core -I../../Middlewares/ST/STM32_WPAN/ble/core/auto -I../../Middlewares/ST/STM32_WPAN/ble/core/template -I../../Middlewares/ST/STM32_WPAN/ble/svc/Inc -I../../Middlewares/ST/STM32_WPAN/ble/svc/Src -I../../Utilities/sequencer -I../../Middlewares/ST/STM32_WPAN/ble -I../../Drivers/BSP/STM32WB5MM-DK -I../../Drivers/BSP/Components/ssd1315 -I../../Drivers/BSP/Components/Common -I../../Utilities/Fonts -I../../Utilities/LCD -O0 -ffunction-sections -fdata-sections -Wall -fstack-usage -fcyclomatic-complexity -MMD -MP -MF"Middlewares/STM32_WPAN/hci_tl.d" -MT"Middlewares/STM32_WPAN/hci_tl.o" --specs=nano.specs -mfpu=fpv4-sp-d16 -mfloat-abi=hard -mthumb -o "Middlewares/STM32_WPAN/hci_tl.o"
arm-none-eabi-gcc "C:/STM32/.metadata/project2/BLE_p2pServer/Middlewares/ST/STM32_WPAN/interface/patterns/ble_thread/tl/hci_tl_if.c" -mcpu=cortex-m4 -std=gnu11 -g3 -DDEBUG -DUSE_STM32WB5M_DK -DSTM32WB5Mxx -DUSE_HAL_DRIVER -c -I../../Core/Inc -I../../Drivers/STM32WBxx_HAL_Driver/Inc -I../../Drivers/STM32WBxx_HAL_Driver/Inc/Legacy -I../../Drivers/CMSIS/Device/ST/STM32WBxx/Include -I../../Drivers/CMSIS/Include -I../../STM32_WPAN/App -I../../Utilities/lpm/tiny_lpm -I../../Middlewares/ST/STM32_WPAN -I../../Middlewares/ST/STM32_WPAN/interface/patterns/ble_thread -I../../Middlewares/ST/STM32_WPAN/interface/patterns/ble_thread/tl -I../../Middlewares/ST/STM32_WPAN/interface/patterns/ble_thread/shci -I../../Middlewares/ST/STM32_WPAN/utilities -I../../Middlewares/ST/STM32_WPAN/ble/core -I../../Middlewares/ST/STM32_WPAN/ble/core/auto -I../../Middlewares/ST/STM32_WPAN/ble/core/template -I../../Middlewares/ST/STM32_WPAN/ble/svc/Inc -I../../Middlewares/ST/STM32_WPAN/ble/svc/Src -I../../Utilities/sequencer -I../../Middlewares/ST/STM32_WPAN/ble -I../../Drivers/BSP/STM32WB5MM-DK -I../../Drivers/BSP/Components/ssd1315 -I../../Drivers/BSP/Components/Common -I../../Utilities/Fonts -I../../Utilities/LCD -O0 -ffunction-sections -fdata-sections -Wall -fstack-usage -fcyclomatic-complexity -MMD -MP -MF"Middlewares/STM32_WPAN/hci_tl_if.d" -MT"Middlewares/STM32_WPAN/hci_tl_if.o" --specs=nano.specs -mfpu=fpv4-sp-d16 -mfloat-abi=hard -mthumb -o "Middlewares/STM32_WPAN/hci_tl_if.o"
arm-none-eabi-gcc "C:/STM32/.metadata/project2/BLE_p2pServer/Middlewares/ST/STM32_WPAN/ble/core/template/osal.c" -mcpu=cortex-m4 -std=gnu11 -g3 -DDEBUG -DUSE_STM32WB5M_DK -DSTM32WB5Mxx -DUSE_HAL_DRIVER -c -I../../Core/Inc -I../../Drivers/STM32WBxx_HAL_Driver/Inc -I../../Drivers/STM32WBxx_HAL_Driver/Inc/Legacy -I../../Drivers/CMSIS/Device/ST/STM32WBxx/Include -I../../Drivers/CMSIS/Include -I../../STM32_WPAN/App -I../../Utilities/lpm/tiny_lpm -I../../Middlewares/ST/STM32_WPAN -I../../Middlewares/ST/STM32_WPAN/interface/patterns/ble_thread -I../../Middlewares/ST/STM32_WPAN/interface/patterns/ble_thread/tl -I../../Middlewares/ST/STM32_WPAN/interface/patterns/ble_thread/shci -I../../Middlewares/ST/STM32_WPAN/utilities -I../../Middlewares/ST/STM32_WPAN/ble/core -I../../Middlewares/ST/STM32_WPAN/ble/core/auto -I../../Middlewares/ST/STM32_WPAN/ble/core/template -I../../Middlewares/ST/STM32_WPAN/ble/svc/Inc -I../../Middlewares/ST/STM32_WPAN/ble/svc/Src -I../../Utilities/sequencer -I../../Middlewares/ST/STM32_WPAN/ble -I../../Drivers/BSP/STM32WB5MM-DK -I../../Drivers/BSP/Components/ssd1315 -I../../Drivers/BSP/Components/Common -I../../Utilities/Fonts -I../../Utilities/LCD -O0 -ffunction-sections -fdata-sections -Wall -fstack-usage -fcyclomatic-complexity -MMD -MP -MF"Middlewares/STM32_WPAN/osal.d" -MT"Middlewares/STM32_WPAN/osal.o" --specs=nano.specs -mfpu=fpv4-sp-d16 -mfloat-abi=hard -mthumb -o "Middlewares/STM32_WPAN/osal.o"
arm-none-eabi-gcc "C:/STM32/.metadata/project2/BLE_p2pServer/Middlewares/ST/STM32_WPAN/utilities/otp.c" -mcpu=cortex-m4 -std=gnu11 -g3 -DDEBUG -DUSE_STM32WB5M_DK -DSTM32WB5Mxx -DUSE_HAL_DRIVER -c -I../../Core/Inc -I../../Drivers/STM32WBxx_HAL_Driver/Inc -I../../Drivers/STM32WBxx_HAL_Driver/Inc/Legacy -I../../Drivers/CMSIS/Device/ST/STM32WBxx/Include -I../../Drivers/CMSIS/Include -I../../STM32_WPAN/App -I../../Utilities/lpm/tiny_lpm -I../../Middlewares/ST/STM32_WPAN -I../../Middlewares/ST/STM32_WPAN/interface/patterns/ble_thread -I../../Middlewares/ST/STM32_WPAN/interface/patterns/ble_thread/tl -I../../Middlewares/ST/STM32_WPAN/interface/patterns/ble_thread/shci -I../../Middlewares/ST/STM32_WPAN/utilities -I../../Middlewares/ST/STM32_WPAN/ble/core -I../../Middlewares/ST/STM32_WPAN/ble/core/auto -I../../Middlewares/ST/STM32_WPAN/ble/core/template -I../../Middlewares/ST/STM32_WPAN/ble/svc/Inc -I../../Middlewares/ST/STM32_WPAN/ble/svc/Src -I../../Utilities/sequencer -I../../Middlewares/ST/STM32_WPAN/ble -I../../Drivers/BSP/STM32WB5MM-DK -I../../Drivers/BSP/Components/ssd1315 -I../../Drivers/BSP/Components/Common -I../../Utilities/Fonts -I../../Utilities/LCD -O0 -ffunction-sections -fdata-sections -Wall -fstack-usage -fcyclomatic-complexity -MMD -MP -MF"Middlewares/STM32_WPAN/otp.d" -MT"Middlewares/STM32_WPAN/otp.o" --specs=nano.specs -mfpu=fpv4-sp-d16 -mfloat-abi=hard -mthumb -o "Middlewares/STM32_WPAN/otp.o"
arm-none-eabi-gcc "C:/STM32/.metadata/project2/BLE_p2pServer/Middlewares/ST/STM32_WPAN/ble/svc/Src/p2p_stm.c" -mcpu=cortex-m4 -std=gnu11 -g3 -DDEBUG -DUSE_STM32WB5M_DK -DSTM32WB5Mxx -DUSE_HAL_DRIVER -c -I../../Core/Inc -I../../Drivers/STM32WBxx_HAL_Driver/Inc -I../../Drivers/STM32WBxx_HAL_Driver/Inc/Legacy -I../../Drivers/CMSIS/Device/ST/STM32WBxx/Include -I../../Drivers/CMSIS/Include -I../../STM32_WPAN/App -I../../Utilities/lpm/tiny_lpm -I../../Middlewares/ST/STM32_WPAN -I../../Middlewares/ST/STM32_WPAN/interface/patterns/ble_thread -I../../Middlewares/ST/STM32_WPAN/interface/patterns/ble_thread/tl -I../../Middlewares/ST/STM32_WPAN/interface/patterns/ble_thread/shci -I../../Middlewares/ST/STM32_WPAN/utilities -I../../Middlewares/ST/STM32_WPAN/ble/core -I../../Middlewares/ST/STM32_WPAN/ble/core/auto -I../../Middlewares/ST/STM32_WPAN/ble/core/template -I../../Middlewares/ST/STM32_WPAN/ble/svc/Inc -I../../Middlewares/ST/STM32_WPAN/ble/svc/Src -I../../Utilities/sequencer -I../../Middlewares/ST/STM32_WPAN/ble -I../../Drivers/BSP/STM32WB5MM-DK -I../../Drivers/BSP/Components/ssd1315 -I../../Drivers/BSP/Components/Common -I../../Utilities/Fonts -I../../Utilities/LCD -O0 -ffunction-sections -fdata-sections -Wall -fstack-usage -fcyclomatic-complexity -MMD -MP -MF"Middlewares/STM32_WPAN/p2p_stm.d" -MT"Middlewares/STM32_WPAN/p2p_stm.o" --specs=nano.specs -mfpu=fpv4-sp-d16 -mfloat-abi=hard -mthumb -o "Middlewares/STM32_WPAN/p2p_stm.o"
arm-none-eabi-gcc "C:/STM32/.metadata/project2/BLE_p2pServer/Middlewares/ST/STM32_WPAN/interface/patterns/ble_thread/shci/shci.c" -mcpu=cortex-m4 -std=gnu11 -g3 -DDEBUG -DUSE_STM32WB5M_DK -DSTM32WB5Mxx -DUSE_HAL_DRIVER -c -I../../Core/Inc -I../../Drivers/STM32WBxx_HAL_Driver/Inc -I../../Drivers/STM32WBxx_HAL_Driver/Inc/Legacy -I../../Drivers/CMSIS/Device/ST/STM32WBxx/Include -I../../Drivers/CMSIS/Include -I../../STM32_WPAN/App -I../../Utilities/lpm/tiny_lpm -I../../Middlewares/ST/STM32_WPAN -I../../Middlewares/ST/STM32_WPAN/interface/patterns/ble_thread -I../../Middlewares/ST/STM32_WPAN/interface/patterns/ble_thread/tl -I../../Middlewares/ST/STM32_WPAN/interface/patterns/ble_thread/shci -I../../Middlewares/ST/STM32_WPAN/utilities -I../../Middlewares/ST/STM32_WPAN/ble/core -I../../Middlewares/ST/STM32_WPAN/ble/core/auto -I../../Middlewares/ST/STM32_WPAN/ble/core/template -I../../Middlewares/ST/STM32_WPAN/ble/svc/Inc -I../../Middlewares/ST/STM32_WPAN/ble/svc/Src -I../../Utilities/sequencer -I../../Middlewares/ST/STM32_WPAN/ble -I../../Drivers/BSP/STM32WB5MM-DK -I../../Drivers/BSP/Components/ssd1315 -I../../Drivers/BSP/Components/Common -I../../Utilities/Fonts -I../../Utilities/LCD -O0 -ffunction-sections -fdata-sections -Wall -fstack-usage -fcyclomatic-complexity -MMD -MP -MF"Middlewares/STM32_WPAN/shci.d" -MT"Middlewares/STM32_WPAN/shci.o" --specs=nano.specs -mfpu=fpv4-sp-d16 -mfloat-abi=hard -mthumb -o "Middlewares/STM32_WPAN/shci.o"
arm-none-eabi-gcc "C:/STM32/.metadata/project2/BLE_p2pServer/Middlewares/ST/STM32_WPAN/interface/patterns/ble_thread/tl/shci_tl.c" -mcpu=cortex-m4 -std=gnu11 -g3 -DDEBUG -DUSE_STM32WB5M_DK -DSTM32WB5Mxx -DUSE_HAL_DRIVER -c -I../../Core/Inc -I../../Drivers/STM32WBxx_HAL_Driver/Inc -I../../Drivers/STM32WBxx_HAL_Driver/Inc/Legacy -I../../Drivers/CMSIS/Device/ST/STM32WBxx/Include -I../../Drivers/CMSIS/Include -I../../STM32_WPAN/App -I../../Utilities/lpm/tiny_lpm -I../../Middlewares/ST/STM32_WPAN -I../../Middlewares/ST/STM32_WPAN/interface/patterns/ble_thread -I../../Middlewares/ST/STM32_WPAN/interface/patterns/ble_thread/tl -I../../Middlewares/ST/STM32_WPAN/interface/patterns/ble_thread/shci -I../../Middlewares/ST/STM32_WPAN/utilities -I../../Middlewares/ST/STM32_WPAN/ble/core -I../../Middlewares/ST/STM32_WPAN/ble/core/auto -I../../Middlewares/ST/STM32_WPAN/ble/core/template -I../../Middlewares/ST/STM32_WPAN/ble/svc/Inc -I../../Middlewares/ST/STM32_WPAN/ble/svc/Src -I../../Utilities/sequencer -I../../Middlewares/ST/STM32_WPAN/ble -I../../Drivers/BSP/STM32WB5MM-DK -I../../Drivers/BSP/Components/ssd1315 -I../../Drivers/BSP/Components/Common -I../../Utilities/Fonts -I../../Utilities/LCD -O0 -ffunction-sections -fdata-sections -Wall -fstack-usage -fcyclomatic-complexity -MMD -MP -MF"Middlewares/STM32_WPAN/shci_tl.d" -MT"Middlewares/STM32_WPAN/shci_tl.o" --specs=nano.specs -mfpu=fpv4-sp-d16 -mfloat-abi=hard -mthumb -o "Middlewares/STM32_WPAN/shci_tl.o"
arm-none-eabi-gcc "C:/STM32/.metadata/project2/BLE_p2pServer/Middlewares/ST/STM32_WPAN/interface/patterns/ble_thread/tl/shci_tl_if.c" -mcpu=cortex-m4 -std=gnu11 -g3 -DDEBUG -DUSE_STM32WB5M_DK -DSTM32WB5Mxx -DUSE_HAL_DRIVER -c -I../../Core/Inc -I../../Drivers/STM32WBxx_HAL_Driver/Inc -I../../Drivers/STM32WBxx_HAL_Driver/Inc/Legacy -I../../Drivers/CMSIS/Device/ST/STM32WBxx/Include -I../../Drivers/CMSIS/Include -I../../STM32_WPAN/App -I../../Utilities/lpm/tiny_lpm -I../../Middlewares/ST/STM32_WPAN -I../../Middlewares/ST/STM32_WPAN/interface/patterns/ble_thread -I../../Middlewares/ST/STM32_WPAN/interface/patterns/ble_thread/tl -I../../Middlewares/ST/STM32_WPAN/interface/patterns/ble_thread/shci -I../../Middlewares/ST/STM32_WPAN/utilities -I../../Middlewares/ST/STM32_WPAN/ble/core -I../../Middlewares/ST/STM32_WPAN/ble/core/auto -I../../Middlewares/ST/STM32_WPAN/ble/core/template -I../../Middlewares/ST/STM32_WPAN/ble/svc/Inc -I../../Middlewares/ST/STM32_WPAN/ble/svc/Src -I../../Utilities/sequencer -I../../Middlewares/ST/STM32_WPAN/ble -I../../Drivers/BSP/STM32WB5MM-DK -I../../Drivers/BSP/Components/ssd1315 -I../../Drivers/BSP/Components/Common -I../../Utilities/Fonts -I../../Utilities/LCD -O0 -ffunction-sections -fdata-sections -Wall -fstack-usage -fcyclomatic-complexity -MMD -MP -MF"Middlewares/STM32_WPAN/shci_tl_if.d" -MT"Middlewares/STM32_WPAN/shci_tl_if.o" --specs=nano.specs -mfpu=fpv4-sp-d16 -mfloat-abi=hard -mthumb -o "Middlewares/STM32_WPAN/shci_tl_if.o"
arm-none-eabi-gcc "C:/STM32/.metadata/project2/BLE_p2pServer/Middlewares/ST/STM32_WPAN/utilities/stm_list.c" -mcpu=cortex-m4 -std=gnu11 -g3 -DDEBUG -DUSE_STM32WB5M_DK -DSTM32WB5Mxx -DUSE_HAL_DRIVER -c -I../../Core/Inc -I../../Drivers/STM32WBxx_HAL_Driver/Inc -I../../Drivers/STM32WBxx_HAL_Driver/Inc/Legacy -I../../Drivers/CMSIS/Device/ST/STM32WBxx/Include -I../../Drivers/CMSIS/Include -I../../STM32_WPAN/App -I../../Utilities/lpm/tiny_lpm -I../../Middlewares/ST/STM32_WPAN -I../../Middlewares/ST/STM32_WPAN/interface/patterns/ble_thread -I../../Middlewares/ST/STM32_WPAN/interface/patterns/ble_thread/tl -I../../Middlewares/ST/STM32_WPAN/interface/patterns/ble_thread/shci -I../../Middlewares/ST/STM32_WPAN/utilities -I../../Middlewares/ST/STM32_WPAN/ble/core -I../../Middlewares/ST/STM32_WPAN/ble/core/auto -I../../Middlewares/ST/STM32_WPAN/ble/core/template -I../../Middlewares/ST/STM32_WPAN/ble/svc/Inc -I../../Middlewares/ST/STM32_WPAN/ble/svc/Src -I../../Utilities/sequencer -I../../Middlewares/ST/STM32_WPAN/ble -I../../Drivers/BSP/STM32WB5MM-DK -I../../Drivers/BSP/Components/ssd1315 -I../../Drivers/BSP/Components/Common -I../../Utilities/Fonts -I../../Utilities/LCD -O0 -ffunction-sections -fdata-sections -Wall -fstack-usage -fcyclomatic-complexity -MMD -MP -MF"Middlewares/STM32_WPAN/stm_list.d" -MT"Middlewares/STM32_WPAN/stm_list.o" --specs=nano.specs -mfpu=fpv4-sp-d16 -mfloat-abi=hard -mthumb -o "Middlewares/STM32_WPAN/stm_list.o"
arm-none-eabi-gcc "C:/STM32/.metadata/project2/BLE_p2pServer/Middlewares/ST/STM32_WPAN/utilities/stm_queue.c" -mcpu=cortex-m4 -std=gnu11 -g3 -DDEBUG -DUSE_STM32WB5M_DK -DSTM32WB5Mxx -DUSE_HAL_DRIVER -c -I../../Core/Inc -I../../Drivers/STM32WBxx_HAL_Driver/Inc -I../../Drivers/STM32WBxx_HAL_Driver/Inc/Legacy -I../../Drivers/CMSIS/Device/ST/STM32WBxx/Include -I../../Drivers/CMSIS/Include -I../../STM32_WPAN/App -I../../Utilities/lpm/tiny_lpm -I../../Middlewares/ST/STM32_WPAN -I../../Middlewares/ST/STM32_WPAN/interface/patterns/ble_thread -I../../Middlewares/ST/STM32_WPAN/interface/patterns/ble_thread/tl -I../../Middlewares/ST/STM32_WPAN/interface/patterns/ble_thread/shci -I../../Middlewares/ST/STM32_WPAN/utilities -I../../Middlewares/ST/STM32_WPAN/ble/core -I../../Middlewares/ST/STM32_WPAN/ble/core/auto -I../../Middlewares/ST/STM32_WPAN/ble/core/template -I../../Middlewares/ST/STM32_WPAN/ble/svc/Inc -I../../Middlewares/ST/STM32_WPAN/ble/svc/Src -I../../Utilities/sequencer -I../../Middlewares/ST/STM32_WPAN/ble -I../../Drivers/BSP/STM32WB5MM-DK -I../../Drivers/BSP/Components/ssd1315 -I../../Drivers/BSP/Components/Common -I../../Utilities/Fonts -I../../Utilities/LCD -O0 -ffunction-sections -fdata-sections -Wall -fstack-usage -fcyclomatic-complexity -MMD -MP -MF"Middlewares/STM32_WPAN/stm_queue.d" -MT"Middlewares/STM32_WPAN/stm_queue.o" --specs=nano.specs -mfpu=fpv4-sp-d16 -mfloat-abi=hard -mthumb -o "Middlewares/STM32_WPAN/stm_queue.o"
arm-none-eabi-gcc "C:/STM32/.metadata/project2/BLE_p2pServer/Middlewares/ST/STM32_WPAN/ble/svc/Src/svc_ctl.c" -mcpu=cortex-m4 -std=gnu11 -g3 -DDEBUG -DUSE_STM32WB5M_DK -DSTM32WB5Mxx -DUSE_HAL_DRIVER -c -I../../Core/Inc -I../../Drivers/STM32WBxx_HAL_Driver/Inc -I../../Drivers/STM32WBxx_HAL_Driver/Inc/Legacy -I../../Drivers/CMSIS/Device/ST/STM32WBxx/Include -I../../Drivers/CMSIS/Include -I../../STM32_WPAN/App -I../../Utilities/lpm/tiny_lpm -I../../Middlewares/ST/STM32_WPAN -I../../Middlewares/ST/STM32_WPAN/interface/patterns/ble_thread -I../../Middlewares/ST/STM32_WPAN/interface/patterns/ble_thread/tl -I../../Middlewares/ST/STM32_WPAN/interface/patterns/ble_thread/shci -I../../Middlewares/ST/STM32_WPAN/utilities -I../../Middlewares/ST/STM32_WPAN/ble/core -I../../Middlewares/ST/STM32_WPAN/ble/core/auto -I../../Middlewares/ST/STM32_WPAN/ble/core/template -I../../Middlewares/ST/STM32_WPAN/ble/svc/Inc -I../../Middlewares/ST/STM32_WPAN/ble/svc/Src -I../../Utilities/sequencer -I../../Middlewares/ST/STM32_WPAN/ble -I../../Drivers/BSP/STM32WB5MM-DK -I../../Drivers/BSP/Components/ssd1315 -I../../Drivers/BSP/Components/Common -I../../Utilities/Fonts -I../../Utilities/LCD -O0 -ffunction-sections -fdata-sections -Wall -fstack-usage -fcyclomatic-complexity -MMD -MP -MF"Middlewares/STM32_WPAN/svc_ctl.d" -MT"Middlewares/STM32_WPAN/svc_ctl.o" --specs=nano.specs -mfpu=fpv4-sp-d16 -mfloat-abi=hard -mthumb -o "Middlewares/STM32_WPAN/svc_ctl.o"
arm-none-eabi-gcc "C:/STM32/.metadata/project2/BLE_p2pServer/Middlewares/ST/STM32_WPAN/interface/patterns/ble_thread/tl/tl_mbox.c" -mcpu=cortex-m4 -std=gnu11 -g3 -DDEBUG -DUSE_STM32WB5M_DK -DSTM32WB5Mxx -DUSE_HAL_DRIVER -c -I../../Core/Inc -I../../Drivers/STM32WBxx_HAL_Driver/Inc -I../../Drivers/STM32WBxx_HAL_Driver/Inc/Legacy -I../../Drivers/CMSIS/Device/ST/STM32WBxx/Include -I../../Drivers/CMSIS/Include -I../../STM32_WPAN/App -I../../Utilities/lpm/tiny_lpm -I../../Middlewares/ST/STM32_WPAN -I../../Middlewares/ST/STM32_WPAN/interface/patterns/ble_thread -I../../Middlewares/ST/STM32_WPAN/interface/patterns/ble_thread/tl -I../../Middlewares/ST/STM32_WPAN/interface/patterns/ble_thread/shci -I../../Middlewares/ST/STM32_WPAN/utilities -I../../Middlewares/ST/STM32_WPAN/ble/core -I../../Middlewares/ST/STM32_WPAN/ble/core/auto -I../../Middlewares/ST/STM32_WPAN/ble/core/template -I../../Middlewares/ST/STM32_WPAN/ble/svc/Inc -I../../Middlewares/ST/STM32_WPAN/ble/svc/Src -I../../Utilities/sequencer -I../../Middlewares/ST/STM32_WPAN/ble -I../../Drivers/BSP/STM32WB5MM-DK -I../../Drivers/BSP/Components/ssd1315 -I../../Drivers/BSP/Components/Common -I../../Utilities/Fonts -I../../Utilities/LCD -O0 -ffunction-sections -fdata-sections -Wall -fstack-usage -fcyclomatic-complexity -MMD -MP -MF"Middlewares/STM32_WPAN/tl_mbox.d" -MT"Middlewares/STM32_WPAN/tl_mbox.o" --specs=nano.specs -mfpu=fpv4-sp-d16 -mfloat-abi=hard -mthumb -o "Middlewares/STM32_WPAN/tl_mbox.o"
arm-none-eabi-gcc "C:/STM32/.metadata/project2/BLE_p2pServer/Drivers/STM32WBxx_HAL_Driver/Src/stm32wbxx_hal.c" -mcpu=cortex-m4 -std=gnu11 -g3 -DDEBUG -DUSE_STM32WB5M_DK -DSTM32WB5Mxx -DUSE_HAL_DRIVER -c -I../../Core/Inc -I../../Drivers/STM32WBxx_HAL_Driver/Inc -I../../Drivers/STM32WBxx_HAL_Driver/Inc/Legacy -I../../Drivers/CMSIS/Device/ST/STM32WBxx/Include -I../../Drivers/CMSIS/Include -I../../STM32_WPAN/App -I../../Utilities/lpm/tiny_lpm -I../../Middlewares/ST/STM32_WPAN -I../../Middlewares/ST/STM32_WPAN/interface/patterns/ble_thread -I../../Middlewares/ST/STM32_WPAN/interface/patterns/ble_thread/tl -I../../Middlewares/ST/STM32_WPAN/interface/patterns/ble_thread/shci -I../../Middlewares/ST/STM32_WPAN/utilities -I../../Middlewares/ST/STM32_WPAN/ble/core -I../../Middlewares/ST/STM32_WPAN/ble/core/auto -I../../Middlewares/ST/STM32_WPAN/ble/core/template -I../../Middlewares/ST/STM32_WPAN/ble/svc/Inc -I../../Middlewares/ST/STM32_WPAN/ble/svc/Src -I../../Utilities/sequencer -I../../Middlewares/ST/STM32_WPAN/ble -I../../Drivers/BSP/STM32WB5MM-DK -I../../Drivers/BSP/Components/ssd1315 -I../../Drivers/BSP/Components/Common -I../../Utilities/Fonts -I../../Utilities/LCD -O0 -ffunction-sections -fdata-sections -Wall -fstack-usage -fcyclomatic-complexity -MMD -MP -MF"Drivers/STM32WBxx_HAL_Driver/stm32wbxx_hal.d" -MT"Drivers/STM32WBxx_HAL_Driver/stm32wbxx_hal.o" --specs=nano.specs -mfpu=fpv4-sp-d16 -mfloat-abi=hard -mthumb -o "Drivers/STM32WBxx_HAL_Driver/stm32wbxx_hal.o"
arm-none-eabi-gcc "C:/STM32/.metadata/project2/BLE_p2pServer/Drivers/STM32WBxx_HAL_Driver/Src/stm32wbxx_hal_cortex.c" -mcpu=cortex-m4 -std=gnu11 -g3 -DDEBUG -DUSE_STM32WB5M_DK -DSTM32WB5Mxx -DUSE_HAL_DRIVER -c -I../../Core/Inc -I../../Drivers/STM32WBxx_HAL_Driver/Inc -I../../Drivers/STM32WBxx_HAL_Driver/Inc/Legacy -I../../Drivers/CMSIS/Device/ST/STM32WBxx/Include -I../../Drivers/CMSIS/Include -I../../STM32_WPAN/App -I../../Utilities/lpm/tiny_lpm -I../../Middlewares/ST/STM32_WPAN -I../../Middlewares/ST/STM32_WPAN/interface/patterns/ble_thread -I../../Middlewares/ST/STM32_WPAN/interface/patterns/ble_thread/tl -I../../Middlewares/ST/STM32_WPAN/interface/patterns/ble_thread/shci -I../../Middlewares/ST/STM32_WPAN/utilities -I../../Middlewares/ST/STM32_WPAN/ble/core -I../../Middlewares/ST/STM32_WPAN/ble/core/auto -I../../Middlewares/ST/STM32_WPAN/ble/core/template -I../../Middlewares/ST/STM32_WPAN/ble/svc/Inc -I../../Middlewares/ST/STM32_WPAN/ble/svc/Src -I../../Utilities/sequencer -I../../Middlewares/ST/STM32_WPAN/ble -I../../Drivers/BSP/STM32WB5MM-DK -I../../Drivers/BSP/Components/ssd1315 -I../../Drivers/BSP/Components/Common -I../../Utilities/Fonts -I../../Utilities/LCD -O0 -ffunction-sections -fdata-sections -Wall -fstack-usage -fcyclomatic-complexity -MMD -MP -MF"Drivers/STM32WBxx_HAL_Driver/stm32wbxx_hal_cortex.d" -MT"Drivers/STM32WBxx_HAL_Driver/stm32wbxx_hal_cortex.o" --specs=nano.specs -mfpu=fpv4-sp-d16 -mfloat-abi=hard -mthumb -o "Drivers/STM32WBxx_HAL_Driver/stm32wbxx_hal_cortex.o"
arm-none-eabi-gcc "C:/STM32/.metadata/project2/BLE_p2pServer/Drivers/STM32WBxx_HAL_Driver/Src/stm32wbxx_hal_dma.c" -mcpu=cortex-m4 -std=gnu11 -g3 -DDEBUG -DUSE_STM32WB5M_DK -DSTM32WB5Mxx -DUSE_HAL_DRIVER -c -I../../Core/Inc -I../../Drivers/STM32WBxx_HAL_Driver/Inc -I../../Drivers/STM32WBxx_HAL_Driver/Inc/Legacy -I../../Drivers/CMSIS/Device/ST/STM32WBxx/Include -I../../Drivers/CMSIS/Include -I../../STM32_WPAN/App -I../../Utilities/lpm/tiny_lpm -I../../Middlewares/ST/STM32_WPAN -I../../Middlewares/ST/STM32_WPAN/interface/patterns/ble_thread -I../../Middlewares/ST/STM32_WPAN/interface/patterns/ble_thread/tl -I../../Middlewares/ST/STM32_WPAN/interface/patterns/ble_thread/shci -I../../Middlewares/ST/STM32_WPAN/utilities -I../../Middlewares/ST/STM32_WPAN/ble/core -I../../Middlewares/ST/STM32_WPAN/ble/core/auto -I../../Middlewares/ST/STM32_WPAN/ble/core/template -I../../Middlewares/ST/STM32_WPAN/ble/svc/Inc -I../../Middlewares/ST/STM32_WPAN/ble/svc/Src -I../../Utilities/sequencer -I../../Middlewares/ST/STM32_WPAN/ble -I../../Drivers/BSP/STM32WB5MM-DK -I../../Drivers/BSP/Components/ssd1315 -I../../Drivers/BSP/Components/Common -I../../Utilities/Fonts -I../../Utilities/LCD -O0 -ffunction-sections -fdata-sections -Wall -fstack-usage -fcyclomatic-complexity -MMD -MP -MF"Drivers/STM32WBxx_HAL_Driver/stm32wbxx_hal_dma.d" -MT"Drivers/STM32WBxx_HAL_Driver/stm32wbxx_hal_dma.o" --specs=nano.specs -mfpu=fpv4-sp-d16 -mfloat-abi=hard -mthumb -o "Drivers/STM32WBxx_HAL_Driver/stm32wbxx_hal_dma.o"
arm-none-eabi-gcc "C:/STM32/.metadata/project2/BLE_p2pServer/Drivers/STM32WBxx_HAL_Driver/Src/stm32wbxx_hal_dma_ex.c" -mcpu=cortex-m4 -std=gnu11 -g3 -DDEBUG -DUSE_STM32WB5M_DK -DSTM32WB5Mxx -DUSE_HAL_DRIVER -c -I../../Core/Inc -I../../Drivers/STM32WBxx_HAL_Driver/Inc -I../../Drivers/STM32WBxx_HAL_Driver/Inc/Legacy -I../../Drivers/CMSIS/Device/ST/STM32WBxx/Include -I../../Drivers/CMSIS/Include -I../../STM32_WPAN/App -I../../Utilities/lpm/tiny_lpm -I../../Middlewares/ST/STM32_WPAN -I../../Middlewares/ST/STM32_WPAN/interface/patterns/ble_thread -I../../Middlewares/ST/STM32_WPAN/interface/patterns/ble_thread/tl -I../../Middlewares/ST/STM32_WPAN/interface/patterns/ble_thread/shci -I../../Middlewares/ST/STM32_WPAN/utilities -I../../Middlewares/ST/STM32_WPAN/ble/core -I../../Middlewares/ST/STM32_WPAN/ble/core/auto -I../../Middlewares/ST/STM32_WPAN/ble/core/template -I../../Middlewares/ST/STM32_WPAN/ble/svc/Inc -I../../Middlewares/ST/STM32_WPAN/ble/svc/Src -I../../Utilities/sequencer -I../../Middlewares/ST/STM32_WPAN/ble -I../../Drivers/BSP/STM32WB5MM-DK -I../../Drivers/BSP/Components/ssd1315 -I../../Drivers/BSP/Components/Common -I../../Utilities/Fonts -I../../Utilities/LCD -O0 -ffunction-sections -fdata-sections -Wall -fstack-usage -fcyclomatic-complexity -MMD -MP -MF"Drivers/STM32WBxx_HAL_Driver/stm32wbxx_hal_dma_ex.d" -MT"Drivers/STM32WBxx_HAL_Driver/stm32wbxx_hal_dma_ex.o" --specs=nano.specs -mfpu=fpv4-sp-d16 -mfloat-abi=hard -mthumb -o "Drivers/STM32WBxx_HAL_Driver/stm32wbxx_hal_dma_ex.o"
arm-none-eabi-gcc "C:/STM32/.metadata/project2/BLE_p2pServer/Drivers/STM32WBxx_HAL_Driver/Src/stm32wbxx_hal_exti.c" -mcpu=cortex-m4 -std=gnu11 -g3 -DDEBUG -DUSE_STM32WB5M_DK -DSTM32WB5Mxx -DUSE_HAL_DRIVER -c -I../../Core/Inc -I../../Drivers/STM32WBxx_HAL_Driver/Inc -I../../Drivers/STM32WBxx_HAL_Driver/Inc/Legacy -I../../Drivers/CMSIS/Device/ST/STM32WBxx/Include -I../../Drivers/CMSIS/Include -I../../STM32_WPAN/App -I../../Utilities/lpm/tiny_lpm -I../../Middlewares/ST/STM32_WPAN -I../../Middlewares/ST/STM32_WPAN/interface/patterns/ble_thread -I../../Middlewares/ST/STM32_WPAN/interface/patterns/ble_thread/tl -I../../Middlewares/ST/STM32_WPAN/interface/patterns/ble_thread/shci -I../../Middlewares/ST/STM32_WPAN/utilities -I../../Middlewares/ST/STM32_WPAN/ble/core -I../../Middlewares/ST/STM32_WPAN/ble/core/auto -I../../Middlewares/ST/STM32_WPAN/ble/core/template -I../../Middlewares/ST/STM32_WPAN/ble/svc/Inc -I../../Middlewares/ST/STM32_WPAN/ble/svc/Src -I../../Utilities/sequencer -I../../Middlewares/ST/STM32_WPAN/ble -I../../Drivers/BSP/STM32WB5MM-DK -I../../Drivers/BSP/Components/ssd1315 -I../../Drivers/BSP/Components/Common -I../../Utilities/Fonts -I../../Utilities/LCD -O0 -ffunction-sections -fdata-sections -Wall -fstack-usage -fcyclomatic-complexity -MMD -MP -MF"Drivers/STM32WBxx_HAL_Driver/stm32wbxx_hal_exti.d" -MT"Drivers/STM32WBxx_HAL_Driver/stm32wbxx_hal_exti.o" --specs=nano.specs -mfpu=fpv4-sp-d16 -mfloat-abi=hard -mthumb -o "Drivers/STM32WBxx_HAL_Driver/stm32wbxx_hal_exti.o"
arm-none-eabi-gcc "C:/STM32/.metadata/project2/BLE_p2pServer/Drivers/STM32WBxx_HAL_Driver/Src/stm32wbxx_hal_flash.c" -mcpu=cortex-m4 -std=gnu11 -g3 -DDEBUG -DUSE_STM32WB5M_DK -DSTM32WB5Mxx -DUSE_HAL_DRIVER -c -I../../Core/Inc -I../../Drivers/STM32WBxx_HAL_Driver/Inc -I../../Drivers/STM32WBxx_HAL_Driver/Inc/Legacy -I../../Drivers/CMSIS/Device/ST/STM32WBxx/Include -I../../Drivers/CMSIS/Include -I../../STM32_WPAN/App -I../../Utilities/lpm/tiny_lpm -I../../Middlewares/ST/STM32_WPAN -I../../Middlewares/ST/STM32_WPAN/interface/patterns/ble_thread -I../../Middlewares/ST/STM32_WPAN/interface/patterns/ble_thread/tl -I../../Middlewares/ST/STM32_WPAN/interface/patterns/ble_thread/shci -I../../Middlewares/ST/STM32_WPAN/utilities -I../../Middlewares/ST/STM32_WPAN/ble/core -I../../Middlewares/ST/STM32_WPAN/ble/core/auto -I../../Middlewares/ST/STM32_WPAN/ble/core/template -I../../Middlewares/ST/STM32_WPAN/ble/svc/Inc -I../../Middlewares/ST/STM32_WPAN/ble/svc/Src -I../../Utilities/sequencer -I../../Middlewares/ST/STM32_WPAN/ble -I../../Drivers/BSP/STM32WB5MM-DK -I../../Drivers/BSP/Components/ssd1315 -I../../Drivers/BSP/Components/Common -I../../Utilities/Fonts -I../../Utilities/LCD -O0 -ffunction-sections -fdata-sections -Wall -fstack-usage -fcyclomatic-complexity -MMD -MP -MF"Drivers/STM32WBxx_HAL_Driver/stm32wbxx_hal_flash.d" -MT"Drivers/STM32WBxx_HAL_Driver/stm32wbxx_hal_flash.o" --specs=nano.specs -mfpu=fpv4-sp-d16 -mfloat-abi=hard -mthumb -o "Drivers/STM32WBxx_HAL_Driver/stm32wbxx_hal_flash.o"
arm-none-eabi-gcc "C:/STM32/.metadata/project2/BLE_p2pServer/Drivers/STM32WBxx_HAL_Driver/Src/stm32wbxx_hal_flash_ex.c" -mcpu=cortex-m4 -std=gnu11 -g3 -DDEBUG -DUSE_STM32WB5M_DK -DSTM32WB5Mxx -DUSE_HAL_DRIVER -c -I../../Core/Inc -I../../Drivers/STM32WBxx_HAL_Driver/Inc -I../../Drivers/STM32WBxx_HAL_Driver/Inc/Legacy -I../../Drivers/CMSIS/Device/ST/STM32WBxx/Include -I../../Drivers/CMSIS/Include -I../../STM32_WPAN/App -I../../Utilities/lpm/tiny_lpm -I../../Middlewares/ST/STM32_WPAN -I../../Middlewares/ST/STM32_WPAN/interface/patterns/ble_thread -I../../Middlewares/ST/STM32_WPAN/interface/patterns/ble_thread/tl -I../../Middlewares/ST/STM32_WPAN/interface/patterns/ble_thread/shci -I../../Middlewares/ST/STM32_WPAN/utilities -I../../Middlewares/ST/STM32_WPAN/ble/core -I../../Middlewares/ST/STM32_WPAN/ble/core/auto -I../../Middlewares/ST/STM32_WPAN/ble/core/template -I../../Middlewares/ST/STM32_WPAN/ble/svc/Inc -I../../Middlewares/ST/STM32_WPAN/ble/svc/Src -I../../Utilities/sequencer -I../../Middlewares/ST/STM32_WPAN/ble -I../../Drivers/BSP/STM32WB5MM-DK -I../../Drivers/BSP/Components/ssd1315 -I../../Drivers/BSP/Components/Common -I../../Utilities/Fonts -I../../Utilities/LCD -O0 -ffunction-sections -fdata-sections -Wall -fstack-usage -fcyclomatic-complexity -MMD -MP -MF"Drivers/STM32WBxx_HAL_Driver/stm32wbxx_hal_flash_ex.d" -MT"Drivers/STM32WBxx_HAL_Driver/stm32wbxx_hal_flash_ex.o" --specs=nano.specs -mfpu=fpv4-sp-d16 -mfloat-abi=hard -mthumb -o "Drivers/STM32WBxx_HAL_Driver/stm32wbxx_hal_flash_ex.o"
arm-none-eabi-gcc "C:/STM32/.metadata/project2/BLE_p2pServer/Drivers/STM32WBxx_HAL_Driver/Src/stm32wbxx_hal_gpio.c" -mcpu=cortex-m4 -std=gnu11 -g3 -DDEBUG -DUSE_STM32WB5M_DK -DSTM32WB5Mxx -DUSE_HAL_DRIVER -c -I../../Core/Inc -I../../Drivers/STM32WBxx_HAL_Driver/Inc -I../../Drivers/STM32WBxx_HAL_Driver/Inc/Legacy -I../../Drivers/CMSIS/Device/ST/STM32WBxx/Include -I../../Drivers/CMSIS/Include -I../../STM32_WPAN/App -I../../Utilities/lpm/tiny_lpm -I../../Middlewares/ST/STM32_WPAN -I../../Middlewares/ST/STM32_WPAN/interface/patterns/ble_thread -I../../Middlewares/ST/STM32_WPAN/interface/patterns/ble_thread/tl -I../../Middlewares/ST/STM32_WPAN/interface/patterns/ble_thread/shci -I../../Middlewares/ST/STM32_WPAN/utilities -I../../Middlewares/ST/STM32_WPAN/ble/core -I../../Middlewares/ST/STM32_WPAN/ble/core/auto -I../../Middlewares/ST/STM32_WPAN/ble/core/template -I../../Middlewares/ST/STM32_WPAN/ble/svc/Inc -I../../Middlewares/ST/STM32_WPAN/ble/svc/Src -I../../Utilities/sequencer -I../../Middlewares/ST/STM32_WPAN/ble -I../../Drivers/BSP/STM32WB5MM-DK -I../../Drivers/BSP/Components/ssd1315 -I../../Drivers/BSP/Components/Common -I../../Utilities/Fonts -I../../Utilities/LCD -O0 -ffunction-sections -fdata-sections -Wall -fstack-usage -fcyclomatic-complexity -MMD -MP -MF"Drivers/STM32WBxx_HAL_Driver/stm32wbxx_hal_gpio.d" -MT"Drivers/STM32WBxx_HAL_Driver/stm32wbxx_hal_gpio.o" --specs=nano.specs -mfpu=fpv4-sp-d16 -mfloat-abi=hard -mthumb -o "Drivers/STM32WBxx_HAL_Driver/stm32wbxx_hal_gpio.o"
arm-none-eabi-gcc "C:/STM32/.metadata/project2/BLE_p2pServer/Drivers/STM32WBxx_HAL_Driver/Src/stm32wbxx_hal_hsem.c" -mcpu=cortex-m4 -std=gnu11 -g3 -DDEBUG -DUSE_STM32WB5M_DK -DSTM32WB5Mxx -DUSE_HAL_DRIVER -c -I../../Core/Inc -I../../Drivers/STM32WBxx_HAL_Driver/Inc -I../../Drivers/STM32WBxx_HAL_Driver/Inc/Legacy -I../../Drivers/CMSIS/Device/ST/STM32WBxx/Include -I../../Drivers/CMSIS/Include -I../../STM32_WPAN/App -I../../Utilities/lpm/tiny_lpm -I../../Middlewares/ST/STM32_WPAN -I../../Middlewares/ST/STM32_WPAN/interface/patterns/ble_thread -I../../Middlewares/ST/STM32_WPAN/interface/patterns/ble_thread/tl -I../../Middlewares/ST/STM32_WPAN/interface/patterns/ble_thread/shci -I../../Middlewares/ST/STM32_WPAN/utilities -I../../Middlewares/ST/STM32_WPAN/ble/core -I../../Middlewares/ST/STM32_WPAN/ble/core/auto -I../../Middlewares/ST/STM32_WPAN/ble/core/template -I../../Middlewares/ST/STM32_WPAN/ble/svc/Inc -I../../Middlewares/ST/STM32_WPAN/ble/svc/Src -I../../Utilities/sequencer -I../../Middlewares/ST/STM32_WPAN/ble -I../../Drivers/BSP/STM32WB5MM-DK -I../../Drivers/BSP/Components/ssd1315 -I../../Drivers/BSP/Components/Common -I../../Utilities/Fonts -I../../Utilities/LCD -O0 -ffunction-sections -fdata-sections -Wall -fstack-usage -fcyclomatic-complexity -MMD -MP -MF"Drivers/STM32WBxx_HAL_Driver/stm32wbxx_hal_hsem.d" -MT"Drivers/STM32WBxx_HAL_Driver/stm32wbxx_hal_hsem.o" --specs=nano.specs -mfpu=fpv4-sp-d16 -mfloat-abi=hard -mthumb -o "Drivers/STM32WBxx_HAL_Driver/stm32wbxx_hal_hsem.o"
arm-none-eabi-gcc "C:/STM32/.metadata/project2/BLE_p2pServer/Drivers/STM32WBxx_HAL_Driver/Src/stm32wbxx_hal_i2c.c" -mcpu=cortex-m4 -std=gnu11 -g3 -DDEBUG -DUSE_STM32WB5M_DK -DSTM32WB5Mxx -DUSE_HAL_DRIVER -c -I../../Core/Inc -I../../Drivers/STM32WBxx_HAL_Driver/Inc -I../../Drivers/STM32WBxx_HAL_Driver/Inc/Legacy -I../../Drivers/CMSIS/Device/ST/STM32WBxx/Include -I../../Drivers/CMSIS/Include -I../../STM32_WPAN/App -I../../Utilities/lpm/tiny_lpm -I../../Middlewares/ST/STM32_WPAN -I../../Middlewares/ST/STM32_WPAN/interface/patterns/ble_thread -I../../Middlewares/ST/STM32_WPAN/interface/patterns/ble_thread/tl -I../../Middlewares/ST/STM32_WPAN/interface/patterns/ble_thread/shci -I../../Middlewares/ST/STM32_WPAN/utilities -I../../Middlewares/ST/STM32_WPAN/ble/core -I../../Middlewares/ST/STM32_WPAN/ble/core/auto -I../../Middlewares/ST/STM32_WPAN/ble/core/template -I../../Middlewares/ST/STM32_WPAN/ble/svc/Inc -I../../Middlewares/ST/STM32_WPAN/ble/svc/Src -I../../Utilities/sequencer -I../../Middlewares/ST/STM32_WPAN/ble -I../../Drivers/BSP/STM32WB5MM-DK -I../../Drivers/BSP/Components/ssd1315 -I../../Drivers/BSP/Components/Common -I../../Utilities/Fonts -I../../Utilities/LCD -O0 -ffunction-sections -fdata-sections -Wall -fstack-usage -fcyclomatic-complexity -MMD -MP -MF"Drivers/STM32WBxx_HAL_Driver/stm32wbxx_hal_i2c.d" -MT"Drivers/STM32WBxx_HAL_Driver/stm32wbxx_hal_i2c.o" --specs=nano.specs -mfpu=fpv4-sp-d16 -mfloat-abi=hard -mthumb -o "Drivers/STM32WBxx_HAL_Driver/stm32wbxx_hal_i2c.o"
arm-none-eabi-gcc "C:/STM32/.metadata/project2/BLE_p2pServer/Drivers/STM32WBxx_HAL_Driver/Src/stm32wbxx_hal_i2c_ex.c" -mcpu=cortex-m4 -std=gnu11 -g3 -DDEBUG -DUSE_STM32WB5M_DK -DSTM32WB5Mxx -DUSE_HAL_DRIVER -c -I../../Core/Inc -I../../Drivers/STM32WBxx_HAL_Driver/Inc -I../../Drivers/STM32WBxx_HAL_Driver/Inc/Legacy -I../../Drivers/CMSIS/Device/ST/STM32WBxx/Include -I../../Drivers/CMSIS/Include -I../../STM32_WPAN/App -I../../Utilities/lpm/tiny_lpm -I../../Middlewares/ST/STM32_WPAN -I../../Middlewares/ST/STM32_WPAN/interface/patterns/ble_thread -I../../Middlewares/ST/STM32_WPAN/interface/patterns/ble_thread/tl -I../../Middlewares/ST/STM32_WPAN/interface/patterns/ble_thread/shci -I../../Middlewares/ST/STM32_WPAN/utilities -I../../Middlewares/ST/STM32_WPAN/ble/core -I../../Middlewares/ST/STM32_WPAN/ble/core/auto -I../../Middlewares/ST/STM32_WPAN/ble/core/template -I../../Middlewares/ST/STM32_WPAN/ble/svc/Inc -I../../Middlewares/ST/STM32_WPAN/ble/svc/Src -I../../Utilities/sequencer -I../../Middlewares/ST/STM32_WPAN/ble -I../../Drivers/BSP/STM32WB5MM-DK -I../../Drivers/BSP/Components/ssd1315 -I../../Drivers/BSP/Components/Common -I../../Utilities/Fonts -I../../Utilities/LCD -O0 -ffunction-sections -fdata-sections -Wall -fstack-usage -fcyclomatic-complexity -MMD -MP -MF"Drivers/STM32WBxx_HAL_Driver/stm32wbxx_hal_i2c_ex.d" -MT"Drivers/STM32WBxx_HAL_Driver/stm32wbxx_hal_i2c_ex.o" --specs=nano.specs -mfpu=fpv4-sp-d16 -mfloat-abi=hard -mthumb -o "Drivers/STM32WBxx_HAL_Driver/stm32wbxx_hal_i2c_ex.o"
arm-none-eabi-gcc "C:/STM32/.metadata/project2/BLE_p2pServer/Drivers/STM32WBxx_HAL_Driver/Src/stm32wbxx_hal_ipcc.c" -mcpu=cortex-m4 -std=gnu11 -g3 -DDEBUG -DUSE_STM32WB5M_DK -DSTM32WB5Mxx -DUSE_HAL_DRIVER -c -I../../Core/Inc -I../../Drivers/STM32WBxx_HAL_Driver/Inc -I../../Drivers/STM32WBxx_HAL_Driver/Inc/Legacy -I../../Drivers/CMSIS/Device/ST/STM32WBxx/Include -I../../Drivers/CMSIS/Include -I../../STM32_WPAN/App -I../../Utilities/lpm/tiny_lpm -I../../Middlewares/ST/STM32_WPAN -I../../Middlewares/ST/STM32_WPAN/interface/patterns/ble_thread -I../../Middlewares/ST/STM32_WPAN/interface/patterns/ble_thread/tl -I../../Middlewares/ST/STM32_WPAN/interface/patterns/ble_thread/shci -I../../Middlewares/ST/STM32_WPAN/utilities -I../../Middlewares/ST/STM32_WPAN/ble/core -I../../Middlewares/ST/STM32_WPAN/ble/core/auto -I../../Middlewares/ST/STM32_WPAN/ble/core/template -I../../Middlewares/ST/STM32_WPAN/ble/svc/Inc -I../../Middlewares/ST/STM32_WPAN/ble/svc/Src -I../../Utilities/sequencer -I../../Middlewares/ST/STM32_WPAN/ble -I../../Drivers/BSP/STM32WB5MM-DK -I../../Drivers/BSP/Components/ssd1315 -I../../Drivers/BSP/Components/Common -I../../Utilities/Fonts -I../../Utilities/LCD -O0 -ffunction-sections -fdata-sections -Wall -fstack-usage -fcyclomatic-complexity -MMD -MP -MF"Drivers/STM32WBxx_HAL_Driver/stm32wbxx_hal_ipcc.d" -MT"Drivers/STM32WBxx_HAL_Driver/stm32wbxx_hal_ipcc.o" --specs=nano.specs -mfpu=fpv4-sp-d16 -mfloat-abi=hard -mthumb -o "Drivers/STM32WBxx_HAL_Driver/stm32wbxx_hal_ipcc.o"
arm-none-eabi-gcc "C:/STM32/.metadata/project2/BLE_p2pServer/Drivers/STM32WBxx_HAL_Driver/Src/stm32wbxx_hal_pwr.c" -mcpu=cortex-m4 -std=gnu11 -g3 -DDEBUG -DUSE_STM32WB5M_DK -DSTM32WB5Mxx -DUSE_HAL_DRIVER -c -I../../Core/Inc -I../../Drivers/STM32WBxx_HAL_Driver/Inc -I../../Drivers/STM32WBxx_HAL_Driver/Inc/Legacy -I../../Drivers/CMSIS/Device/ST/STM32WBxx/Include -I../../Drivers/CMSIS/Include -I../../STM32_WPAN/App -I../../Utilities/lpm/tiny_lpm -I../../Middlewares/ST/STM32_WPAN -I../../Middlewares/ST/STM32_WPAN/interface/patterns/ble_thread -I../../Middlewares/ST/STM32_WPAN/interface/patterns/ble_thread/tl -I../../Middlewares/ST/STM32_WPAN/interface/patterns/ble_thread/shci -I../../Middlewares/ST/STM32_WPAN/utilities -I../../Middlewares/ST/STM32_WPAN/ble/core -I../../Middlewares/ST/STM32_WPAN/ble/core/auto -I../../Middlewares/ST/STM32_WPAN/ble/core/template -I../../Middlewares/ST/STM32_WPAN/ble/svc/Inc -I../../Middlewares/ST/STM32_WPAN/ble/svc/Src -I../../Utilities/sequencer -I../../Middlewares/ST/STM32_WPAN/ble -I../../Drivers/BSP/STM32WB5MM-DK -I../../Drivers/BSP/Components/ssd1315 -I../../Drivers/BSP/Components/Common -I../../Utilities/Fonts -I../../Utilities/LCD -O0 -ffunction-sections -fdata-sections -Wall -fstack-usage -fcyclomatic-complexity -MMD -MP -MF"Drivers/STM32WBxx_HAL_Driver/stm32wbxx_hal_pwr.d" -MT"Drivers/STM32WBxx_HAL_Driver/stm32wbxx_hal_pwr.o" --specs=nano.specs -mfpu=fpv4-sp-d16 -mfloat-abi=hard -mthumb -o "Drivers/STM32WBxx_HAL_Driver/stm32wbxx_hal_pwr.o"
arm-none-eabi-gcc "C:/STM32/.metadata/project2/BLE_p2pServer/Drivers/STM32WBxx_HAL_Driver/Src/stm32wbxx_hal_pwr_ex.c" -mcpu=cortex-m4 -std=gnu11 -g3 -DDEBUG -DUSE_STM32WB5M_DK -DSTM32WB5Mxx -DUSE_HAL_DRIVER -c -I../../Core/Inc -I../../Drivers/STM32WBxx_HAL_Driver/Inc -I../../Drivers/STM32WBxx_HAL_Driver/Inc/Legacy -I../../Drivers/CMSIS/Device/ST/STM32WBxx/Include -I../../Drivers/CMSIS/Include -I../../STM32_WPAN/App -I../../Utilities/lpm/tiny_lpm -I../../Middlewares/ST/STM32_WPAN -I../../Middlewares/ST/STM32_WPAN/interface/patterns/ble_thread -I../../Middlewares/ST/STM32_WPAN/interface/patterns/ble_thread/tl -I../../Middlewares/ST/STM32_WPAN/interface/patterns/ble_thread/shci -I../../Middlewares/ST/STM32_WPAN/utilities -I../../Middlewares/ST/STM32_WPAN/ble/core -I../../Middlewares/ST/STM32_WPAN/ble/core/auto -I../../Middlewares/ST/STM32_WPAN/ble/core/template -I../../Middlewares/ST/STM32_WPAN/ble/svc/Inc -I../../Middlewares/ST/STM32_WPAN/ble/svc/Src -I../../Utilities/sequencer -I../../Middlewares/ST/STM32_WPAN/ble -I../../Drivers/BSP/STM32WB5MM-DK -I../../Drivers/BSP/Components/ssd1315 -I../../Drivers/BSP/Components/Common -I../../Utilities/Fonts -I../../Utilities/LCD -O0 -ffunction-sections -fdata-sections -Wall -fstack-usage -fcyclomatic-complexity -MMD -MP -MF"Drivers/STM32WBxx_HAL_Driver/stm32wbxx_hal_pwr_ex.d" -MT"Drivers/STM32WBxx_HAL_Driver/stm32wbxx_hal_pwr_ex.o" --specs=nano.specs -mfpu=fpv4-sp-d16 -mfloat-abi=hard -mthumb -o "Drivers/STM32WBxx_HAL_Driver/stm32wbxx_hal_pwr_ex.o"
arm-none-eabi-gcc "C:/STM32/.metadata/project2/BLE_p2pServer/Drivers/STM32WBxx_HAL_Driver/Src/stm32wbxx_hal_qspi.c" -mcpu=cortex-m4 -std=gnu11 -g3 -DDEBUG -DUSE_STM32WB5M_DK -DSTM32WB5Mxx -DUSE_HAL_DRIVER -c -I../../Core/Inc -I../../Drivers/STM32WBxx_HAL_Driver/Inc -I../../Drivers/STM32WBxx_HAL_Driver/Inc/Legacy -I../../Drivers/CMSIS/Device/ST/STM32WBxx/Include -I../../Drivers/CMSIS/Include -I../../STM32_WPAN/App -I../../Utilities/lpm/tiny_lpm -I../../Middlewares/ST/STM32_WPAN -I../../Middlewares/ST/STM32_WPAN/interface/patterns/ble_thread -I../../Middlewares/ST/STM32_WPAN/interface/patterns/ble_thread/tl -I../../Middlewares/ST/STM32_WPAN/interface/patterns/ble_thread/shci -I../../Middlewares/ST/STM32_WPAN/utilities -I../../Middlewares/ST/STM32_WPAN/ble/core -I../../Middlewares/ST/STM32_WPAN/ble/core/auto -I../../Middlewares/ST/STM32_WPAN/ble/core/template -I../../Middlewares/ST/STM32_WPAN/ble/svc/Inc -I../../Middlewares/ST/STM32_WPAN/ble/svc/Src -I../../Utilities/sequencer -I../../Middlewares/ST/STM32_WPAN/ble -I../../Drivers/BSP/STM32WB5MM-DK -I../../Drivers/BSP/Components/ssd1315 -I../../Drivers/BSP/Components/Common -I../../Utilities/Fonts -I../../Utilities/LCD -O0 -ffunction-sections -fdata-sections -Wall -fstack-usage -fcyclomatic-complexity -MMD -MP -MF"Drivers/STM32WBxx_HAL_Driver/stm32wbxx_hal_qspi.d" -MT"Drivers/STM32WBxx_HAL_Driver/stm32wbxx_hal_qspi.o" --specs=nano.specs -mfpu=fpv4-sp-d16 -mfloat-abi=hard -mthumb -o "Drivers/STM32WBxx_HAL_Driver/stm32wbxx_hal_qspi.o"
arm-none-eabi-gcc "C:/STM32/.metadata/project2/BLE_p2pServer/Drivers/STM32WBxx_HAL_Driver/Src/stm32wbxx_hal_rcc.c" -mcpu=cortex-m4 -std=gnu11 -g3 -DDEBUG -DUSE_STM32WB5M_DK -DSTM32WB5Mxx -DUSE_HAL_DRIVER -c -I../../Core/Inc -I../../Drivers/STM32WBxx_HAL_Driver/Inc -I../../Drivers/STM32WBxx_HAL_Driver/Inc/Legacy -I../../Drivers/CMSIS/Device/ST/STM32WBxx/Include -I../../Drivers/CMSIS/Include -I../../STM32_WPAN/App -I../../Utilities/lpm/tiny_lpm -I../../Middlewares/ST/STM32_WPAN -I../../Middlewares/ST/STM32_WPAN/interface/patterns/ble_thread -I../../Middlewares/ST/STM32_WPAN/interface/patterns/ble_thread/tl -I../../Middlewares/ST/STM32_WPAN/interface/patterns/ble_thread/shci -I../../Middlewares/ST/STM32_WPAN/utilities -I../../Middlewares/ST/STM32_WPAN/ble/core -I../../Middlewares/ST/STM32_WPAN/ble/core/auto -I../../Middlewares/ST/STM32_WPAN/ble/core/template -I../../Middlewares/ST/STM32_WPAN/ble/svc/Inc -I../../Middlewares/ST/STM32_WPAN/ble/svc/Src -I../../Utilities/sequencer -I../../Middlewares/ST/STM32_WPAN/ble -I../../Drivers/BSP/STM32WB5MM-DK -I../../Drivers/BSP/Components/ssd1315 -I../../Drivers/BSP/Components/Common -I../../Utilities/Fonts -I../../Utilities/LCD -O0 -ffunction-sections -fdata-sections -Wall -fstack-usage -fcyclomatic-complexity -MMD -MP -MF"Drivers/STM32WBxx_HAL_Driver/stm32wbxx_hal_rcc.d" -MT"Drivers/STM32WBxx_HAL_Driver/stm32wbxx_hal_rcc.o" --specs=nano.specs -mfpu=fpv4-sp-d16 -mfloat-abi=hard -mthumb -o "Drivers/STM32WBxx_HAL_Driver/stm32wbxx_hal_rcc.o"
arm-none-eabi-gcc "C:/STM32/.metadata/project2/BLE_p2pServer/Drivers/STM32WBxx_HAL_Driver/Src/stm32wbxx_hal_rcc_ex.c" -mcpu=cortex-m4 -std=gnu11 -g3 -DDEBUG -DUSE_STM32WB5M_DK -DSTM32WB5Mxx -DUSE_HAL_DRIVER -c -I../../Core/Inc -I../../Drivers/STM32WBxx_HAL_Driver/Inc -I../../Drivers/STM32WBxx_HAL_Driver/Inc/Legacy -I../../Drivers/CMSIS/Device/ST/STM32WBxx/Include -I../../Drivers/CMSIS/Include -I../../STM32_WPAN/App -I../../Utilities/lpm/tiny_lpm -I../../Middlewares/ST/STM32_WPAN -I../../Middlewares/ST/STM32_WPAN/interface/patterns/ble_thread -I../../Middlewares/ST/STM32_WPAN/interface/patterns/ble_thread/tl -I../../Middlewares/ST/STM32_WPAN/interface/patterns/ble_thread/shci -I../../Middlewares/ST/STM32_WPAN/utilities -I../../Middlewares/ST/STM32_WPAN/ble/core -I../../Middlewares/ST/STM32_WPAN/ble/core/auto -I../../Middlewares/ST/STM32_WPAN/ble/core/template -I../../Middlewares/ST/STM32_WPAN/ble/svc/Inc -I../../Middlewares/ST/STM32_WPAN/ble/svc/Src -I../../Utilities/sequencer -I../../Middlewares/ST/STM32_WPAN/ble -I../../Drivers/BSP/STM32WB5MM-DK -I../../Drivers/BSP/Components/ssd1315 -I../../Drivers/BSP/Components/Common -I../../Utilities/Fonts -I../../Utilities/LCD -O0 -ffunction-sections -fdata-sections -Wall -fstack-usage -fcyclomatic-complexity -MMD -MP -MF"Drivers/STM32WBxx_HAL_Driver/stm32wbxx_hal_rcc_ex.d" -MT"Drivers/STM32WBxx_HAL_Driver/stm32wbxx_hal_rcc_ex.o" --specs=nano.specs -mfpu=fpv4-sp-d16 -mfloat-abi=hard -mthumb -o "Drivers/STM32WBxx_HAL_Driver/stm32wbxx_hal_rcc_ex.o"
arm-none-eabi-gcc "C:/STM32/.metadata/project2/BLE_p2pServer/Drivers/STM32WBxx_HAL_Driver/Src/stm32wbxx_hal_rtc.c" -mcpu=cortex-m4 -std=gnu11 -g3 -DDEBUG -DUSE_STM32WB5M_DK -DSTM32WB5Mxx -DUSE_HAL_DRIVER -c -I../../Core/Inc -I../../Drivers/STM32WBxx_HAL_Driver/Inc -I../../Drivers/STM32WBxx_HAL_Driver/Inc/Legacy -I../../Drivers/CMSIS/Device/ST/STM32WBxx/Include -I../../Drivers/CMSIS/Include -I../../STM32_WPAN/App -I../../Utilities/lpm/tiny_lpm -I../../Middlewares/ST/STM32_WPAN -I../../Middlewares/ST/STM32_WPAN/interface/patterns/ble_thread -I../../Middlewares/ST/STM32_WPAN/interface/patterns/ble_thread/tl -I../../Middlewares/ST/STM32_WPAN/interface/patterns/ble_thread/shci -I../../Middlewares/ST/STM32_WPAN/utilities -I../../Middlewares/ST/STM32_WPAN/ble/core -I../../Middlewares/ST/STM32_WPAN/ble/core/auto -I../../Middlewares/ST/STM32_WPAN/ble/core/template -I../../Middlewares/ST/STM32_WPAN/ble/svc/Inc -I../../Middlewares/ST/STM32_WPAN/ble/svc/Src -I../../Utilities/sequencer -I../../Middlewares/ST/STM32_WPAN/ble -I../../Drivers/BSP/STM32WB5MM-DK -I../../Drivers/BSP/Components/ssd1315 -I../../Drivers/BSP/Components/Common -I../../Utilities/Fonts -I../../Utilities/LCD -O0 -ffunction-sections -fdata-sections -Wall -fstack-usage -fcyclomatic-complexity -MMD -MP -MF"Drivers/STM32WBxx_HAL_Driver/stm32wbxx_hal_rtc.d" -MT"Drivers/STM32WBxx_HAL_Driver/stm32wbxx_hal_rtc.o" --specs=nano.specs -mfpu=fpv4-sp-d16 -mfloat-abi=hard -mthumb -o "Drivers/STM32WBxx_HAL_Driver/stm32wbxx_hal_rtc.o"
arm-none-eabi-gcc "C:/STM32/.metadata/project2/BLE_p2pServer/Drivers/STM32WBxx_HAL_Driver/Src/stm32wbxx_hal_rtc_ex.c" -mcpu=cortex-m4 -std=gnu11 -g3 -DDEBUG -DUSE_STM32WB5M_DK -DSTM32WB5Mxx -DUSE_HAL_DRIVER -c -I../../Core/Inc -I../../Drivers/STM32WBxx_HAL_Driver/Inc -I../../Drivers/STM32WBxx_HAL_Driver/Inc/Legacy -I../../Drivers/CMSIS/Device/ST/STM32WBxx/Include -I../../Drivers/CMSIS/Include -I../../STM32_WPAN/App -I../../Utilities/lpm/tiny_lpm -I../../Middlewares/ST/STM32_WPAN -I../../Middlewares/ST/STM32_WPAN/interface/patterns/ble_thread -I../../Middlewares/ST/STM32_WPAN/interface/patterns/ble_thread/tl -I../../Middlewares/ST/STM32_WPAN/interface/patterns/ble_thread/shci -I../../Middlewares/ST/STM32_WPAN/utilities -I../../Middlewares/ST/STM32_WPAN/ble/core -I../../Middlewares/ST/STM32_WPAN/ble/core/auto -I../../Middlewares/ST/STM32_WPAN/ble/core/template -I../../Middlewares/ST/STM32_WPAN/ble/svc/Inc -I../../Middlewares/ST/STM32_WPAN/ble/svc/Src -I../../Utilities/sequencer -I../../Middlewares/ST/STM32_WPAN/ble -I../../Drivers/BSP/STM32WB5MM-DK -I../../Drivers/BSP/Components/ssd1315 -I../../Drivers/BSP/Components/Common -I../../Utilities/Fonts -I../../Utilities/LCD -O0 -ffunction-sections -fdata-sections -Wall -fstack-usage -fcyclomatic-complexity -MMD -MP -MF"Drivers/STM32WBxx_HAL_Driver/stm32wbxx_hal_rtc_ex.d" -MT"Drivers/STM32WBxx_HAL_Driver/stm32wbxx_hal_rtc_ex.o" --specs=nano.specs -mfpu=fpv4-sp-d16 -mfloat-abi=hard -mthumb -o "Drivers/STM32WBxx_HAL_Driver/stm32wbxx_hal_rtc_ex.o"
arm-none-eabi-gcc "C:/STM32/.metadata/project2/BLE_p2pServer/Drivers/STM32WBxx_HAL_Driver/Src/stm32wbxx_hal_spi.c" -mcpu=cortex-m4 -std=gnu11 -g3 -DDEBUG -DUSE_STM32WB5M_DK -DSTM32WB5Mxx -DUSE_HAL_DRIVER -c -I../../Core/Inc -I../../Drivers/STM32WBxx_HAL_Driver/Inc -I../../Drivers/STM32WBxx_HAL_Driver/Inc/Legacy -I../../Drivers/CMSIS/Device/ST/STM32WBxx/Include -I../../Drivers/CMSIS/Include -I../../STM32_WPAN/App -I../../Utilities/lpm/tiny_lpm -I../../Middlewares/ST/STM32_WPAN -I../../Middlewares/ST/STM32_WPAN/interface/patterns/ble_thread -I../../Middlewares/ST/STM32_WPAN/interface/patterns/ble_thread/tl -I../../Middlewares/ST/STM32_WPAN/interface/patterns/ble_thread/shci -I../../Middlewares/ST/STM32_WPAN/utilities -I../../Middlewares/ST/STM32_WPAN/ble/core -I../../Middlewares/ST/STM32_WPAN/ble/core/auto -I../../Middlewares/ST/STM32_WPAN/ble/core/template -I../../Middlewares/ST/STM32_WPAN/ble/svc/Inc -I../../Middlewares/ST/STM32_WPAN/ble/svc/Src -I../../Utilities/sequencer -I../../Middlewares/ST/STM32_WPAN/ble -I../../Drivers/BSP/STM32WB5MM-DK -I../../Drivers/BSP/Components/ssd1315 -I../../Drivers/BSP/Components/Common -I../../Utilities/Fonts -I../../Utilities/LCD -O0 -ffunction-sections -fdata-sections -Wall -fstack-usage -fcyclomatic-complexity -MMD -MP -MF"Drivers/STM32WBxx_HAL_Driver/stm32wbxx_hal_spi.d" -MT"Drivers/STM32WBxx_HAL_Driver/stm32wbxx_hal_spi.o" --specs=nano.specs -mfpu=fpv4-sp-d16 -mfloat-abi=hard -mthumb -o "Drivers/STM32WBxx_HAL_Driver/stm32wbxx_hal_spi.o"
arm-none-eabi-gcc "C:/STM32/.metadata/project2/BLE_p2pServer/Drivers/STM32WBxx_HAL_Driver/Src/stm32wbxx_hal_spi_ex.c" -mcpu=cortex-m4 -std=gnu11 -g3 -DDEBUG -DUSE_STM32WB5M_DK -DSTM32WB5Mxx -DUSE_HAL_DRIVER -c -I../../Core/Inc -I../../Drivers/STM32WBxx_HAL_Driver/Inc -I../../Drivers/STM32WBxx_HAL_Driver/Inc/Legacy -I../../Drivers/CMSIS/Device/ST/STM32WBxx/Include -I../../Drivers/CMSIS/Include -I../../STM32_WPAN/App -I../../Utilities/lpm/tiny_lpm -I../../Middlewares/ST/STM32_WPAN -I../../Middlewares/ST/STM32_WPAN/interface/patterns/ble_thread -I../../Middlewares/ST/STM32_WPAN/interface/patterns/ble_thread/tl -I../../Middlewares/ST/STM32_WPAN/interface/patterns/ble_thread/shci -I../../Middlewares/ST/STM32_WPAN/utilities -I../../Middlewares/ST/STM32_WPAN/ble/core -I../../Middlewares/ST/STM32_WPAN/ble/core/auto -I../../Middlewares/ST/STM32_WPAN/ble/core/template -I../../Middlewares/ST/STM32_WPAN/ble/svc/Inc -I../../Middlewares/ST/STM32_WPAN/ble/svc/Src -I../../Utilities/sequencer -I../../Middlewares/ST/STM32_WPAN/ble -I../../Drivers/BSP/STM32WB5MM-DK -I../../Drivers/BSP/Components/ssd1315 -I../../Drivers/BSP/Components/Common -I../../Utilities/Fonts -I../../Utilities/LCD -O0 -ffunction-sections -fdata-sections -Wall -fstack-usage -fcyclomatic-complexity -MMD -MP -MF"Drivers/STM32WBxx_HAL_Driver/stm32wbxx_hal_spi_ex.d" -MT"Drivers/STM32WBxx_HAL_Driver/stm32wbxx_hal_spi_ex.o" --specs=nano.specs -mfpu=fpv4-sp-d16 -mfloat-abi=hard -mthumb -o "Drivers/STM32WBxx_HAL_Driver/stm32wbxx_hal_spi_ex.o"
arm-none-eabi-gcc "C:/STM32/.metadata/project2/BLE_p2pServer/Drivers/STM32WBxx_HAL_Driver/Src/stm32wbxx_hal_tim.c" -mcpu=cortex-m4 -std=gnu11 -g3 -DDEBUG -DUSE_STM32WB5M_DK -DSTM32WB5Mxx -DUSE_HAL_DRIVER -c -I../../Core/Inc -I../../Drivers/STM32WBxx_HAL_Driver/Inc -I../../Drivers/STM32WBxx_HAL_Driver/Inc/Legacy -I../../Drivers/CMSIS/Device/ST/STM32WBxx/Include -I../../Drivers/CMSIS/Include -I../../STM32_WPAN/App -I../../Utilities/lpm/tiny_lpm -I../../Middlewares/ST/STM32_WPAN -I../../Middlewares/ST/STM32_WPAN/interface/patterns/ble_thread -I../../Middlewares/ST/STM32_WPAN/interface/patterns/ble_thread/tl -I../../Middlewares/ST/STM32_WPAN/interface/patterns/ble_thread/shci -I../../Middlewares/ST/STM32_WPAN/utilities -I../../Middlewares/ST/STM32_WPAN/ble/core -I../../Middlewares/ST/STM32_WPAN/ble/core/auto -I../../Middlewares/ST/STM32_WPAN/ble/core/template -I../../Middlewares/ST/STM32_WPAN/ble/svc/Inc -I../../Middlewares/ST/STM32_WPAN/ble/svc/Src -I../../Utilities/sequencer -I../../Middlewares/ST/STM32_WPAN/ble -I../../Drivers/BSP/STM32WB5MM-DK -I../../Drivers/BSP/Components/ssd1315 -I../../Drivers/BSP/Components/Common -I../../Utilities/Fonts -I../../Utilities/LCD -O0 -ffunction-sections -fdata-sections -Wall -fstack-usage -fcyclomatic-complexity -MMD -MP -MF"Drivers/STM32WBxx_HAL_Driver/stm32wbxx_hal_tim.d" -MT"Drivers/STM32WBxx_HAL_Driver/stm32wbxx_hal_tim.o" --specs=nano.specs -mfpu=fpv4-sp-d16 -mfloat-abi=hard -mthumb -o "Drivers/STM32WBxx_HAL_Driver/stm32wbxx_hal_tim.o"
arm-none-eabi-gcc "C:/STM32/.metadata/project2/BLE_p2pServer/Drivers/STM32WBxx_HAL_Driver/Src/stm32wbxx_hal_tim_ex.c" -mcpu=cortex-m4 -std=gnu11 -g3 -DDEBUG -DUSE_STM32WB5M_DK -DSTM32WB5Mxx -DUSE_HAL_DRIVER -c -I../../Core/Inc -I../../Drivers/STM32WBxx_HAL_Driver/Inc -I../../Drivers/STM32WBxx_HAL_Driver/Inc/Legacy -I../../Drivers/CMSIS/Device/ST/STM32WBxx/Include -I../../Drivers/CMSIS/Include -I../../STM32_WPAN/App -I../../Utilities/lpm/tiny_lpm -I../../Middlewares/ST/STM32_WPAN -I../../Middlewares/ST/STM32_WPAN/interface/patterns/ble_thread -I../../Middlewares/ST/STM32_WPAN/interface/patterns/ble_thread/tl -I../../Middlewares/ST/STM32_WPAN/interface/patterns/ble_thread/shci -I../../Middlewares/ST/STM32_WPAN/utilities -I../../Middlewares/ST/STM32_WPAN/ble/core -I../../Middlewares/ST/STM32_WPAN/ble/core/auto -I../../Middlewares/ST/STM32_WPAN/ble/core/template -I../../Middlewares/ST/STM32_WPAN/ble/svc/Inc -I../../Middlewares/ST/STM32_WPAN/ble/svc/Src -I../../Utilities/sequencer -I../../Middlewares/ST/STM32_WPAN/ble -I../../Drivers/BSP/STM32WB5MM-DK -I../../Drivers/BSP/Components/ssd1315 -I../../Drivers/BSP/Components/Common -I../../Utilities/Fonts -I../../Utilities/LCD -O0 -ffunction-sections -fdata-sections -Wall -fstack-usage -fcyclomatic-complexity -MMD -MP -MF"Drivers/STM32WBxx_HAL_Driver/stm32wbxx_hal_tim_ex.d" -MT"Drivers/STM32WBxx_HAL_Driver/stm32wbxx_hal_tim_ex.o" --specs=nano.specs -mfpu=fpv4-sp-d16 -mfloat-abi=hard -mthumb -o "Drivers/STM32WBxx_HAL_Driver/stm32wbxx_hal_tim_ex.o"
arm-none-eabi-gcc "C:/STM32/.metadata/project2/BLE_p2pServer/Drivers/STM32WBxx_HAL_Driver/Src/stm32wbxx_hal_uart.c" -mcpu=cortex-m4 -std=gnu11 -g3 -DDEBUG -DUSE_STM32WB5M_DK -DSTM32WB5Mxx -DUSE_HAL_DRIVER -c -I../../Core/Inc -I../../Drivers/STM32WBxx_HAL_Driver/Inc -I../../Drivers/STM32WBxx_HAL_Driver/Inc/Legacy -I../../Drivers/CMSIS/Device/ST/STM32WBxx/Include -I../../Drivers/CMSIS/Include -I../../STM32_WPAN/App -I../../Utilities/lpm/tiny_lpm -I../../Middlewares/ST/STM32_WPAN -I../../Middlewares/ST/STM32_WPAN/interface/patterns/ble_thread -I../../Middlewares/ST/STM32_WPAN/interface/patterns/ble_thread/tl -I../../Middlewares/ST/STM32_WPAN/interface/patterns/ble_thread/shci -I../../Middlewares/ST/STM32_WPAN/utilities -I../../Middlewares/ST/STM32_WPAN/ble/core -I../../Middlewares/ST/STM32_WPAN/ble/core/auto -I../../Middlewares/ST/STM32_WPAN/ble/core/template -I../../Middlewares/ST/STM32_WPAN/ble/svc/Inc -I../../Middlewares/ST/STM32_WPAN/ble/svc/Src -I../../Utilities/sequencer -I../../Middlewares/ST/STM32_WPAN/ble -I../../Drivers/BSP/STM32WB5MM-DK -I../../Drivers/BSP/Components/ssd1315 -I../../Drivers/BSP/Components/Common -I../../Utilities/Fonts -I../../Utilities/LCD -O0 -ffunction-sections -fdata-sections -Wall -fstack-usage -fcyclomatic-complexity -MMD -MP -MF"Drivers/STM32WBxx_HAL_Driver/stm32wbxx_hal_uart.d" -MT"Drivers/STM32WBxx_HAL_Driver/stm32wbxx_hal_uart.o" --specs=nano.specs -mfpu=fpv4-sp-d16 -mfloat-abi=hard -mthumb -o "Drivers/STM32WBxx_HAL_Driver/stm32wbxx_hal_uart.o"
arm-none-eabi-gcc "C:/STM32/.metadata/project2/BLE_p2pServer/Drivers/STM32WBxx_HAL_Driver/Src/stm32wbxx_hal_uart_ex.c" -mcpu=cortex-m4 -std=gnu11 -g3 -DDEBUG -DUSE_STM32WB5M_DK -DSTM32WB5Mxx -DUSE_HAL_DRIVER -c -I../../Core/Inc -I../../Drivers/STM32WBxx_HAL_Driver/Inc -I../../Drivers/STM32WBxx_HAL_Driver/Inc/Legacy -I../../Drivers/CMSIS/Device/ST/STM32WBxx/Include -I../../Drivers/CMSIS/Include -I../../STM32_WPAN/App -I../../Utilities/lpm/tiny_lpm -I../../Middlewares/ST/STM32_WPAN -I../../Middlewares/ST/STM32_WPAN/interface/patterns/ble_thread -I../../Middlewares/ST/STM32_WPAN/interface/patterns/ble_thread/tl -I../../Middlewares/ST/STM32_WPAN/interface/patterns/ble_thread/shci -I../../Middlewares/ST/STM32_WPAN/utilities -I../../Middlewares/ST/STM32_WPAN/ble/core -I../../Middlewares/ST/STM32_WPAN/ble/core/auto -I../../Middlewares/ST/STM32_WPAN/ble/core/template -I../../Middlewares/ST/STM32_WPAN/ble/svc/Inc -I../../Middlewares/ST/STM32_WPAN/ble/svc/Src -I../../Utilities/sequencer -I../../Middlewares/ST/STM32_WPAN/ble -I../../Drivers/BSP/STM32WB5MM-DK -I../../Drivers/BSP/Components/ssd1315 -I../../Drivers/BSP/Components/Common -I../../Utilities/Fonts -I../../Utilities/LCD -O0 -ffunction-sections -fdata-sections -Wall -fstack-usage -fcyclomatic-complexity -MMD -MP -MF"Drivers/STM32WBxx_HAL_Driver/stm32wbxx_hal_uart_ex.d" -MT"Drivers/STM32WBxx_HAL_Driver/stm32wbxx_hal_uart_ex.o" --specs=nano.specs -mfpu=fpv4-sp-d16 -mfloat-abi=hard -mthumb -o "Drivers/STM32WBxx_HAL_Driver/stm32wbxx_hal_uart_ex.o"
arm-none-eabi-gcc "C:/STM32/.metadata/project2/BLE_p2pServer/Core/Src/system_stm32wbxx.c" -mcpu=cortex-m4 -std=gnu11 -g3 -DDEBUG -DUSE_STM32WB5M_DK -DSTM32WB5Mxx -DUSE_HAL_DRIVER -c -I../../Core/Inc -I../../Drivers/STM32WBxx_HAL_Driver/Inc -I../../Drivers/STM32WBxx_HAL_Driver/Inc/Legacy -I../../Drivers/CMSIS/Device/ST/STM32WBxx/Include -I../../Drivers/CMSIS/Include -I../../STM32_WPAN/App -I../../Utilities/lpm/tiny_lpm -I../../Middlewares/ST/STM32_WPAN -I../../Middlewares/ST/STM32_WPAN/interface/patterns/ble_thread -I../../Middlewares/ST/STM32_WPAN/interface/patterns/ble_thread/tl -I../../Middlewares/ST/STM32_WPAN/interface/patterns/ble_thread/shci -I../../Middlewares/ST/STM32_WPAN/utilities -I../../Middlewares/ST/STM32_WPAN/ble/core -I../../Middlewares/ST/STM32_WPAN/ble/core/auto -I../../Middlewares/ST/STM32_WPAN/ble/core/template -I../../Middlewares/ST/STM32_WPAN/ble/svc/Inc -I../../Middlewares/ST/STM32_WPAN/ble/svc/Src -I../../Utilities/sequencer -I../../Middlewares/ST/STM32_WPAN/ble -I../../Drivers/BSP/STM32WB5MM-DK -I../../Drivers/BSP/Components/ssd1315 -I../../Drivers/BSP/Components/Common -I../../Utilities/Fonts -I../../Utilities/LCD -O0 -ffunction-sections -fdata-sections -Wall -fstack-usage -fcyclomatic-complexity -MMD -MP -MF"Drivers/CMSIS/system_stm32wbxx.d" -MT"Drivers/CMSIS/system_stm32wbxx.o" --specs=nano.specs -mfpu=fpv4-sp-d16 -mfloat-abi=hard -mthumb -o "Drivers/CMSIS/system_stm32wbxx.o"
arm-none-eabi-gcc "C:/STM32/.metadata/project2/BLE_p2pServer/Drivers/BSP/Components/ssd1315/ssd1315.c" -mcpu=cortex-m4 -std=gnu11 -g3 -DDEBUG -DUSE_STM32WB5M_DK -DSTM32WB5Mxx -DUSE_HAL_DRIVER -c -I../../Core/Inc -I../../Drivers/STM32WBxx_HAL_Driver/Inc -I../../Drivers/STM32WBxx_HAL_Driver/Inc/Legacy -I../../Drivers/CMSIS/Device/ST/STM32WBxx/Include -I../../Drivers/CMSIS/Include -I../../STM32_WPAN/App -I../../Utilities/lpm/tiny_lpm -I../../Middlewares/ST/STM32_WPAN -I../../Middlewares/ST/STM32_WPAN/interface/patterns/ble_thread -I../../Middlewares/ST/STM32_WPAN/interface/patterns/ble_thread/tl -I../../Middlewares/ST/STM32_WPAN/interface/patterns/ble_thread/shci -I../../Middlewares/ST/STM32_WPAN/utilities -I../../Middlewares/ST/STM32_WPAN/ble/core -I../../Middlewares/ST/STM32_WPAN/ble/core/auto -I../../Middlewares/ST/STM32_WPAN/ble/core/template -I../../Middlewares/ST/STM32_WPAN/ble/svc/Inc -I../../Middlewares/ST/STM32_WPAN/ble/svc/Src -I../../Utilities/sequencer -I../../Middlewares/ST/STM32_WPAN/ble -I../../Drivers/BSP/STM32WB5MM-DK -I../../Drivers/BSP/Components/ssd1315 -I../../Drivers/BSP/Components/Common -I../../Utilities/Fonts -I../../Utilities/LCD -O0 -ffunction-sections -fdata-sections -Wall -fstack-usage -fcyclomatic-complexity -MMD -MP -MF"Drivers/BSP/STM32WB5MM-DK/ssd1315.d" -MT"Drivers/BSP/STM32WB5MM-DK/ssd1315.o" --specs=nano.specs -mfpu=fpv4-sp-d16 -mfloat-abi=hard -mthumb -o "Drivers/BSP/STM32WB5MM-DK/ssd1315.o"
arm-none-eabi-gcc "C:/STM32/.metadata/project2/BLE_p2pServer/Drivers/BSP/Components/ssd1315/ssd1315_reg.c" -mcpu=cortex-m4 -std=gnu11 -g3 -DDEBUG -DUSE_STM32WB5M_DK -DSTM32WB5Mxx -DUSE_HAL_DRIVER -c -I../../Core/Inc -I../../Drivers/STM32WBxx_HAL_Driver/Inc -I../../Drivers/STM32WBxx_HAL_Driver/Inc/Legacy -I../../Drivers/CMSIS/Device/ST/STM32WBxx/Include -I../../Drivers/CMSIS/Include -I../../STM32_WPAN/App -I../../Utilities/lpm/tiny_lpm -I../../Middlewares/ST/STM32_WPAN -I../../Middlewares/ST/STM32_WPAN/interface/patterns/ble_thread -I../../Middlewares/ST/STM32_WPAN/interface/patterns/ble_thread/tl -I../../Middlewares/ST/STM32_WPAN/interface/patterns/ble_thread/shci -I../../Middlewares/ST/STM32_WPAN/utilities -I../../Middlewares/ST/STM32_WPAN/ble/core -I../../Middlewares/ST/STM32_WPAN/ble/core/auto -I../../Middlewares/ST/STM32_WPAN/ble/core/template -I../../Middlewares/ST/STM32_WPAN/ble/svc/Inc -I../../Middlewares/ST/STM32_WPAN/ble/svc/Src -I../../Utilities/sequencer -I../../Middlewares/ST/STM32_WPAN/ble -I../../Drivers/BSP/STM32WB5MM-DK -I../../Drivers/BSP/Components/ssd1315 -I../../Drivers/BSP/Components/Common -I../../Utilities/Fonts -I../../Utilities/LCD -O0 -ffunction-sections -fdata-sections -Wall -fstack-usage -fcyclomatic-complexity -MMD -MP -MF"Drivers/BSP/STM32WB5MM-DK/ssd1315_reg.d" -MT"Drivers/BSP/STM32WB5MM-DK/ssd1315_reg.o" --specs=nano.specs -mfpu=fpv4-sp-d16 -mfloat-abi=hard -mthumb -o "Drivers/BSP/STM32WB5MM-DK/ssd1315_reg.o"
arm-none-eabi-gcc "C:/STM32/.metadata/project2/BLE_p2pServer/Drivers/BSP/STM32WB5MM-DK/stm32wb5mm_dk.c" -mcpu=cortex-m4 -std=gnu11 -g3 -DDEBUG -DUSE_STM32WB5M_DK -DSTM32WB5Mxx -DUSE_HAL_DRIVER -c -I../../Core/Inc -I../../Drivers/STM32WBxx_HAL_Driver/Inc -I../../Drivers/STM32WBxx_HAL_Driver/Inc/Legacy -I../../Drivers/CMSIS/Device/ST/STM32WBxx/Include -I../../Drivers/CMSIS/Include -I../../STM32_WPAN/App -I../../Utilities/lpm/tiny_lpm -I../../Middlewares/ST/STM32_WPAN -I../../Middlewares/ST/STM32_WPAN/interface/patterns/ble_thread -I../../Middlewares/ST/STM32_WPAN/interface/patterns/ble_thread/tl -I../../Middlewares/ST/STM32_WPAN/interface/patterns/ble_thread/shci -I../../Middlewares/ST/STM32_WPAN/utilities -I../../Middlewares/ST/STM32_WPAN/ble/core -I../../Middlewares/ST/STM32_WPAN/ble/core/auto -I../../Middlewares/ST/STM32_WPAN/ble/core/template -I../../Middlewares/ST/STM32_WPAN/ble/svc/Inc -I../../Middlewares/ST/STM32_WPAN/ble/svc/Src -I../../Utilities/sequencer -I../../Middlewares/ST/STM32_WPAN/ble -I../../Drivers/BSP/STM32WB5MM-DK -I../../Drivers/BSP/Components/ssd1315 -I../../Drivers/BSP/Components/Common -I../../Utilities/Fonts -I../../Utilities/LCD -O0 -ffunction-sections -fdata-sections -Wall -fstack-usage -fcyclomatic-complexity -MMD -MP -MF"Drivers/BSP/STM32WB5MM-DK/stm32wb5mm_dk.d" -MT"Drivers/BSP/STM32WB5MM-DK/stm32wb5mm_dk.o" --specs=nano.specs -mfpu=fpv4-sp-d16 -mfloat-abi=hard -mthumb -o "Drivers/BSP/STM32WB5MM-DK/stm32wb5mm_dk.o"
arm-none-eabi-gcc "C:/STM32/.metadata/project2/BLE_p2pServer/Drivers/BSP/STM32WB5MM-DK/stm32wb5mm_dk_bus.c" -mcpu=cortex-m4 -std=gnu11 -g3 -DDEBUG -DUSE_STM32WB5M_DK -DSTM32WB5Mxx -DUSE_HAL_DRIVER -c -I../../Core/Inc -I../../Drivers/STM32WBxx_HAL_Driver/Inc -I../../Drivers/STM32WBxx_HAL_Driver/Inc/Legacy -I../../Drivers/CMSIS/Device/ST/STM32WBxx/Include -I../../Drivers/CMSIS/Include -I../../STM32_WPAN/App -I../../Utilities/lpm/tiny_lpm -I../../Middlewares/ST/STM32_WPAN -I../../Middlewares/ST/STM32_WPAN/interface/patterns/ble_thread -I../../Middlewares/ST/STM32_WPAN/interface/patterns/ble_thread/tl -I../../Middlewares/ST/STM32_WPAN/interface/patterns/ble_thread/shci -I../../Middlewares/ST/STM32_WPAN/utilities -I../../Middlewares/ST/STM32_WPAN/ble/core -I../../Middlewares/ST/STM32_WPAN/ble/core/auto -I../../Middlewares/ST/STM32_WPAN/ble/core/template -I../../Middlewares/ST/STM32_WPAN/ble/svc/Inc -I../../Middlewares/ST/STM32_WPAN/ble/svc/Src -I../../Utilities/sequencer -I../../Middlewares/ST/STM32_WPAN/ble -I../../Drivers/BSP/STM32WB5MM-DK -I../../Drivers/BSP/Components/ssd1315 -I../../Drivers/BSP/Components/Common -I../../Utilities/Fonts -I../../Utilities/LCD -O0 -ffunction-sections -fdata-sections -Wall -fstack-usage -fcyclomatic-complexity -MMD -MP -MF"Drivers/BSP/STM32WB5MM-DK/stm32wb5mm_dk_bus.d" -MT"Drivers/BSP/STM32WB5MM-DK/stm32wb5mm_dk_bus.o" --specs=nano.specs -mfpu=fpv4-sp-d16 -mfloat-abi=hard -mthumb -o "Drivers/BSP/STM32WB5MM-DK/stm32wb5mm_dk_bus.o"
arm-none-eabi-gcc "C:/STM32/.metadata/project2/BLE_p2pServer/Drivers/BSP/STM32WB5MM-DK/stm32wb5mm_dk_lcd.c" -mcpu=cortex-m4 -std=gnu11 -g3 -DDEBUG -DUSE_STM32WB5M_DK -DSTM32WB5Mxx -DUSE_HAL_DRIVER -c -I../../Core/Inc -I../../Drivers/STM32WBxx_HAL_Driver/Inc -I../../Drivers/STM32WBxx_HAL_Driver/Inc/Legacy -I../../Drivers/CMSIS/Device/ST/STM32WBxx/Include -I../../Drivers/CMSIS/Include -I../../STM32_WPAN/App -I../../Utilities/lpm/tiny_lpm -I../../Middlewares/ST/STM32_WPAN -I../../Middlewares/ST/STM32_WPAN/interface/patterns/ble_thread -I../../Middlewares/ST/STM32_WPAN/interface/patterns/ble_thread/tl -I../../Middlewares/ST/STM32_WPAN/interface/patterns/ble_thread/shci -I../../Middlewares/ST/STM32_WPAN/utilities -I../../Middlewares/ST/STM32_WPAN/ble/core -I../../Middlewares/ST/STM32_WPAN/ble/core/auto -I../../Middlewares/ST/STM32_WPAN/ble/core/template -I../../Middlewares/ST/STM32_WPAN/ble/svc/Inc -I../../Middlewares/ST/STM32_WPAN/ble/svc/Src -I../../Utilities/sequencer -I../../Middlewares/ST/STM32_WPAN/ble -I../../Drivers/BSP/STM32WB5MM-DK -I../../Drivers/BSP/Components/ssd1315 -I../../Drivers/BSP/Components/Common -I../../Utilities/Fonts -I../../Utilities/LCD -O0 -ffunction-sections -fdata-sections -Wall -fstack-usage -fcyclomatic-complexity -MMD -MP -MF"Drivers/BSP/STM32WB5MM-DK/stm32wb5mm_dk_lcd.d" -MT"Drivers/BSP/STM32WB5MM-DK/stm32wb5mm_dk_lcd.o" --specs=nano.specs -mfpu=fpv4-sp-d16 -mfloat-abi=hard -mthumb -o "Drivers/BSP/STM32WB5MM-DK/stm32wb5mm_dk_lcd.o"
arm-none-eabi-gcc "C:/STM32/.metadata/project2/BLE_p2pServer/STM32_WPAN/Target/hw_ipcc.c" -mcpu=cortex-m4 -std=gnu11 -g3 -DDEBUG -DUSE_STM32WB5M_DK -DSTM32WB5Mxx -DUSE_HAL_DRIVER -c -I../../Core/Inc -I../../Drivers/STM32WBxx_HAL_Driver/Inc -I../../Drivers/STM32WBxx_HAL_Driver/Inc/Legacy -I../../Drivers/CMSIS/Device/ST/STM32WBxx/Include -I../../Drivers/CMSIS/Include -I../../STM32_WPAN/App -I../../Utilities/lpm/tiny_lpm -I../../Middlewares/ST/STM32_WPAN -I../../Middlewares/ST/STM32_WPAN/interface/patterns/ble_thread -I../../Middlewares/ST/STM32_WPAN/interface/patterns/ble_thread/tl -I../../Middlewares/ST/STM32_WPAN/interface/patterns/ble_thread/shci -I../../Middlewares/ST/STM32_WPAN/utilities -I../../Middlewares/ST/STM32_WPAN/ble/core -I../../Middlewares/ST/STM32_WPAN/ble/core/auto -I../../Middlewares/ST/STM32_WPAN/ble/core/template -I../../Middlewares/ST/STM32_WPAN/ble/svc/Inc -I../../Middlewares/ST/STM32_WPAN/ble/svc/Src -I../../Utilities/sequencer -I../../Middlewares/ST/STM32_WPAN/ble -I../../Drivers/BSP/STM32WB5MM-DK -I../../Drivers/BSP/Components/ssd1315 -I../../Drivers/BSP/Components/Common -I../../Utilities/Fonts -I../../Utilities/LCD -O0 -ffunction-sections -fdata-sections -Wall -fstack-usage -fcyclomatic-complexity -MMD -MP -MF"Application/User/STM32_WPAN/Target/hw_ipcc.d" -MT"Application/User/STM32_WPAN/Target/hw_ipcc.o" --specs=nano.specs -mfpu=fpv4-sp-d16 -mfloat-abi=hard -mthumb -o "Application/User/STM32_WPAN/Target/hw_ipcc.o"
arm-none-eabi-gcc "C:/STM32/.metadata/project2/BLE_p2pServer/STM32_WPAN/App/app_ble.c" -mcpu=cortex-m4 -std=gnu11 -g3 -DDEBUG -DUSE_STM32WB5M_DK -DSTM32WB5Mxx -DUSE_HAL_DRIVER -c -I../../Core/Inc -I../../Drivers/STM32WBxx_HAL_Driver/Inc -I../../Drivers/STM32WBxx_HAL_Driver/Inc/Legacy -I../../Drivers/CMSIS/Device/ST/STM32WBxx/Include -I../../Drivers/CMSIS/Include -I../../STM32_WPAN/App -I../../Utilities/lpm/tiny_lpm -I../../Middlewares/ST/STM32_WPAN -I../../Middlewares/ST/STM32_WPAN/interface/patterns/ble_thread -I../../Middlewares/ST/STM32_WPAN/interface/patterns/ble_thread/tl -I../../Middlewares/ST/STM32_WPAN/interface/patterns/ble_thread/shci -I../../Middlewares/ST/STM32_WPAN/utilities -I../../Middlewares/ST/STM32_WPAN/ble/core -I../../Middlewares/ST/STM32_WPAN/ble/core/auto -I../../Middlewares/ST/STM32_WPAN/ble/core/template -I../../Middlewares/ST/STM32_WPAN/ble/svc/Inc -I../../Middlewares/ST/STM32_WPAN/ble/svc/Src -I../../Utilities/sequencer -I../../Middlewares/ST/STM32_WPAN/ble -I../../Drivers/BSP/STM32WB5MM-DK -I../../Drivers/BSP/Components/ssd1315 -I../../Drivers/BSP/Components/Common -I../../Utilities/Fonts -I../../Utilities/LCD -O0 -ffunction-sections -fdata-sections -Wall -fstack-usage -fcyclomatic-complexity -MMD -MP -MF"Application/User/STM32_WPAN/App/app_ble.d" -MT"Application/User/STM32_WPAN/App/app_ble.o" --specs=nano.specs -mfpu=fpv4-sp-d16 -mfloat-abi=hard -mthumb -o "Application/User/STM32_WPAN/App/app_ble.o"
[...]
  615 |                         BSP_LED_On(LED3);
      |                                    ^~~~
C:/STM32/.metadata/project2/BLE_p2pServer/STM32_WPAN/App/app_ble.c:653:7: error: break statement not within loop or switch
  653 |       break; /* HCI_DISCONNECTION_COMPLETE_EVT_CODE */
      |       ^~~~~
C:/STM32/.metadata/project2/BLE_p2pServer/STM32_WPAN/App/app_ble.c:584:48: warning: unused variable 'p_connection_update_complete_event' [-Wunused-variable]
  584 |   hci_le_connection_update_complete_event_rp0 *p_connection_update_complete_event;
      |                                                ^~~~~~~~~~~~~~~~~~~~~~~~~~~~~~~~~~
C:/STM32/.metadata/project2/BLE_p2pServer/STM32_WPAN/App/app_ble.c:582:48: warning: unused variable 'p_evt_le_phy_update_complete' [-Wunused-variable]
  582 |   hci_le_phy_update_complete_event_rp0        *p_evt_le_phy_update_complete;
      |                                                ^~~~~~~~~~~~~~~~~~~~~~~~~~~~
C:/STM32/.metadata/project2/BLE_p2pServer/STM32_WPAN/App/app_ble.c:581:48: warning: unused variable 'p_disconnection_complete_event' [-Wunused-variable]
  581 |   hci_disconnection_complete_event_rp0        *p_disconnection_complete_event;
      |                                                ^~~~~~~~~~~~~~~~~~~~~~~~~~~~~~
C:/STM32/.metadata/project2/BLE_p2pServer/STM32_WPAN/App/app_ble.c:580:48: warning: unused variable 'p_connection_complete_event' [-Wunused-variable]
  580 |   hci_le_connection_complete_event_rp0        *p_connection_complete_event;
      |                                                ^~~~~~~~~~~~~~~~~~~~~~~~~~~
C:/STM32/.metadata/project2/BLE_p2pServer/STM32_WPAN/App/app_ble.c:579:21: warning: unused variable 'ret' [-Wunused-variable]
  579 |   tBleStatus        ret = BLE_STATUS_INVALID_PARAMS;
      |                     ^~~
C:/STM32/.metadata/project2/BLE_p2pServer/STM32_WPAN/App/app_ble.c:578:29: warning: unused variable 'Rx_phy' [-Wunused-variable]
  578 |   uint8_t           Tx_phy, Rx_phy;
      |                             ^~~~~~
C:/STM32/.metadata/project2/BLE_p2pServer/STM32_WPAN/App/app_ble.c:578:21: warning: unused variable 'Tx_phy' [-Wunused-variable]
  578 |   uint8_t           Tx_phy, Rx_phy;
      |                     ^~~~~~
C:/STM32/.metadata/project2/BLE_p2pServer/STM32_WPAN/App/app_ble.c:577:22: warning: unused variable 'p_blecore_evt' [-Wunused-variable]
  577 |   evt_blecore_aci   *p_blecore_evt;
      |                      ^~~~~~~~~~~~~
C:/STM32/.metadata/project2/BLE_p2pServer/STM32_WPAN/App/app_ble.c:576:22: warning: unused variable 'p_meta_evt' [-Wunused-variable]
  576 |   evt_le_meta_event *p_meta_evt;
      |                      ^~~~~~~~~~
C:/STM32/.metadata/project2/BLE_p2pServer/STM32_WPAN/App/app_ble.c: At top level:
C:/STM32/.metadata/project2/BLE_p2pServer/STM32_WPAN/App/app_ble.c:656:5: error: expected identifier or '(' before 'case'
  656 |     case HCI_LE_META_EVT_CODE:
      |     ^~~~
C:/STM32/.metadata/project2/BLE_p2pServer/STM32_WPAN/App/app_ble.c:777:5: error: expected identifier or '(' before 'case'
  777 |     case HCI_VENDOR_SPECIFIC_DEBUG_EVT_CODE:
      |     ^~~~
C:/STM32/.metadata/project2/BLE_p2pServer/STM32_WPAN/App/app_ble.c:782:7: error: expected identifier or '(' before 'switch'
  782 |       switch (p_blecore_evt->ecode)
      |       ^~~~~~
C:/STM32/.metadata/project2/BLE_p2pServer/STM32_WPAN/App/app_ble.c:918:7: error: expected identifier or '(' before 'break'
  918 |       break; /* HCI_VENDOR_SPECIFIC_DEBUG_EVT_CODE */
      |       ^~~~~
C:/STM32/.metadata/project2/BLE_p2pServer/STM32_WPAN/App/app_ble.c:924:5: error: expected identifier or '(' before 'default'
  924 |     default:
      |     ^~~~~~~
C:/STM32/.metadata/project2/BLE_p2pServer/STM32_WPAN/App/app_ble.c:929:3: error: expected identifier or '(' before '}' token
  929 |   }
      |   ^
C:/STM32/.metadata/project2/BLE_p2pServer/STM32_WPAN/App/app_ble.c:931:3: error: expected identifier or '(' before 'return'
  931 |   return (SVCCTL_UserEvtFlowEnable);
      |   ^~~~~~
C:/STM32/.metadata/project2/BLE_p2pServer/STM32_WPAN/App/app_ble.c:932:1: error: expected identifier or '(' before '}' token
  932 | }
      | ^
C:/STM32/.metadata/project2/BLE_p2pServer/STM32_WPAN/App/app_ble.c: In function 'SVCCTL_App_Notification':
C:/STM32/.metadata/project2/BLE_p2pServer/STM32_WPAN/App/app_ble.c:654:5: warning: control reaches end of non-void function [-Wreturn-type]
  654 |     }
      |     ^
make: *** [Application/User/STM32_WPAN/App/subdir.mk:22: Application/User/STM32_WPAN/App/app_ble.o] Error 1
"make -j16 all" terminated with exit code 2. Build might be incomplete.
10:59:28 **** Incremental Build of configuration Debug for project BLE_p2pServer ****
make -j16 all 
arm-none-eabi-gcc "C:/STM32/.metadata/project2/BLE_p2pServer/STM32_WPAN/App/app_ble.c" -mcpu=cortex-m4 -std=gnu11 -g3 -DDEBUG -DUSE_STM32WB5M_DK -DSTM32WB5Mxx -DUSE_HAL_DRIVER -c -I../../Core/Inc -I../../Drivers/STM32WBxx_HAL_Driver/Inc -I../../Drivers/STM32WBxx_HAL_Driver/Inc/Legacy -I../../Drivers/CMSIS/Device/ST/STM32WBxx/Include -I../../Drivers/CMSIS/Include -I../../STM32_WPAN/App -I../../Utilities/lpm/tiny_lpm -I../../Middlewares/ST/STM32_WPAN -I../../Middlewares/ST/STM32_WPAN/interface/patterns/ble_thread -I../../Middlewares/ST/STM32_WPAN/interface/patterns/ble_thread/tl -I../../Middlewares/ST/STM32_WPAN/interface/patterns/ble_thread/shci -I../../Middlewares/ST/STM32_WPAN/utilities -I../../Middlewares/ST/STM32_WPAN/ble/core -I../../Middlewares/ST/STM32_WPAN/ble/core/auto -I../../Middlewares/ST/STM32_WPAN/ble/core/template -I../../Middlewares/ST/STM32_WPAN/ble/svc/Inc -I../../Middlewares/ST/STM32_WPAN/ble/svc/Src -I../../Utilities/sequencer -I../../Middlewares/ST/STM32_WPAN/ble -I../../Drivers/BSP/STM32WB5MM-DK -I../../Drivers/BSP/Components/ssd1315 -I../../Drivers/BSP/Components/Common -I../../Utilities/Fonts -I../../Utilities/LCD -O0 -ffunction-sections -fdata-sections -Wall -fstack-usage -fcyclomatic-complexity -MMD -MP -MF"Application/User/STM32_WPAN/App/app_ble.d" -MT"Application/User/STM32_WPAN/App/app_ble.o" --specs=nano.specs -mfpu=fpv4-sp-d16 -mfloat-abi=hard -mthumb -o "Application/User/STM32_WPAN/App/app_ble.o"
C:/STM32/.metadata/project2/BLE_p2pServer/STM32_WPAN/App/app_ble.c: In function 'SVCCTL_App_Notification':
C:/STM32/.metadata/project2/BLE_p2pServer/STM32_WPAN/App/app_ble.c:614:25: warning: implicit declaration of function 'BSP_LED_Off'; did you mean 'LED_Off'? [-Wimplicit-function-declaration]
  614 |                         BSP_LED_Off(LED2);
      |                         ^~~~~~~~~~~
      |                         LED_Off
C:/STM32/.metadata/project2/BLE_p2pServer/STM32_WPAN/App/app_ble.c:614:37: error: 'LED2' undeclared (first use in this function)
  614 |                         BSP_LED_Off(LED2);
      |                                     ^~~~
C:/STM32/.metadata/project2/BLE_p2pServer/STM32_WPAN/App/app_ble.c:614:37: note: each undeclared identifier is reported only once for each function it appears in
C:/STM32/.metadata/project2/BLE_p2pServer/STM32_WPAN/App/app_ble.c:615:25: warning: implicit declaration of function 'BSP_LED_On'; did you mean 'LED_On'? [-Wimplicit-function-declaration]
  615 |                         BSP_LED_On(LED3);
      |                         ^~~~~~~~~~
      |                         LED_On
C:/STM32/.metadata/project2/BLE_p2pServer/STM32_WPAN/App/app_ble.c:615:36: error: 'LED3' undeclared (first use in this function)
  615 |                         BSP_LED_On(LED3);
      |                                    ^~~~
C:/STM32/.metadata/project2/BLE_p2pServer/STM32_WPAN/App/app_ble.c:656:5: error: case label not within a switch statement
  656 |     case HCI_LE_META_EVT_CODE:
      |     ^~~~
C:/STM32/.metadata/project2/BLE_p2pServer/STM32_WPAN/App/app_ble.c:774:7: error: break statement not within loop or switch
  774 |       break; /* HCI_LE_META_EVT_CODE */
      |       ^~~~~
C:/STM32/.metadata/project2/BLE_p2pServer/STM32_WPAN/App/app_ble.c:777:5: error: case label not within a switch statement
  777 |     case HCI_VENDOR_SPECIFIC_DEBUG_EVT_CODE:
      |     ^~~~
C:/STM32/.metadata/project2/BLE_p2pServer/STM32_WPAN/App/app_ble.c:918:7: error: break statement not within loop or switch
  918 |       break; /* HCI_VENDOR_SPECIFIC_DEBUG_EVT_CODE */
      |       ^~~~~
C:/STM32/.metadata/project2/BLE_p2pServer/STM32_WPAN/App/app_ble.c:924:5: error: 'default' label not within a switch statement
  924 |     default:
      |     ^~~~~~~
C:/STM32/.metadata/project2/BLE_p2pServer/STM32_WPAN/App/app_ble.c:928:7: error: break statement not within loop or switch
  928 |       break;
      |       ^~~~~
C:/STM32/.metadata/project2/BLE_p2pServer/STM32_WPAN/App/app_ble.c:581:48: warning: unused variable 'p_disconnection_complete_event' [-Wunused-variable]
  581 |   hci_disconnection_complete_event_rp0        *p_disconnection_complete_event;
      |                                                ^~~~~~~~~~~~~~~~~~~~~~~~~~~~~~
C:/STM32/.metadata/project2/BLE_p2pServer/STM32_WPAN/App/app_ble.c: At top level:
C:/STM32/.metadata/project2/BLE_p2pServer/STM32_WPAN/App/app_ble.c:931:3: error: expected identifier or '(' before 'return'
  931 |   return (SVCCTL_UserEvtFlowEnable);
      |   ^~~~~~
C:/STM32/.metadata/project2/BLE_p2pServer/STM32_WPAN/App/app_ble.c:932:1: error: expected identifier or '(' before '}' token
  932 | }
      | ^
C:/STM32/.metadata/project2/BLE_p2pServer/STM32_WPAN/App/app_ble.c: In function 'SVCCTL_App_Notification':
C:/STM32/.metadata/project2/BLE_p2pServer/STM32_WPAN/App/app_ble.c:929:3: warning: control reaches end of non-void function [-Wreturn-type]
  929 |   }
      |   ^
make: *** [Application/User/STM32_WPAN/App/subdir.mk:22: Application/User/STM32_WPAN/App/app_ble.o] Error 1
"make -j16 all" terminated with exit code 2. Build might be incomplete.
11:01:34 **** Incremental Build of configuration Debug for project BLE_p2pServer ****
make -j16 all 
arm-none-eabi-gcc "C:/STM32/.metadata/project2/BLE_p2pServer/STM32_WPAN/App/app_ble.c" -mcpu=cortex-m4 -std=gnu11 -g3 -DDEBUG -DUSE_STM32WB5M_DK -DSTM32WB5Mxx -DUSE_HAL_DRIVER -c -I../../Core/Inc -I../../Drivers/STM32WBxx_HAL_Driver/Inc -I../../Drivers/STM32WBxx_HAL_Driver/Inc/Legacy -I../../Drivers/CMSIS/Device/ST/STM32WBxx/Include -I../../Drivers/CMSIS/Include -I../../STM32_WPAN/App -I../../Utilities/lpm/tiny_lpm -I../../Middlewares/ST/STM32_WPAN -I../../Middlewares/ST/STM32_WPAN/interface/patterns/ble_thread -I../../Middlewares/ST/STM32_WPAN/interface/patterns/ble_thread/tl -I../../Middlewares/ST/STM32_WPAN/interface/patterns/ble_thread/shci -I../../Middlewares/ST/STM32_WPAN/utilities -I../../Middlewares/ST/STM32_WPAN/ble/core -I../../Middlewares/ST/STM32_WPAN/ble/core/auto -I../../Middlewares/ST/STM32_WPAN/ble/core/template -I../../Middlewares/ST/STM32_WPAN/ble/svc/Inc -I../../Middlewares/ST/STM32_WPAN/ble/svc/Src -I../../Utilities/sequencer -I../../Middlewares/ST/STM32_WPAN/ble -I../../Drivers/BSP/STM32WB5MM-DK -I../../Drivers/BSP/Components/ssd1315 -I../../Drivers/BSP/Components/Common -I../../Utilities/Fonts -I../../Utilities/LCD -O0 -ffunction-sections -fdata-sections -Wall -fstack-usage -fcyclomatic-complexity -MMD -MP -MF"Application/User/STM32_WPAN/App/app_ble.d" -MT"Application/User/STM32_WPAN/App/app_ble.o" --specs=nano.specs -mfpu=fpv4-sp-d16 -mfloat-abi=hard -mthumb -o "Application/User/STM32_WPAN/App/app_ble.o"
C:/STM32/.metadata/project2/BLE_p2pServer/STM32_WPAN/App/app_ble.c: In function 'SVCCTL_App_Notification':
C:/STM32/.metadata/project2/BLE_p2pServer/STM32_WPAN/App/app_ble.c:609:9: warning: "/*" within comment [-Wcomment]
  609 |         /* USER CODE BEGIN EVT_DISCONN_COMPLETE_2 */
      |          
C:/STM32/.metadata/project2/BLE_p2pServer/STM32_WPAN/App/app_ble.c:589:20: warning: unused variable 'bdaddr' [-Wunused-variable]
  589 |     const uint8_t *bdaddr;
      |                    ^~~~~~
C:/STM32/.metadata/project2/BLE_p2pServer/STM32_WPAN/App/app_ble.c:588:10: warning: unused variable 'BdAddress' [-Wunused-variable]
  588 |     char BdAddress[20];
      |          ^~~~~~~~~
C:/STM32/.metadata/project2/BLE_p2pServer/STM32_WPAN/App/app_ble.c:584:48: warning: unused variable 'p_connection_update_complete_event' [-Wunused-variable]
  584 |   hci_le_connection_update_complete_event_rp0 *p_connection_update_complete_event;
      |                                                ^~~~~~~~~~~~~~~~~~~~~~~~~~~~~~~~~~
C:/STM32/.metadata/project2/BLE_p2pServer/STM32_WPAN/App/app_ble.c:582:48: warning: unused variable 'p_evt_le_phy_update_complete' [-Wunused-variable]
  582 |   hci_le_phy_update_complete_event_rp0        *p_evt_le_phy_update_complete;
      |                                                ^~~~~~~~~~~~~~~~~~~~~~~~~~~~
C:/STM32/.metadata/project2/BLE_p2pServer/STM32_WPAN/App/app_ble.c:581:48: warning: unused variable 'p_disconnection_complete_event' [-Wunused-variable]
  581 |   hci_disconnection_complete_event_rp0        *p_disconnection_complete_event;
      |                                                ^~~~~~~~~~~~~~~~~~~~~~~~~~~~~~
C:/STM32/.metadata/project2/BLE_p2pServer/STM32_WPAN/App/app_ble.c:580:48: warning: unused variable 'p_connection_complete_event' [-Wunused-variable]
  580 |   hci_le_connection_complete_event_rp0        *p_connection_complete_event;
      |                                                ^~~~~~~~~~~~~~~~~~~~~~~~~~~
C:/STM32/.metadata/project2/BLE_p2pServer/STM32_WPAN/App/app_ble.c:579:21: warning: unused variable 'ret' [-Wunused-variable]
  579 |   tBleStatus        ret = BLE_STATUS_INVALID_PARAMS;
      |                     ^~~
C:/STM32/.metadata/project2/BLE_p2pServer/STM32_WPAN/App/app_ble.c:578:29: warning: unused variable 'Rx_phy' [-Wunused-variable]
  578 |   uint8_t           Tx_phy, Rx_phy;
      |                             ^~~~~~
C:/STM32/.metadata/project2/BLE_p2pServer/STM32_WPAN/App/app_ble.c:578:21: warning: unused variable 'Tx_phy' [-Wunused-variable]
  578 |   uint8_t           Tx_phy, Rx_phy;
      |                     ^~~~~~
C:/STM32/.metadata/project2/BLE_p2pServer/STM32_WPAN/App/app_ble.c:577:22: warning: unused variable 'p_blecore_evt' [-Wunused-variable]
  577 |   evt_blecore_aci   *p_blecore_evt;
      |                      ^~~~~~~~~~~~~
C:/STM32/.metadata/project2/BLE_p2pServer/STM32_WPAN/App/app_ble.c:576:22: warning: unused variable 'p_meta_evt' [-Wunused-variable]
  576 |   evt_le_meta_event *p_meta_evt;
      |                      ^~~~~~~~~~
C:/STM32/.metadata/project2/BLE_p2pServer/STM32_WPAN/App/app_ble.c:575:22: warning: variable 'p_event_pckt' set but not used [-Wunused-but-set-variable]
  575 |   hci_event_pckt    *p_event_pckt;
      |                      ^~~~~~~~~~~~
C:/STM32/.metadata/project2/BLE_p2pServer/STM32_WPAN/App/app_ble.c: At top level:
C:/STM32/.metadata/project2/BLE_p2pServer/STM32_WPAN/App/app_ble.c:627:7: warning: "/*" within comment [-Wcomment]
  627 |       /* USER CODE BEGIN EVT_DISCONN_COMPLETE */
      |        
C:/STM32/.metadata/project2/BLE_p2pServer/STM32_WPAN/App/app_ble.c:636:7: warning: "/*" within comment [-Wcomment]
  636 |       /* USER CODE END EVT_DISCONN_COMPLETE */
      |        
C:/STM32/.metadata/project2/BLE_p2pServer/STM32_WPAN/App/app_ble.c:637:16: warning: "/*" within comment [-Wcomment]
  637 |       /*break; /* HCI_DISCONNECTION_COMPLETE_EVT_CODE */
      |                 
C:/STM32/.metadata/project2/BLE_p2pServer/STM32_WPAN/App/app_ble.c:643:1: error: expected identifier or '(' before 'case'
  643 | case HCI_DISCONNECTION_COMPLETE_EVT_CODE:
      | ^~~~
C:/STM32/.metadata/project2/BLE_p2pServer/STM32_WPAN/App/app_ble.c:689:5: error: expected identifier or '(' before 'break'
  689 |     break; /* HCI_DISCONNECTION_COMPLETE_EVT_CODE */
      |     ^~~~~
C:/STM32/.metadata/project2/BLE_p2pServer/STM32_WPAN/App/app_ble.c:692:5: error: expected identifier or '(' before 'case'
  692 |     case HCI_LE_META_EVT_CODE:
      |     ^~~~
C:/STM32/.metadata/project2/BLE_p2pServer/STM32_WPAN/App/app_ble.c:813:5: error: expected identifier or '(' before 'case'
  813 |     case HCI_VENDOR_SPECIFIC_DEBUG_EVT_CODE:
      |     ^~~~
C:/STM32/.metadata/project2/BLE_p2pServer/STM32_WPAN/App/app_ble.c:818:7: error: expected identifier or '(' before 'switch'
  818 |       switch (p_blecore_evt->ecode)
      |       ^~~~~~
C:/STM32/.metadata/project2/BLE_p2pServer/STM32_WPAN/App/app_ble.c:954:7: error: expected identifier or '(' before 'break'
  954 |       break; /* HCI_VENDOR_SPECIFIC_DEBUG_EVT_CODE */
      |       ^~~~~
C:/STM32/.metadata/project2/BLE_p2pServer/STM32_WPAN/App/app_ble.c:960:5: error: expected identifier or '(' before 'default'
  960 |     default:
      |     ^~~~~~~
C:/STM32/.metadata/project2/BLE_p2pServer/STM32_WPAN/App/app_ble.c:965:3: error: expected identifier or '(' before '}' token
  965 |   }
      |   ^
C:/STM32/.metadata/project2/BLE_p2pServer/STM32_WPAN/App/app_ble.c:967:3: error: expected identifier or '(' before 'return'
  967 |   return (SVCCTL_UserEvtFlowEnable);
      |   ^~~~~~
C:/STM32/.metadata/project2/BLE_p2pServer/STM32_WPAN/App/app_ble.c:968:1: error: expected identifier or '(' before '}' token
  968 | }
      | ^
C:/STM32/.metadata/project2/BLE_p2pServer/STM32_WPAN/App/app_ble.c: In function 'SVCCTL_App_Notification':
C:/STM32/.metadata/project2/BLE_p2pServer/STM32_WPAN/App/app_ble.c:612:7: warning: control reaches end of non-void function [-Wreturn-type]
  612 |       }
      |       ^
make: *** [Application/User/STM32_WPAN/App/subdir.mk:22: Application/User/STM32_WPAN/App/app_ble.o] Error 1
"make -j16 all" terminated with exit code 2. Build might be incomplete.
06:37:26 **** Incremental Build of configuration Debug for project BLE_p2pServer ****
make -j16 all 
arm-none-eabi-gcc "C:/STM32/.metadata/project2/BLE_p2pServer/STM32_WPAN/App/app_ble.c" -mcpu=cortex-m4 -std=gnu11 -g3 -DDEBUG -DUSE_STM32WB5M_DK -DSTM32WB5Mxx -DUSE_HAL_DRIVER -c -I../../Core/Inc -I../../Drivers/STM32WBxx_HAL_Driver/Inc -I../../Drivers/STM32WBxx_HAL_Driver/Inc/Legacy -I../../Drivers/CMSIS/Device/ST/STM32WBxx/Include -I../../Drivers/CMSIS/Include -I../../STM32_WPAN/App -I../../Utilities/lpm/tiny_lpm -I../../Middlewares/ST/STM32_WPAN -I../../Middlewares/ST/STM32_WPAN/interface/patterns/ble_thread -I../../Middlewares/ST/STM32_WPAN/interface/patterns/ble_thread/tl -I../../Middlewares/ST/STM32_WPAN/interface/patterns/ble_thread/shci -I../../Middlewares/ST/STM32_WPAN/utilities -I../../Middlewares/ST/STM32_WPAN/ble/core -I../../Middlewares/ST/STM32_WPAN/ble/core/auto -I../../Middlewares/ST/STM32_WPAN/ble/core/template -I../../Middlewares/ST/STM32_WPAN/ble/svc/Inc -I../../Middlewares/ST/STM32_WPAN/ble/svc/Src -I../../Utilities/sequencer -I../../Middlewares/ST/STM32_WPAN/ble -I../../Drivers/BSP/STM32WB5MM-DK -I../../Drivers/BSP/Components/ssd1315 -I../../Drivers/BSP/Components/Common -I../../Utilities/Fonts -I../../Utilities/LCD -O0 -ffunction-sections -fdata-sections -Wall -fstack-usage -fcyclomatic-complexity -MMD -MP -MF"Application/User/STM32_WPAN/App/app_ble.d" -MT"Application/User/STM32_WPAN/App/app_ble.o" --specs=nano.specs -mfpu=fpv4-sp-d16 -mfloat-abi=hard -mthumb -o "Application/User/STM32_WPAN/App/app_ble.o"
arm-none-eabi-gcc -o "BLE_p2pServer.elf" @"objects.list"   -mcpu=cortex-m4 -T"C:\STM32\.metadata\project2\BLE_p2pServer\STM32CubeIDE\STM32WB5MMGHX_FLASH.ld" --specs=nosys.specs -Wl,-Map="BLE_p2pServer.map" -Wl,--gc-sections -static --specs=nano.specs -mfpu=fpv4-sp-d16 -mfloat-abi=hard -mthumb -u _printf_float -Wl,--start-group -lc -lm -Wl,--end-group
Finished building target: BLE_p2pServer.elf
 
arm-none-eabi-size  BLE_p2pServer.elf 
arm-none-eabi-objdump -h -S BLE_p2pServer.elf  > "BLE_p2pServer.list"
arm-none-eabi-objcopy  -O ihex BLE_p2pServer.elf  "BLE_p2pServer.hex"
   text	   data	    bss	    dec	    hex	filename
  89040	    690	  14895	 104625	  198b1	BLE_p2pServer.elf
Finished building: default.size.stdout
 
Finished building: BLE_p2pServer.hex
 
Finished building: BLE_p2pServer.list
 
